Component: ARM Compiler 5.06 update 7 (build 960) Tool: armlink [4d3601]

==============================================================================

Section Cross References

    startup_stm32f303xc.o(STACK) refers (Special) to heapauxi.o(.text) for __use_two_region_memory
    startup_stm32f303xc.o(HEAP) refers (Special) to heapauxi.o(.text) for __use_two_region_memory
    startup_stm32f303xc.o(RESET) refers (Special) to heapauxi.o(.text) for __use_two_region_memory
    startup_stm32f303xc.o(RESET) refers to startup_stm32f303xc.o(STACK) for __initial_sp
    startup_stm32f303xc.o(RESET) refers to startup_stm32f303xc.o(.text) for Reset_Handler
    startup_stm32f303xc.o(RESET) refers to stm32f3xx_it.o(i.NMI_Handler) for NMI_Handler
    startup_stm32f303xc.o(RESET) refers to stm32f3xx_it.o(i.HardFault_Handler) for HardFault_Handler
    startup_stm32f303xc.o(RESET) refers to stm32f3xx_it.o(i.MemManage_Handler) for MemManage_Handler
    startup_stm32f303xc.o(RESET) refers to stm32f3xx_it.o(i.BusFault_Handler) for BusFault_Handler
    startup_stm32f303xc.o(RESET) refers to stm32f3xx_it.o(i.UsageFault_Handler) for UsageFault_Handler
    startup_stm32f303xc.o(RESET) refers to port.o(.emb_text) for SVC_Handler
    startup_stm32f303xc.o(RESET) refers to stm32f3xx_it.o(i.DebugMon_Handler) for DebugMon_Handler
    startup_stm32f303xc.o(RESET) refers to port.o(i.SysTick_Handler) for SysTick_Handler
    startup_stm32f303xc.o(RESET) refers to stm32f3xx_it.o(i.TIM3_IRQHandler) for TIM3_IRQHandler
    startup_stm32f303xc.o(.text) refers (Special) to heapauxi.o(.text) for __use_two_region_memory
    startup_stm32f303xc.o(.text) refers to system_stm32f3xx.o(i.SystemInit) for SystemInit
    startup_stm32f303xc.o(.text) refers to __main.o(!!!main) for __main
    startup_stm32f303xc.o(.text) refers to startup_stm32f303xc.o(HEAP) for Heap_Mem
    startup_stm32f303xc.o(.text) refers to startup_stm32f303xc.o(STACK) for Stack_Mem
    main.o(i.HAL_TIM_PeriodElapsedCallback) refers to stm32f3xx_hal.o(i.HAL_IncTick) for HAL_IncTick
    main.o(i.MX_GPIO_Init) refers to rt_memclr_w.o(.text) for __aeabi_memclr4
    main.o(i.MX_GPIO_Init) refers to stm32f3xx_hal_gpio.o(i.HAL_GPIO_WritePin) for HAL_GPIO_WritePin
    main.o(i.MX_GPIO_Init) refers to stm32f3xx_hal_gpio.o(i.HAL_GPIO_Init) for HAL_GPIO_Init
    main.o(i.MX_I2C1_Init) refers to stm32f3xx_hal_i2c.o(i.HAL_I2C_Init) for HAL_I2C_Init
    main.o(i.MX_I2C1_Init) refers to stm32f3xx_hal_i2c_ex.o(i.HAL_I2CEx_ConfigAnalogFilter) for HAL_I2CEx_ConfigAnalogFilter
    main.o(i.MX_I2C1_Init) refers to stm32f3xx_hal_i2c_ex.o(i.HAL_I2CEx_ConfigDigitalFilter) for HAL_I2CEx_ConfigDigitalFilter
    main.o(i.MX_I2C1_Init) refers to main.o(.bss) for .bss
    main.o(i.MX_SPI1_Init) refers to stm32f3xx_hal_spi.o(i.HAL_SPI_Init) for HAL_SPI_Init
    main.o(i.MX_SPI1_Init) refers to main.o(.bss) for .bss
    main.o(i.MX_USART1_UART_Init) refers to stm32f3xx_hal_uart.o(i.HAL_UART_Init) for HAL_UART_Init
    main.o(i.MX_USART1_UART_Init) refers to main.o(.bss) for .bss
    main.o(i.SystemClock_Config) refers to rt_memclr_w.o(.text) for __aeabi_memclr4
    main.o(i.SystemClock_Config) refers to stm32f3xx_hal_rcc.o(i.HAL_RCC_OscConfig) for HAL_RCC_OscConfig
    main.o(i.SystemClock_Config) refers to stm32f3xx_hal_rcc.o(i.HAL_RCC_ClockConfig) for HAL_RCC_ClockConfig
    main.o(i.SystemClock_Config) refers to stm32f3xx_hal_rcc_ex.o(i.HAL_RCCEx_PeriphCLKConfig) for HAL_RCCEx_PeriphCLKConfig
    main.o(i.main) refers to stm32f3xx_hal.o(i.HAL_Init) for HAL_Init
    main.o(i.main) refers to main.o(i.SystemClock_Config) for SystemClock_Config
    main.o(i.main) refers to main.o(i.MX_GPIO_Init) for MX_GPIO_Init
    main.o(i.main) refers to main.o(i.MX_I2C1_Init) for MX_I2C1_Init
    main.o(i.main) refers to main.o(i.MX_SPI1_Init) for MX_SPI1_Init
    main.o(i.main) refers to stm32f3xx_hal_pcd.o(i.HAL_PCD_Init) for HAL_PCD_Init
    main.o(i.main) refers to main.o(i.MX_USART1_UART_Init) for MX_USART1_UART_Init
    main.o(i.main) refers to queue.o(i.xQueueGenericCreate) for xQueueGenericCreate
    main.o(i.main) refers to queue.o(i.xQueueCreateMutex) for xQueueCreateMutex
    main.o(i.main) refers to tasks.o(i.xTaskCreate) for xTaskCreate
    main.o(i.main) refers to tasks.o(i.vTaskStartScheduler) for vTaskStartScheduler
    main.o(i.main) refers to main.o(.bss) for .bss
    main.o(i.main) refers to main.o(.data) for .data
    main.o(i.main) refers to main.o(i.vTaskCode_ONE) for vTaskCode_ONE
    main.o(i.main) refers to main.o(i.vTaskCode_TWO) for vTaskCode_TWO
    main.o(i.main) refers to main.o(i.vTaskCode_UART) for vTaskCode_UART
    main.o(i.vTaskCode_ONE) refers to stm32f3xx_hal_gpio.o(i.HAL_GPIO_ReadPin) for HAL_GPIO_ReadPin
    main.o(i.vTaskCode_ONE) refers to stm32f3xx_hal.o(i.HAL_GetTick) for HAL_GetTick
    main.o(i.vTaskCode_ONE) refers to rt_memcpy_w.o(.text) for __aeabi_memcpy4
    main.o(i.vTaskCode_ONE) refers to queue.o(i.xQueueSemaphoreTake) for xQueueSemaphoreTake
[...]
    .ARM.Collect$$libinit$$00000032          0x0800020c   Section        0  libinit2.o(.ARM.Collect$$libinit$$00000032)
    .ARM.Collect$$libinit$$00000033          0x0800020c   Section        2  libinit2.o(.ARM.Collect$$libinit$$00000033)
    .ARM.Collect$$libshutdown$$00000000      0x0800020e   Section        2  libshutdown.o(.ARM.Collect$$libshutdown$$00000000)
    .ARM.Collect$$libshutdown$$00000002      0x08000210   Section        0  libshutdown2.o(.ARM.Collect$$libshutdown$$00000002)
    .ARM.Collect$$libshutdown$$00000004      0x08000210   Section        0  libshutdown2.o(.ARM.Collect$$libshutdown$$00000004)
    .ARM.Collect$$libshutdown$$00000006      0x08000210   Section        0  libshutdown2.o(.ARM.Collect$$libshutdown$$00000006)
    .ARM.Collect$$libshutdown$$00000009      0x08000210   Section        0  libshutdown2.o(.ARM.Collect$$libshutdown$$00000009)
    .ARM.Collect$$libshutdown$$0000000C      0x08000210   Section        0  libshutdown2.o(.ARM.Collect$$libshutdown$$0000000C)
    .ARM.Collect$$libshutdown$$0000000E      0x08000210   Section        0  libshutdown2.o(.ARM.Collect$$libshutdown$$0000000E)
    .ARM.Collect$$libshutdown$$00000011      0x08000210   Section        0  libshutdown2.o(.ARM.Collect$$libshutdown$$00000011)
    .ARM.Collect$$libshutdown$$00000012      0x08000210   Section        2  libshutdown2.o(.ARM.Collect$$libshutdown$$00000012)
    .ARM.Collect$$rtentry$$00000000          0x08000212   Section        0  __rtentry.o(.ARM.Collect$$rtentry$$00000000)
    .ARM.Collect$$rtentry$$00000002          0x08000212   Section        0  __rtentry2.o(.ARM.Collect$$rtentry$$00000002)
    .ARM.Collect$$rtentry$$00000004          0x08000212   Section        6  __rtentry4.o(.ARM.Collect$$rtentry$$00000004)
    .ARM.Collect$$rtentry$$00000009          0x08000218   Section        0  __rtentry2.o(.ARM.Collect$$rtentry$$00000009)
    .ARM.Collect$$rtentry$$0000000A          0x08000218   Section        4  __rtentry2.o(.ARM.Collect$$rtentry$$0000000A)
    .ARM.Collect$$rtentry$$0000000C          0x0800021c   Section        0  __rtentry2.o(.ARM.Collect$$rtentry$$0000000C)
    .ARM.Collect$$rtentry$$0000000D          0x0800021c   Section        8  __rtentry2.o(.ARM.Collect$$rtentry$$0000000D)
    .ARM.Collect$$rtexit$$00000000           0x08000224   Section        2  rtexit.o(.ARM.Collect$$rtexit$$00000000)
    .ARM.Collect$$rtexit$$00000002           0x08000226   Section        0  rtexit2.o(.ARM.Collect$$rtexit$$00000002)
    .ARM.Collect$$rtexit$$00000003           0x08000226   Section        4  rtexit2.o(.ARM.Collect$$rtexit$$00000003)
    .ARM.Collect$$rtexit$$00000004           0x0800022a   Section        6  rtexit2.o(.ARM.Collect$$rtexit$$00000004)
    .emb_text                                0x08000230   Section      190  port.o(.emb_text)
    $v0                                      0x08000230   Number         0  port.o(.emb_text)
    .text                                    0x080002f0   Section       64  startup_stm32f303xc.o(.text)
    $v0                                      0x080002f0   Number         0  startup_stm32f303xc.o(.text)
    .text                                    0x08000330   Section      238  lludivv7m.o(.text)
    .text                                    0x08000420   Section        0  noretval__2sprintf.o(.text)
    .text                                    0x08000448   Section        0  __printf.o(.text)
    .text                                    0x080004b0   Section        0  _printf_dec.o(.text)
    .text                                    0x08000528   Section        0  strlen.o(.text)
    .text                                    0x08000566   Section      138  rt_memcpy_v6.o(.text)
    .text                                    0x080005f0   Section      100  rt_memcpy_w.o(.text)
    .text                                    0x08000654   Section       78  rt_memclr_w.o(.text)
    .text                                    0x080006a2   Section        0  heapauxi.o(.text)
    .text                                    0x080006a8   Section        0  _printf_intcommon.o(.text)
    .text                                    0x0800075c   Section        0  _printf_char_common.o(.text)
    _printf_input_char                       0x0800075d   Thumb Code    10  _printf_char_common.o(.text)
    .text                                    0x0800078c   Section        0  _sputc.o(.text)
    .text                                    0x08000796   Section       74  sys_stackheap_outer.o(.text)
    .text                                    0x080007e0   Section        0  exit.o(.text)
    .text                                    0x080007f4   Section        8  libspace.o(.text)
    .text                                    0x080007fc   Section        0  sys_exit.o(.text)
    .text                                    0x08000808   Section        2  use_no_semi.o(.text)
    .text                                    0x0800080a   Section        0  indicate_semi.o(.text)
    i.BusFault_Handler                       0x0800080a   Section        0  stm32f3xx_it.o(i.BusFault_Handler)
    i.DebugMon_Handler                       0x0800080c   Section        0  stm32f3xx_it.o(i.DebugMon_Handler)
    i.HAL_GPIO_Init                          0x08000810   Section        0  stm32f3xx_hal_gpio.o(i.HAL_GPIO_Init)
    i.HAL_GPIO_ReadPin                       0x080009e0   Section        0  stm32f3xx_hal_gpio.o(i.HAL_GPIO_ReadPin)
    i.HAL_GPIO_WritePin                      0x080009ea   Section        0  stm32f3xx_hal_gpio.o(i.HAL_GPIO_WritePin)
    i.HAL_GetTick                            0x080009f4   Section        0  stm32f3xx_hal.o(i.HAL_GetTick)
    i.HAL_I2CEx_ConfigAnalogFilter           0x08000a00   Section        0  stm32f3xx_hal_i2c_ex.o(i.HAL_I2CEx_ConfigAnalogFilter)
    i.HAL_I2CEx_ConfigDigitalFilter          0x08000a56   Section        0  stm32f3xx_hal_i2c_ex.o(i.HAL_I2CEx_ConfigDigitalFilter)
    i.HAL_I2C_Init                           0x08000aa8   Section        0  stm32f3xx_hal_i2c.o(i.HAL_I2C_Init)
    i.HAL_I2C_MspInit                        0x08000b60   Section        0  stm32f3xx_hal_msp.o(i.HAL_I2C_MspInit)
    i.HAL_IncTick                            0x08000bc4   Section        0  stm32f3xx_hal.o(i.HAL_IncTick)
    i.HAL_Init                               0x08000bd4   Section        0  stm32f3xx_hal.o(i.HAL_Init)
    i.HAL_InitTick                           0x08000bf8   Section        0  stm32f3xx_hal_timebase_tim.o(i.HAL_InitTick)
    i.HAL_MspInit                            0x08000c6c   Section        0  stm32f3xx_hal_msp.o(i.HAL_MspInit)
    i.HAL_NVIC_EnableIRQ                     0x08000c98   Section        0  stm32f3xx_hal_cortex.o(i.HAL_NVIC_EnableIRQ)
    i.HAL_NVIC_SetPriority                   0x08000cb4   Section        0  stm32f3xx_hal_cortex.o(i.HAL_NVIC_SetPriority)
    i.HAL_NVIC_SetPriorityGrouping           0x08000cf4   Section        0  stm32f3xx_hal_cortex.o(i.HAL_NVIC_SetPriorityGrouping)
    i.HAL_PCD_Init                           0x08000d18   Section        0  stm32f3xx_hal_pcd.o(i.HAL_PCD_Init)
    i.HAL_PCD_MspInit                        0x08000dc0   Section        0  stm32f3xx_hal_msp.o(i.HAL_PCD_MspInit)
    i.HAL_RCCEx_PeriphCLKConfig              0x08000e24   Section        0  stm32f3xx_hal_rcc_ex.o(i.HAL_RCCEx_PeriphCLKConfig)
    i.HAL_RCC_ClockConfig                    0x0800103c   Section        0  stm32f3xx_hal_rcc.o(i.HAL_RCC_ClockConfig)
    i.HAL_RCC_GetClockConfig                 0x08001184   Section        0  stm32f3xx_hal_rcc.o(i.HAL_RCC_GetClockConfig)
    i.HAL_RCC_GetPCLK1Freq                   0x080011c4   Section        0  stm32f3xx_hal_rcc.o(i.HAL_RCC_GetPCLK1Freq)
    i.HAL_RCC_GetPCLK2Freq                   0x080011f4   Section        0  stm32f3xx_hal_rcc.o(i.HAL_RCC_GetPCLK2Freq)
    i.HAL_RCC_GetSysClockFreq                0x08001224   Section        0  stm32f3xx_hal_rcc.o(i.HAL_RCC_GetSysClockFreq)
    i.HAL_RCC_OscConfig                      0x08001290   Section        0  stm32f3xx_hal_rcc.o(i.HAL_RCC_OscConfig)
    i.HAL_SPI_Init                           0x08001858   Section        0  stm32f3xx_hal_spi.o(i.HAL_SPI_Init)
    i.HAL_SPI_MspInit                        0x08001944   Section        0  stm32f3xx_hal_msp.o(i.HAL_SPI_MspInit)
    i.HAL_TIMEx_Break2Callback               0x080019a8   Section        0  stm32f3xx_hal_tim_ex.o(i.HAL_TIMEx_Break2Callback)
    i.HAL_TIMEx_BreakCallback                0x080019aa   Section        0  stm32f3xx_hal_tim_ex.o(i.HAL_TIMEx_BreakCallback)
    i.HAL_TIMEx_CommutCallback               0x080019ac   Section        0  stm32f3xx_hal_tim_ex.o(i.HAL_TIMEx_CommutCallback)
    i.HAL_TIM_Base_Init                      0x080019ae   Section        0  stm32f3xx_hal_tim.o(i.HAL_TIM_Base_Init)
    i.HAL_TIM_Base_MspInit                   0x08001a10   Section        0  stm32f3xx_hal_tim.o(i.HAL_TIM_Base_MspInit)
    i.HAL_TIM_Base_Start_IT                  0x08001a14   Section        0  stm32f3xx_hal_tim.o(i.HAL_TIM_Base_Start_IT)
    i.HAL_TIM_IC_CaptureCallback             0x08001a8c   Section        0  stm32f3xx_hal_tim.o(i.HAL_TIM_IC_CaptureCallback)
    i.HAL_TIM_IRQHandler                     0x08001a8e   Section        0  stm32f3xx_hal_tim.o(i.HAL_TIM_IRQHandler)
    i.HAL_TIM_OC_DelayElapsedCallback        0x08001c12   Section        0  stm32f3xx_hal_tim.o(i.HAL_TIM_OC_DelayElapsedCallback)
    i.HAL_TIM_PWM_PulseFinishedCallback      0x08001c14   Section        0  stm32f3xx_hal_tim.o(i.HAL_TIM_PWM_PulseFinishedCallback)
    i.HAL_TIM_PeriodElapsedCallback          0x08001c18   Section        0  main.o(i.HAL_TIM_PeriodElapsedCallback)
    i.HAL_TIM_TriggerCallback                0x08001c2c   Section        0  stm32f3xx_hal_tim.o(i.HAL_TIM_TriggerCallback)
    i.HAL_UART_Init                          0x08001c2e   Section        0  stm32f3xx_hal_uart.o(i.HAL_UART_Init)
    i.HAL_UART_MspInit                       0x08001c94   Section        0  stm32f3xx_hal_msp.o(i.HAL_UART_MspInit)
    i.HAL_UART_Transmit                      0x08001cf8   Section        0  stm32f3xx_hal_uart.o(i.HAL_UART_Transmit)
    i.HardFault_Handler                      0x08001dae   Section        0  stm32f3xx_it.o(i.HardFault_Handler)
    i.MX_GPIO_Init                           0x08001db0   Section        0  main.o(i.MX_GPIO_Init)
    MX_GPIO_Init                             0x08001db1   Thumb Code   170  main.o(i.MX_GPIO_Init)
    i.MX_I2C1_Init                           0x08001e64   Section        0  main.o(i.MX_I2C1_Init)
    MX_I2C1_Init                             0x08001e65   Thumb Code    72  main.o(i.MX_I2C1_Init)
    i.MX_SPI1_Init                           0x08001eb8   Section        0  main.o(i.MX_SPI1_Init)
    MX_SPI1_Init                             0x08001eb9   Thumb Code    66  main.o(i.MX_SPI1_Init)
    i.MX_USART1_UART_Init                    0x08001f04   Section        0  main.o(i.MX_USART1_UART_Init)
    MX_USART1_UART_Init                      0x08001f05   Thumb Code    48  main.o(i.MX_USART1_UART_Init)
    i.MemManage_Handler                      0x08001f3c   Section        0  stm32f3xx_it.o(i.MemManage_Handler)
    i.NMI_Handler                            0x08001f3e   Section        0  stm32f3xx_it.o(i.NMI_Handler)
    i.SysTick_Handler                        0x08001f40   Section        0  port.o(i.SysTick_Handler)
    i.SystemClock_Config                     0x08001f6c   Section        0  main.o(i.SystemClock_Config)
    i.SystemInit                             0x08001ff8   Section        0  system_stm32f3xx.o(i.SystemInit)
    i.TIM3_IRQHandler                        0x08002008   Section        0  stm32f3xx_it.o(i.TIM3_IRQHandler)
    i.TIM_Base_SetConfig                     0x08002014   Section        0  stm32f3xx_hal_tim.o(i.TIM_Base_SetConfig)
    i.UART_AdvFeatureConfig                  0x080020c4   Section        0  stm32f3xx_hal_uart.o(i.UART_AdvFeatureConfig)
    i.UART_CheckIdleState                    0x0800218c   Section        0  stm32f3xx_hal_uart.o(i.UART_CheckIdleState)
    i.UART_SetConfig                         0x080021e8   Section        0  stm32f3xx_hal_uart.o(i.UART_SetConfig)
    i.UART_WaitOnFlagUntilTimeout            0x080023b0   Section        0  stm32f3xx_hal_uart.o(i.UART_WaitOnFlagUntilTimeout)
    i.USB_DevInit                            0x08002476   Section        0  stm32f3xx_ll_usb.o(i.USB_DevInit)
    i.USB_DisableGlobalInt                   0x08002488   Section        0  stm32f3xx_ll_usb.o(i.USB_DisableGlobalInt)
    i.UsageFault_Handler                     0x08002496   Section        0  stm32f3xx_it.o(i.UsageFault_Handler)
    i.__NVIC_SetPriority                     0x08002498   Section        0  stm32f3xx_hal_cortex.o(i.__NVIC_SetPriority)
    __NVIC_SetPriority                       0x08002499   Thumb Code    32  stm32f3xx_hal_cortex.o(i.__NVIC_SetPriority)
    i.main                                   0x080024b8   Section        0  main.o(i.main)
    i.prvAddCurrentTaskToDelayedList         0x08002584   Section        0  tasks.o(i.prvAddCurrentTaskToDelayedList)
    prvAddCurrentTaskToDelayedList           0x08002585   Thumb Code   110  tasks.o(i.prvAddCurrentTaskToDelayedList)
    i.prvAddNewTaskToReadyList               0x080025fc   Section        0  tasks.o(i.prvAddNewTaskToReadyList)
    prvAddNewTaskToReadyList                 0x080025fd   Thumb Code   224  tasks.o(i.prvAddNewTaskToReadyList)
    i.prvCheckForValidListAndQueue           0x080026e8   Section        0  timers.o(i.prvCheckForValidListAndQueue)
    prvCheckForValidListAndQueue             0x080026e9   Thumb Code    62  timers.o(i.prvCheckForValidListAndQueue)
    i.prvCopyDataFromQueue                   0x08002738   Section        0  queue.o(i.prvCopyDataFromQueue)
    prvCopyDataFromQueue                     0x08002739   Thumb Code    38  queue.o(i.prvCopyDataFromQueue)
    i.prvCopyDataToQueue                     0x0800275e   Section        0  queue.o(i.prvCopyDataToQueue)
    prvCopyDataToQueue                       0x0800275f   Thumb Code   108  queue.o(i.prvCopyDataToQueue)
    i.prvDeleteTCB                           0x080027ca   Section        0  tasks.o(i.prvDeleteTCB)
    prvDeleteTCB                             0x080027cb   Thumb Code    20  tasks.o(i.prvDeleteTCB)
    i.prvHeapInit                            0x080027e0   Section        0  heap_4.o(i.prvHeapInit)
    prvHeapInit                              0x080027e1   Thumb Code    66  heap_4.o(i.prvHeapInit)
    i.prvIdleTask                            0x0800282c   Section        0  tasks.o(i.prvIdleTask)
    prvIdleTask                              0x0800282d   Thumb Code    82  tasks.o(i.prvIdleTask)
    i.prvInitialiseNewTask                   0x0800288c   Section        0  tasks.o(i.prvInitialiseNewTask)
    prvInitialiseNewTask                     0x0800288d   Thumb Code   128  tasks.o(i.prvInitialiseNewTask)
    i.prvInsertBlockIntoFreeList             0x0800290c   Section        0  heap_4.o(i.prvInsertBlockIntoFreeList)
    prvInsertBlockIntoFreeList               0x0800290d   Thumb Code    72  heap_4.o(i.prvInsertBlockIntoFreeList)
    i.prvInsertTimerInActiveList             0x08002958   Section        0  timers.o(i.prvInsertTimerInActiveList)
    prvInsertTimerInActiveList               0x08002959   Thumb Code    52  timers.o(i.prvInsertTimerInActiveList)
    i.prvIsQueueEmpty                        0x08002990   Section        0  queue.o(i.prvIsQueueEmpty)
    prvIsQueueEmpty                          0x08002991   Thumb Code    28  queue.o(i.prvIsQueueEmpty)
    i.prvProcessExpiredTimer                 0x080029ac   Section        0  timers.o(i.prvProcessExpiredTimer)
    prvProcessExpiredTimer                   0x080029ad   Thumb Code    58  timers.o(i.prvProcessExpiredTimer)
    i.prvProcessReceivedCommands             0x080029ec   Section        0  timers.o(i.prvProcessReceivedCommands)
    prvProcessReceivedCommands               0x080029ed   Thumb Code   222  timers.o(i.prvProcessReceivedCommands)
    i.prvProcessTimerOrBlockTask             0x08002ad0   Section        0  timers.o(i.prvProcessTimerOrBlockTask)
    prvProcessTimerOrBlockTask               0x08002ad1   Thumb Code    98  timers.o(i.prvProcessTimerOrBlockTask)
    i.prvReloadTimer                         0x08002b3c   Section        0  timers.o(i.prvReloadTimer)
    prvReloadTimer                           0x08002b3d   Thumb Code    40  timers.o(i.prvReloadTimer)
    i.prvResetNextTaskUnblockTime            0x08002b64   Section        0  tasks.o(i.prvResetNextTaskUnblockTime)
    prvResetNextTaskUnblockTime              0x08002b65   Thumb Code    24  tasks.o(i.prvResetNextTaskUnblockTime)
    i.prvSampleTimeNow                       0x08002b80   Section        0  timers.o(i.prvSampleTimeNow)
    prvSampleTimeNow                         0x08002b81   Thumb Code    66  timers.o(i.prvSampleTimeNow)
    i.prvTaskExitError                       0x08002bc8   Section        0  port.o(i.prvTaskExitError)
    prvTaskExitError                         0x08002bc9   Thumb Code    16  port.o(i.prvTaskExitError)
    i.prvTimerTask                           0x08002bd8   Section        0  timers.o(i.prvTimerTask)
    prvTimerTask                             0x08002bd9   Thumb Code    32  timers.o(i.prvTimerTask)
    i.prvUnlockQueue                         0x08002bfc   Section        0  queue.o(i.prvUnlockQueue)
    prvUnlockQueue                           0x08002bfd   Thumb Code   106  queue.o(i.prvUnlockQueue)
    i.pvPortMalloc                           0x08002c68   Section        0  heap_4.o(i.pvPortMalloc)
    i.pvTaskIncrementMutexHeldCount          0x08002d18   Section        0  tasks.o(i.pvTaskIncrementMutexHeldCount)
    i.pxPortInitialiseStack                  0x08002d30   Section        0  port.o(i.pxPortInitialiseStack)
    i.ulTaskGenericNotifyTake                0x08002d5c   Section        0  tasks.o(i.ulTaskGenericNotifyTake)
    i.uxListRemove                           0x08002de0   Section        0  list.o(i.uxListRemove)
    i.vListInitialise                        0x08002e06   Section        0  list.o(i.vListInitialise)
    i.vListInitialiseItem                    0x08002e1c   Section        0  list.o(i.vListInitialiseItem)
    i.vListInsert                            0x08002e22   Section        0  list.o(i.vListInsert)
    i.vPortEnterCritical                     0x08002e54   Section        0  port.o(i.vPortEnterCritical)
    i.vPortExitCritical                      0x08002e70   Section        0  port.o(i.vPortExitCritical)
    i.vPortFree                              0x08002e84   Section        0  heap_4.o(i.vPortFree)
    i.vPortSetupTimerInterrupt               0x08002ec8   Section        0  port.o(i.vPortSetupTimerInterrupt)
    i.vQueueAddToRegistry                    0x08002ee0   Section        0  queue.o(i.vQueueAddToRegistry)
    i.vQueueWaitForMessageRestricted         0x08002f1c   Section        0  queue.o(i.vQueueWaitForMessageRestricted)
    i.vTaskCode_ONE                          0x08002f60   Section        0  main.o(i.vTaskCode_ONE)
    i.vTaskCode_TWO                          0x08002ff8   Section        0  main.o(i.vTaskCode_TWO)
    i.vTaskCode_UART                         0x08003090   Section        0  main.o(i.vTaskCode_UART)
    i.vTaskDelay                             0x0800314c   Section        0  tasks.o(i.vTaskDelay)
    i.vTaskInternalSetTimeOutState           0x0800317c   Section        0  tasks.o(i.vTaskInternalSetTimeOutState)
    i.vTaskMissedYield                       0x0800318c   Section        0  tasks.o(i.vTaskMissedYield)
    i.vTaskPlaceOnEventList                  0x08003198   Section        0  tasks.o(i.vTaskPlaceOnEventList)
    i.vTaskPlaceOnEventListRestricted        0x080031b8   Section        0  tasks.o(i.vTaskPlaceOnEventListRestricted)
    i.vTaskPriorityDisinheritAfterTimeout    0x080031f8   Section        0  tasks.o(i.vTaskPriorityDisinheritAfterTimeout)
    i.vTaskStartScheduler                    0x08003280   Section        0  tasks.o(i.vTaskStartScheduler)
    i.vTaskSuspendAll                        0x080032d8   Section        0  tasks.o(i.vTaskSuspendAll)
    i.vTaskSwitchContext                     0x080032e8   Section        0  tasks.o(i.vTaskSwitchContext)
    i.xPortStartScheduler                    0x08003338   Section        0  port.o(i.xPortStartScheduler)
    i.xQueueCreateMutex                      0x08003378   Section        0  queue.o(i.xQueueCreateMutex)
    i.xQueueGenericCreate                    0x0800339c   Section        0  queue.o(i.xQueueGenericCreate)
    i.xQueueGenericReset                     0x080033e4   Section        0  queue.o(i.xQueueGenericReset)
    i.xQueueGenericSend                      0x08003478   Section        0  queue.o(i.xQueueGenericSend)
    i.xQueueReceive                          0x08003570   Section        0  queue.o(i.xQueueReceive)
    i.xQueueSemaphoreTake                    0x08003660   Section        0  queue.o(i.xQueueSemaphoreTake)
    i.xTaskCheckForTimeOut                   0x08003788   Section        0  tasks.o(i.xTaskCheckForTimeOut)
    i.xTaskCreate                            0x080037e0   Section        0  tasks.o(i.xTaskCreate)
    i.xTaskGenericNotify                     0x08003838   Section        0  tasks.o(i.xTaskGenericNotify)
    i.xTaskGetTickCount                      0x0800392c   Section        0  tasks.o(i.xTaskGetTickCount)
    i.xTaskIncrementTick                     0x08003938   Section        0  tasks.o(i.xTaskIncrementTick)
    i.xTaskPriorityDisinherit                0x08003a34   Section        0  tasks.o(i.xTaskPriorityDisinherit)
    i.xTaskPriorityInherit                   0x08003ab0   Section        0  tasks.o(i.xTaskPriorityInherit)
    i.xTaskRemoveFromEventList               0x08003b50   Section        0  tasks.o(i.xTaskRemoveFromEventList)
    i.xTaskResumeAll                         0x08003c14   Section        0  tasks.o(i.xTaskResumeAll)
    i.xTimerCreateTimerTask                  0x08003d28   Section        0  timers.o(i.xTimerCreateTimerTask)
    x$fpl$fpinit                             0x08003d64   Section       10  fpinit.o(x$fpl$fpinit)
    $v0                                      0x08003d64   Number         0  fpinit.o(x$fpl$fpinit)
    .constdata                               0x08003d6e   Section       32  stm32f3xx_hal_rcc.o(.constdata)
    .constdata                               0x08003d8e   Section       16  system_stm32f3xx.o(.constdata)
    .constdata                               0x08003d9e   Section        8  system_stm32f3xx.o(.constdata)
    .data                                    0x20000000   Section       24  main.o(.data)
    .data                                    0x20000018   Section       12  stm32f3xx_hal.o(.data)
    .data                                    0x20000024   Section        4  system_stm32f3xx.o(.data)
    .data                                    0x20000028   Section       64  tasks.o(.data)
    uxDeletedTasksWaitingCleanUp             0x2000002c   Data           4  tasks.o(.data)
    uxCurrentNumberOfTasks                   0x20000030   Data           4  tasks.o(.data)
    xTickCount                               0x20000034   Data           4  tasks.o(.data)
    uxTopReadyPriority                       0x20000038   Data           4  tasks.o(.data)
    xSchedulerRunning                        0x2000003c   Data           4  tasks.o(.data)
    xPendedTicks                             0x20000040   Data           4  tasks.o(.data)
    xYieldPending                            0x20000044   Data           4  tasks.o(.data)
    xNumOfOverflows                          0x20000048   Data           4  tasks.o(.data)
    uxTaskNumber                             0x2000004c   Data           4  tasks.o(.data)
    xNextTaskUnblockTime                     0x20000050   Data           4  tasks.o(.data)
    xIdleTaskHandle                          0x20000054   Data           4  tasks.o(.data)
    uxSchedulerSuspended                     0x2000005c   Data           4  tasks.o(.data)
    pxDelayedTaskList                        0x20000060   Data           4  tasks.o(.data)
    pxOverflowDelayedTaskList                0x20000064   Data           4  tasks.o(.data)
    .data                                    0x20000068   Section       20  timers.o(.data)
    xTimerQueue                              0x20000068   Data           4  timers.o(.data)
    xTimerTaskHandle                         0x2000006c   Data           4  timers.o(.data)
    xLastTime                                0x20000070   Data           4  timers.o(.data)
    pxCurrentTimerList                       0x20000074   Data           4  timers.o(.data)
    pxOverflowTimerList                      0x20000078   Data           4  timers.o(.data)
    .data                                    0x2000007c   Section       32  heap_4.o(.data)
    pxEnd                                    0x2000007c   Data           4  heap_4.o(.data)
    xFreeBytesRemaining                      0x20000080   Data           4  heap_4.o(.data)
    xMinimumEverFreeBytesRemaining           0x20000084   Data           4  heap_4.o(.data)
    xNumberOfSuccessfulAllocations           0x20000088   Data           4  heap_4.o(.data)
    xNumberOfSuccessfulFrees                 0x2000008c   Data           4  heap_4.o(.data)
    xBlockAllocatedBit                       0x20000090   Data           4  heap_4.o(.data)
    xStart                                   0x20000094   Data           8  heap_4.o(.data)
    .data                                    0x2000009c   Section        4  port.o(.data)
    uxCriticalNesting                        0x2000009c   Data           4  port.o(.data)
    .bss                                     0x200000a0   Section     1056  main.o(.bss)
    .bss                                     0x200004c0   Section       76  stm32f3xx_hal_timebase_tim.o(.bss)
    .bss                                     0x2000050c   Section       80  queue.o(.bss)
    .bss                                     0x2000055c   Section      200  tasks.o(.bss)
    pxReadyTasksLists                        0x2000055c   Data         100  tasks.o(.bss)
    xDelayedTaskList1                        0x200005c0   Data          20  tasks.o(.bss)
    xDelayedTaskList2                        0x200005d4   Data          20  tasks.o(.bss)
    xPendingReadyList                        0x200005e8   Data          20  tasks.o(.bss)
    xTasksWaitingTermination                 0x200005fc   Data          20  tasks.o(.bss)
    xSuspendedTaskList                       0x20000610   Data          20  tasks.o(.bss)
    .bss                                     0x20000624   Section       40  timers.o(.bss)
    xActiveTimerList1                        0x20000624   Data          20  timers.o(.bss)
    xActiveTimerList2                        0x20000638   Data          20  timers.o(.bss)
    .bss                                     0x2000064c   Section    17408  heap_4.o(.bss)
    ucHeap                                   0x2000064c   Data       17408  heap_4.o(.bss)
    .bss                                     0x20004a4c   Section       96  libspace.o(.bss)
    HEAP                                     0x20004ab0   Section     2048  startup_stm32f303xc.o(HEAP)
    Heap_Mem                                 0x20004ab0   Data        2048  startup_stm32f303xc.o(HEAP)
    STACK                                    0x200052b0   Section     2048  startup_stm32f303xc.o(STACK)
    Stack_Mem                                0x200052b0   Data        2048  startup_stm32f303xc.o(STACK)
    __initial_sp                             0x20005ab0   Data           0  startup_stm32f303xc.o(STACK)

    Global Symbols

    Symbol Name                              Value     Ov Type        Size  Object(Section)

    BuildAttributes$$THM_ISAv4$E$P$D$K$B$S$7EM$VFPi3$EXTD16$VFPS$VFMA$PE$A:L22UL41UL21$X:L11$S22US41US21$IEEE1$IW$USESV6$~STKCKD$USESV7$~SHL$OSPACE$ROPI$EBA8$UX$STANDARDLIB$REQ8$PRES8$EABIv2 0x00000000   Number         0  anon$$obj.o ABSOLUTE
    __ARM_use_no_argv                        0x00000000   Number         0  main.o ABSOLUTE
    __ARM_exceptions_init                     - Undefined Weak Reference
    __alloca_initialize                       - Undefined Weak Reference
    __arm_fini_                               - Undefined Weak Reference
    __arm_preinit_                            - Undefined Weak Reference
    __cpp_initialize__aeabi_                  - Undefined Weak Reference
    __cxa_finalize                            - Undefined Weak Reference
    __rt_locale                               - Undefined Weak Reference
    __sigvec_lookup                           - Undefined Weak Reference
    _atexit_init                              - Undefined Weak Reference
    _call_atexit_fns                          - Undefined Weak Reference
    _clock_init                               - Undefined Weak Reference
    _fp_trap_init                             - Undefined Weak Reference
    _fp_trap_shutdown                         - Undefined Weak Reference
    _get_lc_collate                           - Undefined Weak Reference
    _get_lc_ctype                             - Undefined Weak Reference
    _get_lc_monetary                          - Undefined Weak Reference
    _get_lc_numeric                           - Undefined Weak Reference
    _get_lc_time                              - Undefined Weak Reference
    _getenv_init                              - Undefined Weak Reference
    _handle_redirection                       - Undefined Weak Reference
    _init_alloc                               - Undefined Weak Reference
    _init_user_alloc                          - Undefined Weak Reference
    _initio                                   - Undefined Weak Reference
    _printf_post_padding                      - Undefined Weak Reference
    _printf_pre_padding                       - Undefined Weak Reference
    _printf_truncate_signed                   - Undefined Weak Reference
    _printf_truncate_unsigned                 - Undefined Weak Reference
    _rand_init                                - Undefined Weak Reference
    _signal_finish                            - Undefined Weak Reference
    _signal_init                              - Undefined Weak Reference
    _terminate_alloc                          - Undefined Weak Reference
    _terminate_user_alloc                     - Undefined Weak Reference
    _terminateio                              - Undefined Weak Reference
    __Vectors_Size                           0x00000188   Number         0  startup_stm32f303xc.o ABSOLUTE
    __Vectors                                0x08000000   Data           4  startup_stm32f303xc.o(RESET)
    __Vectors_End                            0x08000188   Data           0  startup_stm32f303xc.o(RESET)
    __main                                   0x08000189   Thumb Code     8  __main.o(!!!main)
    __scatterload                            0x08000191   Thumb Code     0  __scatter.o(!!!scatter)
    __scatterload_rt2                        0x08000191   Thumb Code    44  __scatter.o(!!!scatter)
    __scatterload_rt2_thumb_only             0x08000191   Thumb Code     0  __scatter.o(!!!scatter)
    __scatterload_null                       0x0800019f   Thumb Code     0  __scatter.o(!!!scatter)
    __scatterload_copy                       0x080001c5   Thumb Code    26  __scatter_copy.o(!!handler_copy)
    __scatterload_zeroinit                   0x080001e1   Thumb Code    28  __scatter_zi.o(!!handler_zi)
    _printf_d                                0x080001fd   Thumb Code     0  _printf_d.o(.ARM.Collect$$_printf_percent$$00000009)
    _printf_percent                          0x080001fd   Thumb Code     0  _printf_percent.o(.ARM.Collect$$_printf_percent$$00000000)
    _printf_percent_end                      0x08000203   Thumb Code     0  _printf_percent_end.o(.ARM.Collect$$_printf_percent$$00000017)
    __rt_lib_init                            0x08000207   Thumb Code     0  libinit.o(.ARM.Collect$$libinit$$00000000)
    __rt_lib_init_fp_1                       0x08000209   Thumb Code     0  libinit2.o(.ARM.Collect$$libinit$$00000001)
    __rt_lib_init_alloca_1                   0x0800020d   Thumb Code     0  libinit2.o(.ARM.Collect$$libinit$$0000002E)
    __rt_lib_init_argv_1                     0x0800020d   Thumb Code     0  libinit2.o(.ARM.Collect$$libinit$$0000002C)
    __rt_lib_init_atexit_1                   0x0800020d   Thumb Code     0  libinit2.o(.ARM.Collect$$libinit$$0000001B)
    __rt_lib_init_clock_1                    0x0800020d   Thumb Code     0  libinit2.o(.ARM.Collect$$libinit$$00000021)
    __rt_lib_init_cpp_1                      0x0800020d   Thumb Code     0  libinit2.o(.ARM.Collect$$libinit$$00000032)
    __rt_lib_init_exceptions_1               0x0800020d   Thumb Code     0  libinit2.o(.ARM.Collect$$libinit$$00000030)
    __rt_lib_init_fp_trap_1                  0x0800020d   Thumb Code     0  libinit2.o(.ARM.Collect$$libinit$$0000001F)
    __rt_lib_init_getenv_1                   0x0800020d   Thumb Code     0  libinit2.o(.ARM.Collect$$libinit$$00000023)
    __rt_lib_init_heap_1                     0x0800020d   Thumb Code     0  libinit2.o(.ARM.Collect$$libinit$$0000000A)
    __rt_lib_init_lc_collate_1               0x0800020d   Thumb Code     0  libinit2.o(.ARM.Collect$$libinit$$00000011)
    __rt_lib_init_lc_ctype_1                 0x0800020d   Thumb Code     0  libinit2.o(.ARM.Collect$$libinit$$00000013)
    __rt_lib_init_lc_monetary_1              0x0800020d   Thumb Code     0  libinit2.o(.ARM.Collect$$libinit$$00000015)
    __rt_lib_init_lc_numeric_1               0x0800020d   Thumb Code     0  libinit2.o(.ARM.Collect$$libinit$$00000017)
    __rt_lib_init_lc_time_1                  0x0800020d   Thumb Code     0  libinit2.o(.ARM.Collect$$libinit$$00000019)
    __rt_lib_init_preinit_1                  0x0800020d   Thumb Code     0  libinit2.o(.ARM.Collect$$libinit$$00000004)
    __rt_lib_init_rand_1                     0x0800020d   Thumb Code     0  libinit2.o(.ARM.Collect$$libinit$$0000000E)
    __rt_lib_init_return                     0x0800020d   Thumb Code     0  libinit2.o(.ARM.Collect$$libinit$$00000033)
    __rt_lib_init_signal_1                   0x0800020d   Thumb Code     0  libinit2.o(.ARM.Collect$$libinit$$0000001D)
    __rt_lib_init_stdio_1                    0x0800020d   Thumb Code     0  libinit2.o(.ARM.Collect$$libinit$$00000025)
    __rt_lib_init_user_alloc_1               0x0800020d   Thumb Code     0  libinit2.o(.ARM.Collect$$libinit$$0000000C)
    __rt_lib_shutdown                        0x0800020f   Thumb Code     0  libshutdown.o(.ARM.Collect$$libshutdown$$00000000)
    __rt_lib_shutdown_cpp_1                  0x08000211   Thumb Code     0  libshutdown2.o(.ARM.Collect$$libshutdown$$00000004)
    __rt_lib_shutdown_fini_1                 0x08000211   Thumb Code     0  libshutdown2.o(.ARM.Collect$$libshutdown$$00000002)
    __rt_lib_shutdown_fp_trap_1              0x08000211   Thumb Code     0  libshutdown2.o(.ARM.Collect$$libshutdown$$00000009)
    __rt_lib_shutdown_heap_1                 0x08000211   Thumb Code     0  libshutdown2.o(.ARM.Collect$$libshutdown$$00000011)
    __rt_lib_shutdown_return                 0x08000211   Thumb Code     0  libshutdown2.o(.ARM.Collect$$libshutdown$$00000012)
    __rt_lib_shutdown_signal_1               0x08000211   Thumb Code     0  libshutdown2.o(.ARM.Collect$$libshutdown$$0000000C)
    __rt_lib_shutdown_stdio_1                0x08000211   Thumb Code     0  libshutdown2.o(.ARM.Collect$$libshutdown$$00000006)
    __rt_lib_shutdown_user_alloc_1           0x08000211   Thumb Code     0  libshutdown2.o(.ARM.Collect$$libshutdown$$0000000E)
    __rt_entry                               0x08000213   Thumb Code     0  __rtentry.o(.ARM.Collect$$rtentry$$00000000)
    __rt_entry_presh_1                       0x08000213   Thumb Code     0  __rtentry2.o(.ARM.Collect$$rtentry$$00000002)
    __rt_entry_sh                            0x08000213   Thumb Code     0  __rtentry4.o(.ARM.Collect$$rtentry$$00000004)
    __rt_entry_li                            0x08000219   Thumb Code     0  __rtentry2.o(.ARM.Collect$$rtentry$$0000000A)
    __rt_entry_postsh_1                      0x08000219   Thumb Code     0  __rtentry2.o(.ARM.Collect$$rtentry$$00000009)
    __rt_entry_main                          0x0800021d   Thumb Code     0  __rtentry2.o(.ARM.Collect$$rtentry$$0000000D)
    __rt_entry_postli_1                      0x0800021d   Thumb Code     0  __rtentry2.o(.ARM.Collect$$rtentry$$0000000C)
    __rt_exit                                0x08000225   Thumb Code     0  rtexit.o(.ARM.Collect$$rtexit$$00000000)
    __rt_exit_ls                             0x08000227   Thumb Code     0  rtexit2.o(.ARM.Collect$$rtexit$$00000003)
    __rt_exit_prels_1                        0x08000227   Thumb Code     0  rtexit2.o(.ARM.Collect$$rtexit$$00000002)
    __rt_exit_exit                           0x0800022b   Thumb Code     0  rtexit2.o(.ARM.Collect$$rtexit$$00000004)
    SVC_Handler                              0x08000231   Thumb Code    28  port.o(.emb_text)
    __asm___6_port_c_39a90d8d__prvStartFirstTask 0x08000251   Thumb Code    36  port.o(.emb_text)
    __asm___6_port_c_39a90d8d__prvEnableVFP  0x08000279   Thumb Code    16  port.o(.emb_text)
    PendSV_Handler                           0x0800028d   Thumb Code    88  port.o(.emb_text)
    vPortGetIPSR                             0x080002e9   Thumb Code     6  port.o(.emb_text)
    Reset_Handler                            0x080002f1   Thumb Code     8  startup_stm32f303xc.o(.text)
    ADC1_2_IRQHandler                        0x0800030b   Thumb Code     0  startup_stm32f303xc.o(.text)
    ADC3_IRQHandler                          0x0800030b   Thumb Code     0  startup_stm32f303xc.o(.text)
    ADC4_IRQHandler                          0x0800030b   Thumb Code     0  startup_stm32f303xc.o(.text)
    CAN_RX1_IRQHandler                       0x0800030b   Thumb Code     0  startup_stm32f303xc.o(.text)
    CAN_SCE_IRQHandler                       0x0800030b   Thumb Code     0  startup_stm32f303xc.o(.text)
    COMP1_2_3_IRQHandler                     0x0800030b   Thumb Code     0  startup_stm32f303xc.o(.text)
    COMP4_5_6_IRQHandler                     0x0800030b   Thumb Code     0  startup_stm32f303xc.o(.text)
    COMP7_IRQHandler                         0x0800030b   Thumb Code     0  startup_stm32f303xc.o(.text)
    DMA1_Channel1_IRQHandler                 0x0800030b   Thumb Code     0  startup_stm32f303xc.o(.text)
    DMA1_Channel2_IRQHandler                 0x0800030b   Thumb Code     0  startup_stm32f303xc.o(.text)
    DMA1_Channel3_IRQHandler                 0x0800030b   Thumb Code     0  startup_stm32f303xc.o(.text)
    DMA1_Channel4_IRQHandler                 0x0800030b   Thumb Code     0  startup_stm32f303xc.o(.text)
    DMA1_Channel5_IRQHandler                 0x0800030b   Thumb Code     0  startup_stm32f303xc.o(.text)
    DMA1_Channel6_IRQHandler                 0x0800030b   Thumb Code     0  startup_stm32f303xc.o(.text)
    DMA1_Channel7_IRQHandler                 0x0800030b   Thumb Code     0  startup_stm32f303xc.o(.text)
    DMA2_Channel1_IRQHandler                 0x0800030b   Thumb Code     0  startup_stm32f303xc.o(.text)
    DMA2_Channel2_IRQHandler                 0x0800030b   Thumb Code     0  startup_stm32f303xc.o(.text)
    DMA2_Channel3_IRQHandler                 0x0800030b   Thumb Code     0  startup_stm32f303xc.o(.text)
    DMA2_Channel4_IRQHandler                 0x0800030b   Thumb Code     0  startup_stm32f303xc.o(.text)
    DMA2_Channel5_IRQHandler                 0x0800030b   Thumb Code     0  startup_stm32f303xc.o(.text)
    EXTI0_IRQHandler                         0x0800030b   Thumb Code     0  startup_stm32f303xc.o(.text)
    EXTI15_10_IRQHandler                     0x0800030b   Thumb Code     0  startup_stm32f303xc.o(.text)
    EXTI1_IRQHandler                         0x0800030b   Thumb Code     0  startup_stm32f303xc.o(.text)
    EXTI2_TSC_IRQHandler                     0x0800030b   Thumb Code     0  startup_stm32f303xc.o(.text)
    EXTI3_IRQHandler                         0x0800030b   Thumb Code     0  startup_stm32f303xc.o(.text)
    EXTI4_IRQHandler                         0x0800030b   Thumb Code     0  startup_stm32f303xc.o(.text)
    EXTI9_5_IRQHandler                       0x0800030b   Thumb Code     0  startup_stm32f303xc.o(.text)
    FLASH_IRQHandler                         0x0800030b   Thumb Code     0  startup_stm32f303xc.o(.text)
    FPU_IRQHandler                           0x0800030b   Thumb Code     0  startup_stm32f303xc.o(.text)
    I2C1_ER_IRQHandler                       0x0800030b   Thumb Code     0  startup_stm32f303xc.o(.text)
    I2C1_EV_IRQHandler                       0x0800030b   Thumb Code     0  startup_stm32f303xc.o(.text)
    I2C2_ER_IRQHandler                       0x0800030b   Thumb Code     0  startup_stm32f303xc.o(.text)
    I2C2_EV_IRQHandler                       0x0800030b   Thumb Code     0  startup_stm32f303xc.o(.text)
    PVD_IRQHandler                           0x0800030b   Thumb Code     0  startup_stm32f303xc.o(.text)
    RCC_IRQHandler                           0x0800030b   Thumb Code     0  startup_stm32f303xc.o(.text)
    RTC_Alarm_IRQHandler                     0x0800030b   Thumb Code     0  startup_stm32f303xc.o(.text)
    RTC_WKUP_IRQHandler                      0x0800030b   Thumb Code     0  startup_stm32f303xc.o(.text)
    SPI1_IRQHandler                          0x0800030b   Thumb Code     0  startup_stm32f303xc.o(.text)
    SPI2_IRQHandler                          0x0800030b   Thumb Code     0  startup_stm32f303xc.o(.text)
    SPI3_IRQHandler                          0x0800030b   Thumb Code     0  startup_stm32f303xc.o(.text)
    TAMP_STAMP_IRQHandler                    0x0800030b   Thumb Code     0  startup_stm32f303xc.o(.text)
    TIM1_BRK_TIM15_IRQHandler                0x0800030b   Thumb Code     0  startup_stm32f303xc.o(.text)
    TIM1_CC_IRQHandler                       0x0800030b   Thumb Code     0  startup_stm32f303xc.o(.text)
    TIM1_TRG_COM_TIM17_IRQHandler            0x0800030b   Thumb Code     0  startup_stm32f303xc.o(.text)
    TIM1_UP_TIM16_IRQHandler                 0x0800030b   Thumb Code     0  startup_stm32f303xc.o(.text)
    TIM2_IRQHandler                          0x0800030b   Thumb Code     0  startup_stm32f303xc.o(.text)
    TIM4_IRQHandler                          0x0800030b   Thumb Code     0  startup_stm32f303xc.o(.text)
    TIM6_DAC_IRQHandler                      0x0800030b   Thumb Code     0  startup_stm32f303xc.o(.text)
    TIM7_IRQHandler                          0x0800030b   Thumb Code     0  startup_stm32f303xc.o(.text)
    TIM8_BRK_IRQHandler                      0x0800030b   Thumb Code     0  startup_stm32f303xc.o(.text)
    TIM8_CC_IRQHandler                       0x0800030b   Thumb Code     0  startup_stm32f303xc.o(.text)
    TIM8_TRG_COM_IRQHandler                  0x0800030b   Thumb Code     0  startup_stm32f303xc.o(.text)
    TIM8_UP_IRQHandler                       0x0800030b   Thumb Code     0  startup_stm32f303xc.o(.text)
    UART4_IRQHandler                         0x0800030b   Thumb Code     0  startup_stm32f303xc.o(.text)
    UART5_IRQHandler                         0x0800030b   Thumb Code     0  startup_stm32f303xc.o(.text)
    USART1_IRQHandler                        0x0800030b   Thumb Code     0  startup_stm32f303xc.o(.text)
    USART2_IRQHandler                        0x0800030b   Thumb Code     0  startup_stm32f303xc.o(.text)
    USART3_IRQHandler                        0x0800030b   Thumb Code     0  startup_stm32f303xc.o(.text)
    USBWakeUp_IRQHandler                     0x0800030b   Thumb Code     0  startup_stm32f303xc.o(.text)
    USBWakeUp_RMP_IRQHandler                 0x0800030b   Thumb Code     0  startup_stm32f303xc.o(.text)
    USB_HP_CAN_TX_IRQHandler                 0x0800030b   Thumb Code     0  startup_stm32f303xc.o(.text)
    USB_HP_IRQHandler                        0x0800030b   Thumb Code     0  startup_stm32f303xc.o(.text)
    USB_LP_CAN_RX0_IRQHandler                0x0800030b   Thumb Code     0  startup_stm32f303xc.o(.text)
    USB_LP_IRQHandler                        0x0800030b   Thumb Code     0  startup_stm32f303xc.o(.text)
    WWDG_IRQHandler                          0x0800030b   Thumb Code     0  startup_stm32f303xc.o(.text)
    __user_initial_stackheap                 0x0800030d   Thumb Code     0  startup_stm32f303xc.o(.text)
    __aeabi_uldivmod                         0x08000331   Thumb Code     0  lludivv7m.o(.text)
    _ll_udiv                                 0x08000331   Thumb Code   238  lludivv7m.o(.text)
    __2sprintf                               0x08000421   Thumb Code    34  noretval__2sprintf.o(.text)
    __printf                                 0x08000449   Thumb Code   104  __printf.o(.text)
    _printf_int_dec                          0x080004b1   Thumb Code   104  _printf_dec.o(.text)
    strlen                                   0x08000529   Thumb Code    62  strlen.o(.text)
    __aeabi_memcpy                           0x08000567   Thumb Code     0  rt_memcpy_v6.o(.text)
    __rt_memcpy                              0x08000567   Thumb Code   138  rt_memcpy_v6.o(.text)
    _memcpy_lastbytes                        0x080005cd   Thumb Code     0  rt_memcpy_v6.o(.text)
    __aeabi_memcpy4                          0x080005f1   Thumb Code     0  rt_memcpy_w.o(.text)
    __aeabi_memcpy8                          0x080005f1   Thumb Code     0  rt_memcpy_w.o(.text)
    __rt_memcpy_w                            0x080005f1   Thumb Code   100  rt_memcpy_w.o(.text)
    _memcpy_lastbytes_aligned                0x08000639   Thumb Code     0  rt_memcpy_w.o(.text)
    __aeabi_memclr4                          0x08000655   Thumb Code     0  rt_memclr_w.o(.text)
    __aeabi_memclr8                          0x08000655   Thumb Code     0  rt_memclr_w.o(.text)
    __rt_memclr_w                            0x08000655   Thumb Code    78  rt_memclr_w.o(.text)
    _memset_w                                0x08000659   Thumb Code     0  rt_memclr_w.o(.text)
    __use_two_region_memory                  0x080006a3   Thumb Code     2  heapauxi.o(.text)
    __rt_heap_escrow$2region                 0x080006a5   Thumb Code     2  heapauxi.o(.text)
    __rt_heap_expand$2region                 0x080006a7   Thumb Code     2  heapauxi.o(.text)
    _printf_int_common                       0x080006a9   Thumb Code   178  _printf_intcommon.o(.text)
    _printf_char_common                      0x08000767   Thumb Code    32  _printf_char_common.o(.text)
    _sputc                                   0x0800078d   Thumb Code    10  _sputc.o(.text)
    __user_setup_stackheap                   0x08000797   Thumb Code    74  sys_stackheap_outer.o(.text)
    exit                                     0x080007e1   Thumb Code    18  exit.o(.text)
    __user_libspace                          0x080007f5   Thumb Code     8  libspace.o(.text)
    __user_perproc_libspace                  0x080007f5   Thumb Code     0  libspace.o(.text)
    __user_perthread_libspace                0x080007f5   Thumb Code     0  libspace.o(.text)
    _sys_exit                                0x080007fd   Thumb Code     8  sys_exit.o(.text)
    __I$use$semihosting                      0x08000809   Thumb Code     0  use_no_semi.o(.text)
    __use_no_semihosting_swi                 0x08000809   Thumb Code     2  use_no_semi.o(.text)
    BusFault_Handler                         0x0800080b   Thumb Code     2  stm32f3xx_it.o(i.BusFault_Handler)
    __semihosting_library_function           0x0800080b   Thumb Code     0  indicate_semi.o(.text)
    DebugMon_Handler                         0x0800080d   Thumb Code     2  stm32f3xx_it.o(i.DebugMon_Handler)
    HAL_GPIO_Init                            0x08000811   Thumb Code   434  stm32f3xx_hal_gpio.o(i.HAL_GPIO_Init)
    HAL_GPIO_ReadPin                         0x080009e1   Thumb Code    10  stm32f3xx_hal_gpio.o(i.HAL_GPIO_ReadPin)
    HAL_GPIO_WritePin                        0x080009eb   Thumb Code    10  stm32f3xx_hal_gpio.o(i.HAL_GPIO_WritePin)
    HAL_GetTick                              0x080009f5   Thumb Code     6  stm32f3xx_hal.o(i.HAL_GetTick)
    HAL_I2CEx_ConfigAnalogFilter             0x08000a01   Thumb Code    86  stm32f3xx_hal_i2c_ex.o(i.HAL_I2CEx_ConfigAnalogFilter)
    HAL_I2CEx_ConfigDigitalFilter            0x08000a57   Thumb Code    82  stm32f3xx_hal_i2c_ex.o(i.HAL_I2CEx_ConfigDigitalFilter)
    HAL_I2C_Init                             0x08000aa9   Thumb Code   178  stm32f3xx_hal_i2c.o(i.HAL_I2C_Init)
    HAL_I2C_MspInit                          0x08000b61   Thumb Code    88  stm32f3xx_hal_msp.o(i.HAL_I2C_MspInit)
    HAL_IncTick                              0x08000bc5   Thumb Code    12  stm32f3xx_hal.o(i.HAL_IncTick)
    HAL_Init                                 0x08000bd5   Thumb Code    32  stm32f3xx_hal.o(i.HAL_Init)
    HAL_InitTick                             0x08000bf9   Thumb Code   100  stm32f3xx_hal_timebase_tim.o(i.HAL_InitTick)
    HAL_MspInit                              0x08000c6d   Thumb Code    38  stm32f3xx_hal_msp.o(i.HAL_MspInit)
    HAL_NVIC_EnableIRQ                       0x08000c99   Thumb Code    26  stm32f3xx_hal_cortex.o(i.HAL_NVIC_EnableIRQ)
    HAL_NVIC_SetPriority                     0x08000cb5   Thumb Code    60  stm32f3xx_hal_cortex.o(i.HAL_NVIC_SetPriority)
    HAL_NVIC_SetPriorityGrouping             0x08000cf5   Thumb Code    26  stm32f3xx_hal_cortex.o(i.HAL_NVIC_SetPriorityGrouping)
    HAL_PCD_Init                             0x08000d19   Thumb Code   166  stm32f3xx_hal_pcd.o(i.HAL_PCD_Init)
    HAL_PCD_MspInit                          0x08000dc1   Thumb Code    92  stm32f3xx_hal_msp.o(i.HAL_PCD_MspInit)
    HAL_RCCEx_PeriphCLKConfig                0x08000e25   Thumb Code   522  stm32f3xx_hal_rcc_ex.o(i.HAL_RCCEx_PeriphCLKConfig)
    HAL_RCC_ClockConfig                      0x0800103d   Thumb Code   308  stm32f3xx_hal_rcc.o(i.HAL_RCC_ClockConfig)
    HAL_RCC_GetClockConfig                   0x08001185   Thumb Code    54  stm32f3xx_hal_rcc.o(i.HAL_RCC_GetClockConfig)
    HAL_RCC_GetPCLK1Freq                     0x080011c5   Thumb Code    34  stm32f3xx_hal_rcc.o(i.HAL_RCC_GetPCLK1Freq)
    HAL_RCC_GetPCLK2Freq                     0x080011f5   Thumb Code    34  stm32f3xx_hal_rcc.o(i.HAL_RCC_GetPCLK2Freq)
    HAL_RCC_GetSysClockFreq                  0x08001225   Thumb Code    92  stm32f3xx_hal_rcc.o(i.HAL_RCC_GetSysClockFreq)
    HAL_RCC_OscConfig                        0x08001291   Thumb Code  1480  stm32f3xx_hal_rcc.o(i.HAL_RCC_OscConfig)
    HAL_SPI_Init                             0x08001859   Thumb Code   234  stm32f3xx_hal_spi.o(i.HAL_SPI_Init)
    HAL_SPI_MspInit                          0x08001945   Thumb Code    90  stm32f3xx_hal_msp.o(i.HAL_SPI_MspInit)
    HAL_TIMEx_Break2Callback                 0x080019a9   Thumb Code     2  stm32f3xx_hal_tim_ex.o(i.HAL_TIMEx_Break2Callback)
    HAL_TIMEx_BreakCallback                  0x080019ab   Thumb Code     2  stm32f3xx_hal_tim_ex.o(i.HAL_TIMEx_BreakCallback)
    HAL_TIMEx_CommutCallback                 0x080019ad   Thumb Code     2  stm32f3xx_hal_tim_ex.o(i.HAL_TIMEx_CommutCallback)
    HAL_TIM_Base_Init                        0x080019af   Thumb Code    98  stm32f3xx_hal_tim.o(i.HAL_TIM_Base_Init)
    HAL_TIM_Base_MspInit                     0x08001a11   Thumb Code     2  stm32f3xx_hal_tim.o(i.HAL_TIM_Base_MspInit)
    HAL_TIM_Base_Start_IT                    0x08001a15   Thumb Code    94  stm32f3xx_hal_tim.o(i.HAL_TIM_Base_Start_IT)
    HAL_TIM_IC_CaptureCallback               0x08001a8d   Thumb Code     2  stm32f3xx_hal_tim.o(i.HAL_TIM_IC_CaptureCallback)
    HAL_TIM_IRQHandler                       0x08001a8f   Thumb Code   388  stm32f3xx_hal_tim.o(i.HAL_TIM_IRQHandler)
    HAL_TIM_OC_DelayElapsedCallback          0x08001c13   Thumb Code     2  stm32f3xx_hal_tim.o(i.HAL_TIM_OC_DelayElapsedCallback)
    HAL_TIM_PWM_PulseFinishedCallback        0x08001c15   Thumb Code     2  stm32f3xx_hal_tim.o(i.HAL_TIM_PWM_PulseFinishedCallback)
    HAL_TIM_PeriodElapsedCallback            0x08001c19   Thumb Code    14  main.o(i.HAL_TIM_PeriodElapsedCallback)
    HAL_TIM_TriggerCallback                  0x08001c2d   Thumb Code     2  stm32f3xx_hal_tim.o(i.HAL_TIM_TriggerCallback)
    HAL_UART_Init                            0x08001c2f   Thumb Code   102  stm32f3xx_hal_uart.o(i.HAL_UART_Init)
    HAL_UART_MspInit                         0x08001c95   Thumb Code    88  stm32f3xx_hal_msp.o(i.HAL_UART_MspInit)
    HAL_UART_Transmit                        0x08001cf9   Thumb Code   182  stm32f3xx_hal_uart.o(i.HAL_UART_Transmit)
    HardFault_Handler                        0x08001daf   Thumb Code     2  stm32f3xx_it.o(i.HardFault_Handler)
    MemManage_Handler                        0x08001f3d   Thumb Code     2  stm32f3xx_it.o(i.MemManage_Handler)
    NMI_Handler                              0x08001f3f   Thumb Code     2  stm32f3xx_it.o(i.NMI_Handler)
    SysTick_Handler                          0x08001f41   Thumb Code    38  port.o(i.SysTick_Handler)
    SystemClock_Config                       0x08001f6d   Thumb Code   134  main.o(i.SystemClock_Config)
    SystemInit                               0x08001ff9   Thumb Code    12  system_stm32f3xx.o(i.SystemInit)
    TIM3_IRQHandler                          0x08002009   Thumb Code     6  stm32f3xx_it.o(i.TIM3_IRQHandler)
    TIM_Base_SetConfig                       0x08002015   Thumb Code   146  stm32f3xx_hal_tim.o(i.TIM_Base_SetConfig)
    UART_AdvFeatureConfig                    0x080020c5   Thumb Code   200  stm32f3xx_hal_uart.o(i.UART_AdvFeatureConfig)
    UART_CheckIdleState                      0x0800218d   Thumb Code    92  stm32f3xx_hal_uart.o(i.UART_CheckIdleState)
    UART_SetConfig                           0x080021e9   Thumb Code   426  stm32f3xx_hal_uart.o(i.UART_SetConfig)
    UART_WaitOnFlagUntilTimeout              0x080023b1   Thumb Code   198  stm32f3xx_hal_uart.o(i.UART_WaitOnFlagUntilTimeout)
    USB_DevInit                              0x08002477   Thumb Code    18  stm32f3xx_ll_usb.o(i.USB_DevInit)
    USB_DisableGlobalInt                     0x08002489   Thumb Code    14  stm32f3xx_ll_usb.o(i.USB_DisableGlobalInt)
    UsageFault_Handler                       0x08002497   Thumb Code     2  stm32f3xx_it.o(i.UsageFault_Handler)
    main                                     0x080024b9   Thumb Code   142  main.o(i.main)
    pvPortMalloc                             0x08002c69   Thumb Code   170  heap_4.o(i.pvPortMalloc)
    pvTaskIncrementMutexHeldCount            0x08002d19   Thumb Code    18  tasks.o(i.pvTaskIncrementMutexHeldCount)
    pxPortInitialiseStack                    0x08002d31   Thumb Code    40  port.o(i.pxPortInitialiseStack)
    ulTaskGenericNotifyTake                  0x08002d5d   Thumb Code   122  tasks.o(i.ulTaskGenericNotifyTake)
    uxListRemove                             0x08002de1   Thumb Code    38  list.o(i.uxListRemove)
    vListInitialise                          0x08002e07   Thumb Code    22  list.o(i.vListInitialise)
    vListInitialiseItem                      0x08002e1d   Thumb Code     6  list.o(i.vListInitialiseItem)
    vListInsert                              0x08002e23   Thumb Code    48  list.o(i.vListInsert)
    vPortEnterCritical                       0x08002e55   Thumb Code    24  port.o(i.vPortEnterCritical)
    vPortExitCritical                        0x08002e71   Thumb Code    16  port.o(i.vPortExitCritical)
    vPortFree                                0x08002e85   Thumb Code    64  heap_4.o(i.vPortFree)
    vPortSetupTimerInterrupt                 0x08002ec9   Thumb Code    20  port.o(i.vPortSetupTimerInterrupt)
    vQueueAddToRegistry                      0x08002ee1   Thumb Code    54  queue.o(i.vQueueAddToRegistry)
    vQueueWaitForMessageRestricted           0x08002f1d   Thumb Code    68  queue.o(i.vQueueWaitForMessageRestricted)
    vTaskCode_ONE                            0x08002f61   Thumb Code   122  main.o(i.vTaskCode_ONE)
    vTaskCode_TWO                            0x08002ff9   Thumb Code   124  main.o(i.vTaskCode_TWO)
    vTaskCode_UART                           0x08003091   Thumb Code   138  main.o(i.vTaskCode_UART)
    vTaskDelay                               0x0800314d   Thumb Code    44  tasks.o(i.vTaskDelay)
    vTaskInternalSetTimeOutState             0x0800317d   Thumb Code    12  tasks.o(i.vTaskInternalSetTimeOutState)
    vTaskMissedYield                         0x0800318d   Thumb Code     8  tasks.o(i.vTaskMissedYield)
    vTaskPlaceOnEventList                    0x08003199   Thumb Code    26  tasks.o(i.vTaskPlaceOnEventList)
    vTaskPlaceOnEventListRestricted          0x080031b9   Thumb Code    58  tasks.o(i.vTaskPlaceOnEventListRestricted)
    vTaskPriorityDisinheritAfterTimeout      0x080031f9   Thumb Code   128  tasks.o(i.vTaskPriorityDisinheritAfterTimeout)
    vTaskStartScheduler                      0x08003281   Thumb Code    72  tasks.o(i.vTaskStartScheduler)
    vTaskSuspendAll                          0x080032d9   Thumb Code    10  tasks.o(i.vTaskSuspendAll)
    vTaskSwitchContext                       0x080032e9   Thumb Code    72  tasks.o(i.vTaskSwitchContext)
    xPortStartScheduler                      0x08003339   Thumb Code    52  port.o(i.xPortStartScheduler)
    xQueueCreateMutex                        0x08003379   Thumb Code    36  queue.o(i.xQueueCreateMutex)
    xQueueGenericCreate                      0x0800339d   Thumb Code    70  queue.o(i.xQueueGenericCreate)
    xQueueGenericReset                       0x080033e5   Thumb Code   144  queue.o(i.xQueueGenericReset)
    xQueueGenericSend                        0x08003479   Thumb Code   242  queue.o(i.xQueueGenericSend)
    xQueueReceive                            0x08003571   Thumb Code   236  queue.o(i.xQueueReceive)
    xQueueSemaphoreTake                      0x08003661   Thumb Code   292  queue.o(i.xQueueSemaphoreTake)
    xTaskCheckForTimeOut                     0x08003789   Thumb Code    82  tasks.o(i.xTaskCheckForTimeOut)
    xTaskCreate                              0x080037e1   Thumb Code    86  tasks.o(i.xTaskCreate)
    xTaskGenericNotify                       0x08003839   Thumb Code   230  tasks.o(i.xTaskGenericNotify)
    xTaskGetTickCount                        0x0800392d   Thumb Code     6  tasks.o(i.xTaskGetTickCount)
    xTaskIncrementTick                       0x08003939   Thumb Code   242  tasks.o(i.xTaskIncrementTick)
    xTaskPriorityDisinherit                  0x08003a35   Thumb Code   114  tasks.o(i.xTaskPriorityDisinherit)
    xTaskPriorityInherit                     0x08003ab1   Thumb Code   150  tasks.o(i.xTaskPriorityInherit)
    xTaskRemoveFromEventList                 0x08003b51   Thumb Code   188  tasks.o(i.xTaskRemoveFromEventList)
    xTaskResumeAll                           0x08003c15   Thumb Code   262  tasks.o(i.xTaskResumeAll)
    xTimerCreateTimerTask                    0x08003d29   Thumb Code    42  timers.o(i.xTimerCreateTimerTask)
    _fp_init                                 0x08003d65   Thumb Code    10  fpinit.o(x$fpl$fpinit)
    __fplib_config_fpu_vfp                   0x08003d6d   Thumb Code     0  fpinit.o(x$fpl$fpinit)
    __fplib_config_pureend_doubles           0x08003d6d   Thumb Code     0  fpinit.o(x$fpl$fpinit)
    aPLLMULFactorTable                       0x08003d6e   Data          16  stm32f3xx_hal_rcc.o(.constdata)
    aPredivFactorTable                       0x08003d7e   Data          16  stm32f3xx_hal_rcc.o(.constdata)
    AHBPrescTable                            0x08003d8e   Data          16  system_stm32f3xx.o(.constdata)
    APBPrescTable                            0x08003d9e   Data           8  system_stm32f3xx.o(.constdata)
    Region$$Table$$Base                      0x08003da8   Number         0  anon$$obj.o(Region$$Table)
    Region$$Table$$Limit                     0x08003dc8   Number         0  anon$$obj.o(Region$$Table)
    xHandle_ONE                              0x20000000   Data           4  main.o(.data)
    xHandle_TWO                              0x20000004   Data           4  main.o(.data)
    xHandle_UART                             0x20000008   Data           4  main.o(.data)
    xQueue                                   0x2000000c   Data           4  main.o(.data)
    xSemaphore_UART                          0x20000010   Data           4  main.o(.data)
    QueueVar                                 0x20000014   Data           4  main.o(.data)
    uwTickFreq                               0x20000018   Data           1  stm32f3xx_hal.o(.data)
    uwTickPrio                               0x2000001c   Data           4  stm32f3xx_hal.o(.data)
    uwTick                                   0x20000020   Data           4  stm32f3xx_hal.o(.data)
    SystemCoreClock                          0x20000024   Data           4  system_stm32f3xx.o(.data)
    pxCurrentTCB                             0x20000028   Data           4  tasks.o(.data)
    uxTopUsedPriority                        0x20000058   Data           4  tasks.o(.data)
    hi2c1                                    0x200000a0   Data          76  main.o(.bss)
    hspi1                                    0x200000ec   Data         100  main.o(.bss)
    huart1                                   0x20000150   Data         132  main.o(.bss)
    hpcd_USB_FS                              0x200001d4   Data         748  main.o(.bss)
    htim3                                    0x200004c0   Data          76  stm32f3xx_hal_timebase_tim.o(.bss)
    xQueueRegistry                           0x2000050c   Data          80  queue.o(.bss)
    __libspace_start                         0x20004a4c   Data          96  libspace.o(.bss)
    __temporary_stack_top$libspace           0x20004aac   Data           0  libspace.o(.bss)



==============================================================================

Memory Map of the image

  Image Entry point : 0x08000189

  Load Region LR_IROM1 (Base: 0x08000000, Size: 0x00003e68, Max: 0x00040000, ABSOLUTE)

    Execution Region ER_IROM1 (Exec base: 0x08000000, Load base: 0x08000000, Size: 0x00003dc8, Max: 0x00040000, ABSOLUTE)

    Exec Addr    Load Addr    Size         Type   Attr      Idx    E Section Name        Object

    0x08000000   0x08000000   0x00000188   Data   RO            3    RESET               startup_stm32f303xc.o
    0x08000188   0x08000188   0x00000008   Code   RO         5325  * !!!main             c_w.l(__main.o)
    0x08000190   0x08000190   0x00000034   Code   RO         5503    !!!scatter          c_w.l(__scatter.o)
    0x080001c4   0x080001c4   0x0000001a   Code   RO         5505    !!handler_copy      c_w.l(__scatter_copy.o)
    0x080001de   0x080001de   0x00000002   PAD
    0x080001e0   0x080001e0   0x0000001c   Code   RO         5507    !!handler_zi        c_w.l(__scatter_zi.o)
    0x080001fc   0x080001fc   0x00000000   Code   RO         5314    .ARM.Collect$$_printf_percent$$00000000  c_w.l(_printf_percent.o)
    0x080001fc   0x080001fc   0x00000006   Code   RO         5313    .ARM.Collect$$_printf_percent$$00000009  c_w.l(_printf_d.o)
    0x08000202   0x08000202   0x00000004   Code   RO         5338    .ARM.Collect$$_printf_percent$$00000017  c_w.l(_printf_percent_end.o)
    0x08000206   0x08000206   0x00000002   Code   RO         5371    .ARM.Collect$$libinit$$00000000  c_w.l(libinit.o)
    0x08000208   0x08000208   0x00000004   Code   RO         5383    .ARM.Collect$$libinit$$00000001  c_w.l(libinit2.o)
    0x0800020c   0x0800020c   0x00000000   Code   RO         5386    .ARM.Collect$$libinit$$00000004  c_w.l(libinit2.o)
    0x0800020c   0x0800020c   0x00000000   Code   RO         5389    .ARM.Collect$$libinit$$0000000A  c_w.l(libinit2.o)
    0x0800020c   0x0800020c   0x00000000   Code   RO         5391    .ARM.Collect$$libinit$$0000000C  c_w.l(libinit2.o)
    0x0800020c   0x0800020c   0x00000000   Code   RO         5393    .ARM.Collect$$libinit$$0000000E  c_w.l(libinit2.o)
    0x0800020c   0x0800020c   0x00000000   Code   RO         5396    .ARM.Collect$$libinit$$00000011  c_w.l(libinit2.o)
    0x0800020c   0x0800020c   0x00000000   Code   RO         5398    .ARM.Collect$$libinit$$00000013  c_w.l(libinit2.o)
    0x0800020c   0x0800020c   0x00000000   Code   RO         5400    .ARM.Collect$$libinit$$00000015  c_w.l(libinit2.o)
    0x0800020c   0x0800020c   0x00000000   Code   RO         5402    .ARM.Collect$$libinit$$00000017  c_w.l(libinit2.o)
    0x0800020c   0x0800020c   0x00000000   Code   RO         5404    .ARM.Collect$$libinit$$00000019  c_w.l(libinit2.o)
    0x0800020c   0x0800020c   0x00000000   Code   RO         5406    .ARM.Collect$$libinit$$0000001B  c_w.l(libinit2.o)
    0x0800020c   0x0800020c   0x00000000   Code   RO         5408    .ARM.Collect$$libinit$$0000001D  c_w.l(libinit2.o)
    0x0800020c   0x0800020c   0x00000000   Code   RO         5410    .ARM.Collect$$libinit$$0000001F  c_w.l(libinit2.o)
    0x0800020c   0x0800020c   0x00000000   Code   RO         5412    .ARM.Collect$$libinit$$00000021  c_w.l(libinit2.o)
    0x0800020c   0x0800020c   0x00000000   Code   RO         5414    .ARM.Collect$$libinit$$00000023  c_w.l(libinit2.o)
    0x0800020c   0x0800020c   0x00000000   Code   RO         5416    .ARM.Collect$$libinit$$00000025  c_w.l(libinit2.o)
    0x0800020c   0x0800020c   0x00000000   Code   RO         5420    .ARM.Collect$$libinit$$0000002C  c_w.l(libinit2.o)
    0x0800020c   0x0800020c   0x00000000   Code   RO         5422    .ARM.Collect$$libinit$$0000002E  c_w.l(libinit2.o)
    0x0800020c   0x0800020c   0x00000000   Code   RO         5424    .ARM.Collect$$libinit$$00000030  c_w.l(libinit2.o)
    0x0800020c   0x0800020c   0x00000000   Code   RO         5426    .ARM.Collect$$libinit$$00000032  c_w.l(libinit2.o)
    0x0800020c   0x0800020c   0x00000002   Code   RO         5427    .ARM.Collect$$libinit$$00000033  c_w.l(libinit2.o)
    0x0800020e   0x0800020e   0x00000002   Code   RO         5458    .ARM.Collect$$libshutdown$$00000000  c_w.l(libshutdown.o)
    0x08000210   0x08000210   0x00000000   Code   RO         5484    .ARM.Collect$$libshutdown$$00000002  c_w.l(libshutdown2.o)
    0x08000210   0x08000210   0x00000000   Code   RO         5486    .ARM.Collect$$libshutdown$$00000004  c_w.l(libshutdown2.o)
    0x08000210   0x08000210   0x00000000   Code   RO         5488    .ARM.Collect$$libshutdown$$00000006  c_w.l(libshutdown2.o)
    0x08000210   0x08000210   0x00000000   Code   RO         5491    .ARM.Collect$$libshutdown$$00000009  c_w.l(libshutdown2.o)
    0x08000210   0x08000210   0x00000000   Code   RO         5494    .ARM.Collect$$libshutdown$$0000000C  c_w.l(libshutdown2.o)
    0x08000210   0x08000210   0x00000000   Code   RO         5496    .ARM.Collect$$libshutdown$$0000000E  c_w.l(libshutdown2.o)
    0x08000210   0x08000210   0x00000000   Code   RO         5499    .ARM.Collect$$libshutdown$$00000011  c_w.l(libshutdown2.o)
    0x08000210   0x08000210   0x00000002   Code   RO         5500    .ARM.Collect$$libshutdown$$00000012  c_w.l(libshutdown2.o)
    0x08000212   0x08000212   0x00000000   Code   RO         5327    .ARM.Collect$$rtentry$$00000000  c_w.l(__rtentry.o)
    0x08000212   0x08000212   0x00000000   Code   RO         5340    .ARM.Collect$$rtentry$$00000002  c_w.l(__rtentry2.o)
    0x08000212   0x08000212   0x00000006   Code   RO         5352    .ARM.Collect$$rtentry$$00000004  c_w.l(__rtentry4.o)
    0x08000218   0x08000218   0x00000000   Code   RO         5342    .ARM.Collect$$rtentry$$00000009  c_w.l(__rtentry2.o)
    0x08000218   0x08000218   0x00000004   Code   RO         5343    .ARM.Collect$$rtentry$$0000000A  c_w.l(__rtentry2.o)
    0x0800021c   0x0800021c   0x00000000   Code   RO         5345    .ARM.Collect$$rtentry$$0000000C  c_w.l(__rtentry2.o)
    0x0800021c   0x0800021c   0x00000008   Code   RO         5346    .ARM.Collect$$rtentry$$0000000D  c_w.l(__rtentry2.o)
    0x08000224   0x08000224   0x00000002   Code   RO         5375    .ARM.Collect$$rtexit$$00000000  c_w.l(rtexit.o)
    0x08000226   0x08000226   0x00000000   Code   RO         5431    .ARM.Collect$$rtexit$$00000002  c_w.l(rtexit2.o)
    0x08000226   0x08000226   0x00000004   Code   RO         5432    .ARM.Collect$$rtexit$$00000003  c_w.l(rtexit2.o)
    0x0800022a   0x0800022a   0x00000006   Code   RO         5433    .ARM.Collect$$rtexit$$00000004  c_w.l(rtexit2.o)
    0x08000230   0x08000230   0x000000be   Code   RO         5208    .emb_text           port.o
    0x080002ee   0x080002ee   0x00000002   PAD
    0x080002f0   0x080002f0   0x00000040   Code   RO            4    .text               startup_stm32f303xc.o
    0x08000330   0x08000330   0x000000ee   Code   RO         5281    .text               c_w.l(lludivv7m.o)
    0x0800041e   0x0800041e   0x00000002   PAD
    0x08000420   0x08000420   0x00000028   Code   RO         5287    .text               c_w.l(noretval__2sprintf.o)
    0x08000448   0x08000448   0x00000068   Code   RO         5289    .text               c_w.l(__printf.o)
    0x080004b0   0x080004b0   0x00000078   Code   RO         5291    .text               c_w.l(_printf_dec.o)
    0x08000528   0x08000528   0x0000003e   Code   RO         5315    .text               c_w.l(strlen.o)
    0x08000566   0x08000566   0x0000008a   Code   RO         5317    .text               c_w.l(rt_memcpy_v6.o)
    0x080005f0   0x080005f0   0x00000064   Code   RO         5319    .text               c_w.l(rt_memcpy_w.o)
    0x08000654   0x08000654   0x0000004e   Code   RO         5321    .text               c_w.l(rt_memclr_w.o)
    0x080006a2   0x080006a2   0x00000006   Code   RO         5323    .text               c_w.l(heapauxi.o)
    0x080006a8   0x080006a8   0x000000b2   Code   RO         5332    .text               c_w.l(_printf_intcommon.o)
    0x0800075a   0x0800075a   0x00000002   PAD
    0x0800075c   0x0800075c   0x00000030   Code   RO         5334    .text               c_w.l(_printf_char_common.o)
    0x0800078c   0x0800078c   0x0000000a   Code   RO         5336    .text               c_w.l(_sputc.o)
    0x08000796   0x08000796   0x0000004a   Code   RO         5358    .text               c_w.l(sys_stackheap_outer.o)
    0x080007e0   0x080007e0   0x00000012   Code   RO         5360    .text               c_w.l(exit.o)
    0x080007f2   0x080007f2   0x00000002   PAD
    0x080007f4   0x080007f4   0x00000008   Code   RO         5372    .text               c_w.l(libspace.o)
    0x080007fc   0x080007fc   0x0000000c   Code   RO         5428    .text               c_w.l(sys_exit.o)
    0x08000808   0x08000808   0x00000002   Code   RO         5447    .text               c_w.l(use_no_semi.o)
    0x0800080a   0x0800080a   0x00000000   Code   RO         5449    .text               c_w.l(indicate_semi.o)
    0x0800080a   0x0800080a   0x00000002   Code   RO          255    i.BusFault_Handler  stm32f3xx_it.o
    0x0800080c   0x0800080c   0x00000002   Code   RO          256    i.DebugMon_Handler  stm32f3xx_it.o
    0x0800080e   0x0800080e   0x00000002   PAD
    0x08000810   0x08000810   0x000001d0   Code   RO         1420    i.HAL_GPIO_Init     stm32f3xx_hal_gpio.o
    0x080009e0   0x080009e0   0x0000000a   Code   RO         1422    i.HAL_GPIO_ReadPin  stm32f3xx_hal_gpio.o
    0x080009ea   0x080009ea   0x0000000a   Code   RO         1424    i.HAL_GPIO_WritePin  stm32f3xx_hal_gpio.o
    0x080009f4   0x080009f4   0x0000000c   Code   RO         1107    i.HAL_GetTick       stm32f3xx_hal.o
    0x08000a00   0x08000a00   0x00000056   Code   RO         1042    i.HAL_I2CEx_ConfigAnalogFilter  stm32f3xx_hal_i2c_ex.o
    0x08000a56   0x08000a56   0x00000052   Code   RO         1043    i.HAL_I2CEx_ConfigDigitalFilter  stm32f3xx_hal_i2c_ex.o
    0x08000aa8   0x08000aa8   0x000000b8   Code   RO          591    i.HAL_I2C_Init      stm32f3xx_hal_i2c.o
    0x08000b60   0x08000b60   0x00000064   Code   RO          338    i.HAL_I2C_MspInit   stm32f3xx_hal_msp.o
    0x08000bc4   0x08000bc4   0x00000010   Code   RO         1113    i.HAL_IncTick       stm32f3xx_hal.o
    0x08000bd4   0x08000bd4   0x00000024   Code   RO         1114    i.HAL_Init          stm32f3xx_hal.o
    0x08000bf8   0x08000bf8   0x00000074   Code   RO          409    i.HAL_InitTick      stm32f3xx_hal_timebase_tim.o
    0x08000c6c   0x08000c6c   0x0000002c   Code   RO          339    i.HAL_MspInit       stm32f3xx_hal_msp.o
    0x08000c98   0x08000c98   0x0000001a   Code   RO         1588    i.HAL_NVIC_EnableIRQ  stm32f3xx_hal_cortex.o
    0x08000cb2   0x08000cb2   0x00000002   PAD
    0x08000cb4   0x08000cb4   0x00000040   Code   RO         1594    i.HAL_NVIC_SetPriority  stm32f3xx_hal_cortex.o
    0x08000cf4   0x08000cf4   0x00000024   Code   RO         1595    i.HAL_NVIC_SetPriorityGrouping  stm32f3xx_hal_cortex.o
    0x08000d18   0x08000d18   0x000000a6   Code   RO         3949    i.HAL_PCD_Init      stm32f3xx_hal_pcd.o
    0x08000dbe   0x08000dbe   0x00000002   PAD
    0x08000dc0   0x08000dc0   0x00000064   Code   RO          341    i.HAL_PCD_MspInit   stm32f3xx_hal_msp.o
    0x08000e24   0x08000e24   0x00000218   Code   RO         1377    i.HAL_RCCEx_PeriphCLKConfig  stm32f3xx_hal_rcc_ex.o
    0x0800103c   0x0800103c   0x00000148   Code   RO         1271    i.HAL_RCC_ClockConfig  stm32f3xx_hal_rcc.o
    0x08001184   0x08001184   0x00000040   Code   RO         1275    i.HAL_RCC_GetClockConfig  stm32f3xx_hal_rcc.o
    0x080011c4   0x080011c4   0x00000030   Code   RO         1278    i.HAL_RCC_GetPCLK1Freq  stm32f3xx_hal_rcc.o
    0x080011f4   0x080011f4   0x00000030   Code   RO         1279    i.HAL_RCC_GetPCLK2Freq  stm32f3xx_hal_rcc.o
    0x08001224   0x08001224   0x0000006c   Code   RO         1280    i.HAL_RCC_GetSysClockFreq  stm32f3xx_hal_rcc.o
    0x08001290   0x08001290   0x000005c8   Code   RO         1283    i.HAL_RCC_OscConfig  stm32f3xx_hal_rcc.o
    0x08001858   0x08001858   0x000000ea   Code   RO         2127    i.HAL_SPI_Init      stm32f3xx_hal_spi.o
    0x08001942   0x08001942   0x00000002   PAD
    0x08001944   0x08001944   0x00000064   Code   RO          343    i.HAL_SPI_MspInit   stm32f3xx_hal_msp.o
    0x080019a8   0x080019a8   0x00000002   Code   RO         3183    i.HAL_TIMEx_Break2Callback  stm32f3xx_hal_tim_ex.o
    0x080019aa   0x080019aa   0x00000002   Code   RO         3184    i.HAL_TIMEx_BreakCallback  stm32f3xx_hal_tim_ex.o
    0x080019ac   0x080019ac   0x00000002   Code   RO         3185    i.HAL_TIMEx_CommutCallback  stm32f3xx_hal_tim_ex.o
    0x080019ae   0x080019ae   0x00000062   Code   RO         2469    i.HAL_TIM_Base_Init  stm32f3xx_hal_tim.o
    0x08001a10   0x08001a10   0x00000002   Code   RO         2471    i.HAL_TIM_Base_MspInit  stm32f3xx_hal_tim.o
    0x08001a12   0x08001a12   0x00000002   PAD
    0x08001a14   0x08001a14   0x00000078   Code   RO         2474    i.HAL_TIM_Base_Start_IT  stm32f3xx_hal_tim.o
    0x08001a8c   0x08001a8c   0x00000002   Code   RO         2503    i.HAL_TIM_IC_CaptureCallback  stm32f3xx_hal_tim.o
    0x08001a8e   0x08001a8e   0x00000184   Code   RO         2517    i.HAL_TIM_IRQHandler  stm32f3xx_hal_tim.o
    0x08001c12   0x08001c12   0x00000002   Code   RO         2520    i.HAL_TIM_OC_DelayElapsedCallback  stm32f3xx_hal_tim.o
    0x08001c14   0x08001c14   0x00000002   Code   RO         2547    i.HAL_TIM_PWM_PulseFinishedCallback  stm32f3xx_hal_tim.o
    0x08001c16   0x08001c16   0x00000002   PAD
    0x08001c18   0x08001c18   0x00000014   Code   RO           14    i.HAL_TIM_PeriodElapsedCallback  main.o
    0x08001c2c   0x08001c2c   0x00000002   Code   RO         2560    i.HAL_TIM_TriggerCallback  stm32f3xx_hal_tim.o
    0x08001c2e   0x08001c2e   0x00000066   Code   RO         3491    i.HAL_UART_Init     stm32f3xx_hal_uart.o
    0x08001c94   0x08001c94   0x00000064   Code   RO          345    i.HAL_UART_MspInit  stm32f3xx_hal_msp.o
    0x08001cf8   0x08001cf8   0x000000b6   Code   RO         3500    i.HAL_UART_Transmit  stm32f3xx_hal_uart.o
    0x08001dae   0x08001dae   0x00000002   Code   RO          257    i.HardFault_Handler  stm32f3xx_it.o
    0x08001db0   0x08001db0   0x000000b4   Code   RO           15    i.MX_GPIO_Init      main.o
    0x08001e64   0x08001e64   0x00000054   Code   RO           16    i.MX_I2C1_Init      main.o
    0x08001eb8   0x08001eb8   0x0000004c   Code   RO           17    i.MX_SPI1_Init      main.o
    0x08001f04   0x08001f04   0x00000038   Code   RO           18    i.MX_USART1_UART_Init  main.o
    0x08001f3c   0x08001f3c   0x00000002   Code   RO          258    i.MemManage_Handler  stm32f3xx_it.o
    0x08001f3e   0x08001f3e   0x00000002   Code   RO          259    i.NMI_Handler       stm32f3xx_it.o
    0x08001f40   0x08001f40   0x0000002c   Code   RO         5209    i.SysTick_Handler   port.o
    0x08001f6c   0x08001f6c   0x0000008c   Code   RO           19    i.SystemClock_Config  main.o
    0x08001ff8   0x08001ff8   0x00000010   Code   RO         4200    i.SystemInit        system_stm32f3xx.o
    0x08002008   0x08002008   0x0000000c   Code   RO          263    i.TIM3_IRQHandler   stm32f3xx_it.o
    0x08002014   0x08002014   0x000000b0   Code   RO         2562    i.TIM_Base_SetConfig  stm32f3xx_hal_tim.o
    0x080020c4   0x080020c4   0x000000c8   Code   RO         3505    i.UART_AdvFeatureConfig  stm32f3xx_hal_uart.o
    0x0800218c   0x0800218c   0x0000005c   Code   RO         3506    i.UART_CheckIdleState  stm32f3xx_hal_uart.o
    0x080021e8   0x080021e8   0x000001c8   Code   RO         3521    i.UART_SetConfig    stm32f3xx_hal_uart.o
    0x080023b0   0x080023b0   0x000000c6   Code   RO         3526    i.UART_WaitOnFlagUntilTimeout  stm32f3xx_hal_uart.o
    0x08002476   0x08002476   0x00000012   Code   RO          455    i.USB_DevInit       stm32f3xx_ll_usb.o
    0x08002488   0x08002488   0x0000000e   Code   RO          456    i.USB_DisableGlobalInt  stm32f3xx_ll_usb.o
    0x08002496   0x08002496   0x00000002   Code   RO          264    i.UsageFault_Handler  stm32f3xx_it.o
    0x08002498   0x08002498   0x00000020   Code   RO         1601    i.__NVIC_SetPriority  stm32f3xx_hal_cortex.o
    0x080024b8   0x080024b8   0x000000cc   Code   RO           20    i.main              main.o
    0x08002584   0x08002584   0x00000078   Code   RO         4695    i.prvAddCurrentTaskToDelayedList  tasks.o
    0x080025fc   0x080025fc   0x000000ec   Code   RO         4696    i.prvAddNewTaskToReadyList  tasks.o
    0x080026e8   0x080026e8   0x00000050   Code   RO         5018    i.prvCheckForValidListAndQueue  timers.o
    0x08002738   0x08002738   0x00000026   Code   RO         4375    i.prvCopyDataFromQueue  queue.o
    0x0800275e   0x0800275e   0x0000006c   Code   RO         4376    i.prvCopyDataToQueue  queue.o
    0x080027ca   0x080027ca   0x00000014   Code   RO         4697    i.prvDeleteTCB      tasks.o
    0x080027de   0x080027de   0x00000002   PAD
    0x080027e0   0x080027e0   0x0000004c   Code   RO         5153    i.prvHeapInit       heap_4.o
    0x0800282c   0x0800282c   0x00000060   Code   RO         4698    i.prvIdleTask       tasks.o
    0x0800288c   0x0800288c   0x00000080   Code   RO         4699    i.prvInitialiseNewTask  tasks.o
    0x0800290c   0x0800290c   0x0000004c   Code   RO         5154    i.prvInsertBlockIntoFreeList  heap_4.o
    0x08002958   0x08002958   0x00000038   Code   RO         5019    i.prvInsertTimerInActiveList  timers.o
    0x08002990   0x08002990   0x0000001c   Code   RO         4377    i.prvIsQueueEmpty   queue.o
    0x080029ac   0x080029ac   0x00000040   Code   RO         5020    i.prvProcessExpiredTimer  timers.o
    0x080029ec   0x080029ec   0x000000e4   Code   RO         5021    i.prvProcessReceivedCommands  timers.o
    0x08002ad0   0x08002ad0   0x0000006c   Code   RO         5022    i.prvProcessTimerOrBlockTask  timers.o
    0x08002b3c   0x08002b3c   0x00000028   Code   RO         5023    i.prvReloadTimer    timers.o
    0x08002b64   0x08002b64   0x0000001c   Code   RO         4700    i.prvResetNextTaskUnblockTime  tasks.o
    0x08002b80   0x08002b80   0x00000048   Code   RO         5024    i.prvSampleTimeNow  timers.o
    0x08002bc8   0x08002bc8   0x00000010   Code   RO         5210    i.prvTaskExitError  port.o
    0x08002bd8   0x08002bd8   0x00000024   Code   RO         5025    i.prvTimerTask      timers.o
    0x08002bfc   0x08002bfc   0x0000006a   Code   RO         4378    i.prvUnlockQueue    queue.o
    0x08002c66   0x08002c66   0x00000002   PAD
    0x08002c68   0x08002c68   0x000000b0   Code   RO         5155    i.pvPortMalloc      heap_4.o
    0x08002d18   0x08002d18   0x00000018   Code   RO         4702    i.pvTaskIncrementMutexHeldCount  tasks.o
    0x08002d30   0x08002d30   0x0000002c   Code   RO         5211    i.pxPortInitialiseStack  port.o
    0x08002d5c   0x08002d5c   0x00000084   Code   RO         4703    i.ulTaskGenericNotifyTake  tasks.o
    0x08002de0   0x08002de0   0x00000026   Code   RO         4335    i.uxListRemove      list.o
    0x08002e06   0x08002e06   0x00000016   Code   RO         4336    i.vListInitialise   list.o
    0x08002e1c   0x08002e1c   0x00000006   Code   RO         4337    i.vListInitialiseItem  list.o
    0x08002e22   0x08002e22   0x00000030   Code   RO         4338    i.vListInsert       list.o
    0x08002e52   0x08002e52   0x00000002   PAD
    0x08002e54   0x08002e54   0x0000001c   Code   RO         5213    i.vPortEnterCritical  port.o
    0x08002e70   0x08002e70   0x00000014   Code   RO         5214    i.vPortExitCritical  port.o
    0x08002e84   0x08002e84   0x00000044   Code   RO         5156    i.vPortFree         heap_4.o
    0x08002ec8   0x08002ec8   0x00000018   Code   RO         5215    i.vPortSetupTimerInterrupt  port.o
    0x08002ee0   0x08002ee0   0x0000003c   Code   RO         4382    i.vQueueAddToRegistry  queue.o
    0x08002f1c   0x08002f1c   0x00000044   Code   RO         4385    i.vQueueWaitForMessageRestricted  queue.o
    0x08002f60   0x08002f60   0x00000098   Code   RO           21    i.vTaskCode_ONE     main.o
    0x08002ff8   0x08002ff8   0x00000098   Code   RO           22    i.vTaskCode_TWO     main.o
    0x08003090   0x08003090   0x000000bc   Code   RO           23    i.vTaskCode_UART    main.o
    0x0800314c   0x0800314c   0x00000030   Code   RO         4709    i.vTaskDelay        tasks.o
    0x0800317c   0x0800317c   0x00000010   Code   RO         4713    i.vTaskInternalSetTimeOutState  tasks.o
    0x0800318c   0x0800318c   0x0000000c   Code   RO         4714    i.vTaskMissedYield  tasks.o
    0x08003198   0x08003198   0x00000020   Code   RO         4715    i.vTaskPlaceOnEventList  tasks.o
    0x080031b8   0x080031b8   0x00000040   Code   RO         4716    i.vTaskPlaceOnEventListRestricted  tasks.o
    0x080031f8   0x080031f8   0x00000088   Code   RO         4718    i.vTaskPriorityDisinheritAfterTimeout  tasks.o
    0x08003280   0x08003280   0x00000058   Code   RO         4723    i.vTaskStartScheduler  tasks.o
    0x080032d8   0x080032d8   0x00000010   Code   RO         4725    i.vTaskSuspendAll   tasks.o
    0x080032e8   0x080032e8   0x00000050   Code   RO         4726    i.vTaskSwitchContext  tasks.o
    0x08003338   0x08003338   0x00000040   Code   RO         5216    i.xPortStartScheduler  port.o
    0x08003378   0x08003378   0x00000024   Code   RO         4387    i.xQueueCreateMutex  queue.o
    0x0800339c   0x0800339c   0x00000046   Code   RO         4388    i.xQueueGenericCreate  queue.o
    0x080033e2   0x080033e2   0x00000002   PAD
    0x080033e4   0x080033e4   0x00000094   Code   RO         4389    i.xQueueGenericReset  queue.o
    0x08003478   0x08003478   0x000000f8   Code   RO         4390    i.xQueueGenericSend  queue.o
    0x08003570   0x08003570   0x000000f0   Code   RO         4398    i.xQueueReceive     queue.o
    0x08003660   0x08003660   0x00000128   Code   RO         4400    i.xQueueSemaphoreTake  queue.o
    0x08003788   0x08003788   0x00000058   Code   RO         4728    i.xTaskCheckForTimeOut  tasks.o
    0x080037e0   0x080037e0   0x00000056   Code   RO         4729    i.xTaskCreate       tasks.o
    0x08003836   0x08003836   0x00000002   PAD
    0x08003838   0x08003838   0x000000f4   Code   RO         4731    i.xTaskGenericNotify  tasks.o
    0x0800392c   0x0800392c   0x0000000c   Code   RO         4737    i.xTaskGetTickCount  tasks.o
    0x08003938   0x08003938   0x000000fc   Code   RO         4739    i.xTaskIncrementTick  tasks.o
    0x08003a34   0x08003a34   0x0000007c   Code   RO         4740    i.xTaskPriorityDisinherit  tasks.o
    0x08003ab0   0x08003ab0   0x000000a0   Code   RO         4741    i.xTaskPriorityInherit  tasks.o
    0x08003b50   0x08003b50   0x000000c4   Code   RO         4742    i.xTaskRemoveFromEventList  tasks.o
    0x08003c14   0x08003c14   0x00000114   Code   RO         4743    i.xTaskResumeAll    tasks.o
    0x08003d28   0x08003d28   0x0000003c   Code   RO         5031    i.xTimerCreateTimerTask  timers.o
    0x08003d64   0x08003d64   0x0000000a   Code   RO         5443    x$fpl$fpinit        fz_wm.l(fpinit.o)
    0x08003d6e   0x08003d6e   0x00000020   Data   RO         1284    .constdata          stm32f3xx_hal_rcc.o
    0x08003d8e   0x08003d8e   0x00000010   Data   RO         4201    .constdata          system_stm32f3xx.o
    0x08003d9e   0x08003d9e   0x00000008   Data   RO         4202    .constdata          system_stm32f3xx.o
    0x08003da6   0x08003da6   0x00000002   PAD
    0x08003da8   0x08003da8   0x00000020   Data   RO         5501    Region$$Table       anon$$obj.o


    Execution Region RW_IRAM2 (Exec base: 0x10000000, Load base: 0x08003e68, Size: 0x00000000, Max: 0x00002000, ABSOLUTE)

    **** No section assigned to this execution region ****


    Execution Region RW_IRAM1 (Exec base: 0x20000000, Load base: 0x08003dc8, Size: 0x00005ab0, Max: 0x0000a000, ABSOLUTE)

    Exec Addr    Load Addr    Size         Type   Attr      Idx    E Section Name        Object

    0x20000000   0x08003dc8   0x00000018   Data   RW           25    .data               main.o
    0x20000018   0x08003de0   0x0000000c   Data   RW         1121    .data               stm32f3xx_hal.o
    0x20000024   0x08003dec   0x00000004   Data   RW         4203    .data               system_stm32f3xx.o
    0x20000028   0x08003df0   0x00000040   Data   RW         4746    .data               tasks.o
    0x20000068   0x08003e30   0x00000014   Data   RW         5040    .data               timers.o
    0x2000007c   0x08003e44   0x00000020   Data   RW         5162    .data               heap_4.o
    0x2000009c   0x08003e64   0x00000004   Data   RW         5217    .data               port.o
    0x200000a0        -       0x00000420   Zero   RW           24    .bss                main.o
    0x200004c0        -       0x0000004c   Zero   RW          412    .bss                stm32f3xx_hal_timebase_tim.o
    0x2000050c        -       0x00000050   Zero   RW         4402    .bss                queue.o
    0x2000055c        -       0x000000c8   Zero   RW         4745    .bss                tasks.o
    0x20000624        -       0x00000028   Zero   RW         5039    .bss                timers.o
    0x2000064c        -       0x00004400   Zero   RW         5161    .bss                heap_4.o
    0x20004a4c        -       0x00000060   Zero   RW         5373    .bss                c_w.l(libspace.o)
    0x20004aac   0x08003e68   0x00000004   PAD
    0x20004ab0        -       0x00000800   Zero   RW            2    HEAP                startup_stm32f303xc.o
    0x200052b0        -       0x00000800   Zero   RW            1    STACK               startup_stm32f303xc.o


==============================================================================

Image component sizes


      Code (inc. data)   RO Data    RW Data    ZI Data      Debug   Object Name

         0          0          0          0          0      14108   event_groups.o
       396         24          0         32      17408       3943   heap_4.o
       114          0          0          0          0       2701   list.o
      1252        222          0         24       1056     639355   main.o
       430         50          0          4          0       9116   port.o
      1446         24          0          0         80      15289   queue.o
        64         26        392          0       4096        852   startup_stm32f303xc.o
        64         14          0         12          0      12154   stm32f3xx_hal.o
       158         14          0          0          0      33198   stm32f3xx_hal_cortex.o
       484         30          0          0          0       2955   stm32f3xx_hal_gpio.o
       184          6          0          0          0       2875   stm32f3xx_hal_i2c.o
       168          0          0          0          0       1935   stm32f3xx_hal_i2c_ex.o
       444         48          0          0          0       3819   stm32f3xx_hal_msp.o
       166          0          0          0          0       1468   stm32f3xx_hal_pcd.o
      2076         86         32          0          0       6541   stm32f3xx_hal_rcc.o
       536         14          0          0          0       1600   stm32f3xx_hal_rcc_ex.o
       234          0          0          0          0       1263   stm32f3xx_hal_spi.o
       792         56          0          0          0       7500   stm32f3xx_hal_tim.o
         6          0          0          0          0       2192   stm32f3xx_hal_tim_ex.o
       116         16          0          0         76       1451   stm32f3xx_hal_timebase_tim.o
      1230         50          0          0          0       6361   stm32f3xx_hal_uart.o
        24          6          0          0          0       3315   stm32f3xx_it.o
        32          0          0          0          0       1808   stm32f3xx_ll_usb.o
        16          4         24          4          0       1151   system_stm32f3xx.o
      2714        202          0         64        200      34797   tasks.o
       744         82          0         20         40      10548   timers.o

    ----------------------------------------------------------------------
     13914        974        482        160      22956     822295   Object Totals
         0          0         32          0          0          0   (incl. Generated)
        24          0          2          0          0          0   (incl. Padding)

    ----------------------------------------------------------------------

      Code (inc. data)   RO Data    RW Data    ZI Data      Debug   Library Member Name

         8          0          0          0          0         68   __main.o
       104          0          0          0          0         84   __printf.o
         0          0          0          0          0          0   __rtentry.o
        12          0          0          0          0          0   __rtentry2.o
         6          0          0          0          0          0   __rtentry4.o
        52          8          0          0          0          0   __scatter.o
        26          0          0          0          0          0   __scatter_copy.o
        28          0          0          0          0          0   __scatter_zi.o
        48          6          0          0          0         96   _printf_char_common.o
         6          0          0          0          0          0   _printf_d.o
       120         16          0          0          0         92   _printf_dec.o
       178          0          0          0          0         88   _printf_intcommon.o
         0          0          0          0          0          0   _printf_percent.o
         4          0          0          0          0          0   _printf_percent_end.o
        10          0          0          0          0         68   _sputc.o
        18          0          0          0          0         80   exit.o
         6          0          0          0          0        152   heapauxi.o
         0          0          0          0          0          0   indicate_semi.o
         2          0          0          0          0          0   libinit.o
         6          0          0          0          0          0   libinit2.o
         2          0          0          0          0          0   libshutdown.o
         2          0          0          0          0          0   libshutdown2.o
         8          4          0          0         96         68   libspace.o
       238          0          0          0          0        100   lludivv7m.o
        40          6          0          0          0         84   noretval__2sprintf.o
        78          0          0          0          0         80   rt_memclr_w.o
       138          0          0          0          0         68   rt_memcpy_v6.o
       100          0          0          0          0         80   rt_memcpy_w.o
         2          0          0          0          0          0   rtexit.o
        10          0          0          0          0          0   rtexit2.o
        62          0          0          0          0         76   strlen.o
        12          4          0          0          0         68   sys_exit.o
        74          0          0          0          0         80   sys_stackheap_outer.o
         2          0          0          0          0         68   use_no_semi.o
        10          0          0          0          0        116   fpinit.o

    ----------------------------------------------------------------------
      1420         44          0          0        100       1616   Library Totals
         8          0          0          0          4          0   (incl. Padding)

    ----------------------------------------------------------------------

      Code (inc. data)   RO Data    RW Data    ZI Data      Debug   Library Name

      1402         44          0          0         96       1500   c_w.l
        10          0          0          0          0        116   fz_wm.l

    ----------------------------------------------------------------------
      1420         44          0          0        100       1616   Library Totals

    ----------------------------------------------------------------------

==============================================================================


      Code (inc. data)   RO Data    RW Data    ZI Data      Debug   

     15334       1018        482        160      23056     811083   Grand Totals
     15334       1018        482        160      23056     811083   ELF Image Totals
     15334       1018        482        160          0          0   ROM Totals

==============================================================================

    Total RO  Size (Code + RO Data)                15816 (  15.45kB)
    Total RW  Size (RW Data + ZI Data)             23216 (  22.67kB)
    Total ROM Size (Code + RO Data + RW Data)      15976 (  15.60kB)

==============================================================================

