Component: ARM Compiler 5.06 update 7 (build 960) Tool: armlink [4d3601]

==============================================================================

Section Cross References

    startup_stm32f303xc.o(RESET) refers to startup_stm32f303xc.o(STACK) for __initial_sp
    startup_stm32f303xc.o(RESET) refers to startup_stm32f303xc.o(.text) for Reset_Handler
    startup_stm32f303xc.o(RESET) refers to stm32f3xx_it.o(i.NMI_Handler) for NMI_Handler
    startup_stm32f303xc.o(RESET) refers to stm32f3xx_it.o(i.HardFault_Handler) for HardFault_Handler
    startup_stm32f303xc.o(RESET) refers to stm32f3xx_it.o(i.MemManage_Handler) for MemManage_Handler
    startup_stm32f303xc.o(RESET) refers to stm32f3xx_it.o(i.BusFault_Handler) for BusFault_Handler
    startup_stm32f303xc.o(RESET) refers to stm32f3xx_it.o(i.UsageFault_Handler) for UsageFault_Handler
    startup_stm32f303xc.o(RESET) refers to port.o(.emb_text) for SVC_Handler
    startup_stm32f303xc.o(RESET) refers to stm32f3xx_it.o(i.DebugMon_Handler) for DebugMon_Handler
    startup_stm32f303xc.o(RESET) refers to port.o(i.SysTick_Handler) for SysTick_Handler
    startup_stm32f303xc.o(RESET) refers to stm32f3xx_it.o(i.TIM3_IRQHandler) for TIM3_IRQHandler
    startup_stm32f303xc.o(.text) refers to system_stm32f3xx.o(i.SystemInit) for SystemInit
    startup_stm32f303xc.o(.text) refers to entry.o(.ARM.Collect$$$$00000000) for __main
    main.o(i.HAL_TIM_PeriodElapsedCallback) refers to stm32f3xx_hal.o(i.HAL_IncTick) for HAL_IncTick
    main.o(i.MX_GPIO_Init) refers to memseta.o(.text) for __aeabi_memclr4
    main.o(i.MX_GPIO_Init) refers to stm32f3xx_hal_gpio.o(i.HAL_GPIO_WritePin) for HAL_GPIO_WritePin
    main.o(i.MX_GPIO_Init) refers to stm32f3xx_hal_gpio.o(i.HAL_GPIO_Init) for HAL_GPIO_Init
    main.o(i.MX_I2C1_Init) refers to stm32f3xx_hal_i2c.o(i.HAL_I2C_Init) for HAL_I2C_Init
    main.o(i.MX_I2C1_Init) refers to stm32f3xx_hal_i2c_ex.o(i.HAL_I2CEx_ConfigAnalogFilter) for HAL_I2CEx_ConfigAnalogFilter
    main.o(i.MX_I2C1_Init) refers to stm32f3xx_hal_i2c_ex.o(i.HAL_I2CEx_ConfigDigitalFilter) for HAL_I2CEx_ConfigDigitalFilter
    main.o(i.MX_I2C1_Init) refers to main.o(.bss) for .bss
    main.o(i.MX_SPI1_Init) refers to stm32f3xx_hal_spi.o(i.HAL_SPI_Init) for HAL_SPI_Init
    main.o(i.MX_SPI1_Init) refers to main.o(.bss) for .bss
    main.o(i.SystemClock_Config) refers to memseta.o(.text) for __aeabi_memclr4
    main.o(i.SystemClock_Config) refers to stm32f3xx_hal_rcc.o(i.HAL_RCC_OscConfig) for HAL_RCC_OscConfig
    main.o(i.SystemClock_Config) refers to stm32f3xx_hal_rcc.o(i.HAL_RCC_ClockConfig) for HAL_RCC_ClockConfig
    main.o(i.SystemClock_Config) refers to stm32f3xx_hal_rcc_ex.o(i.HAL_RCCEx_PeriphCLKConfig) for HAL_RCCEx_PeriphCLKConfig
    main.o(i.main) refers to stm32f3xx_hal.o(i.HAL_Init) for HAL_Init
    main.o(i.main) refers to main.o(i.SystemClock_Config) for SystemClock_Config
    main.o(i.main) refers to main.o(i.MX_GPIO_Init) for MX_GPIO_Init
    main.o(i.main) refers to main.o(i.MX_I2C1_Init) for MX_I2C1_Init
    main.o(i.main) refers to main.o(i.MX_SPI1_Init) for MX_SPI1_Init
    main.o(i.main) refers to stm32f3xx_hal_pcd.o(i.HAL_PCD_Init) for HAL_PCD_Init
    main.o(i.main) refers to tasks.o(i.xTaskCreateStatic) for xTaskCreateStatic
    main.o(i.main) refers to tasks.o(i.xTaskCreate) for xTaskCreate
    main.o(i.main) refers to tasks.o(i.vTaskStartScheduler) for vTaskStartScheduler
    main.o(i.main) refers to main.o(.bss) for .bss
    main.o(i.main) refers to main.o(i.vTaskCode_STATIC) for vTaskCode_STATIC
    main.o(i.main) refers to main.o(.data) for .data
    main.o(i.main) refers to main.o(i.vTaskCode_DYNAMIC) for vTaskCode_DYNAMIC
    main.o(i.vApplicationGetIdleTaskMemory) refers to main.o(.bss) for .bss
    main.o(i.vApplicationGetTimerTaskMemory) refers to main.o(.bss) for .bss
    main.o(i.vApplicationIdleHook) refers to main.o(i.check_stack) for check_stack
    main.o(i.vApplicationIdleHook) refers to stm32f3xx_hal_gpio.o(i.HAL_GPIO_WritePin) for HAL_GPIO_WritePin
    main.o(i.vApplicationIdleHook) refers to main.o(.bss) for .bss
    main.o(i.vTaskCode_DYNAMIC) refers to stm32f3xx_hal_gpio.o(i.HAL_GPIO_TogglePin) for HAL_GPIO_TogglePin
    main.o(i.vTaskCode_DYNAMIC) refers to tasks.o(i.vTaskDelay) for vTaskDelay
    main.o(i.vTaskCode_STATIC) refers to stm32f3xx_hal_gpio.o(i.HAL_GPIO_TogglePin) for HAL_GPIO_TogglePin
    main.o(i.vTaskCode_STATIC) refers to tasks.o(i.vTaskDelay) for vTaskDelay
    stm32f3xx_it.o(i.TIM3_IRQHandler) refers to stm32f3xx_hal_tim.o(i.HAL_TIM_IRQHandler) for HAL_TIM_IRQHandler
    stm32f3xx_it.o(i.TIM3_IRQHandler) refers to stm32f3xx_hal_timebase_tim.o(.bss) for htim3
    stm32f3xx_hal_msp.o(i.HAL_I2C_MspDeInit) refers to stm32f3xx_hal_gpio.o(i.HAL_GPIO_DeInit) for HAL_GPIO_DeInit
    stm32f3xx_hal_msp.o(i.HAL_I2C_MspInit) refers to memseta.o(.text) for __aeabi_memclr4
    stm32f3xx_hal_msp.o(i.HAL_I2C_MspInit) refers to stm32f3xx_hal_gpio.o(i.HAL_GPIO_Init) for HAL_GPIO_Init
[...]
    Removing stm32f3xx_hal_tim.o(i.TIM_TI1_SetConfig), (108 bytes).
    Removing stm32f3xx_hal_tim.o(i.TIM_TI2_ConfigInputStage), (36 bytes).
    Removing stm32f3xx_hal_tim.o(i.TIM_TI2_SetConfig), (54 bytes).
    Removing stm32f3xx_hal_tim_ex.o(.rev16_text), (4 bytes).
    Removing stm32f3xx_hal_tim_ex.o(.revsh_text), (4 bytes).
    Removing stm32f3xx_hal_tim_ex.o(.rrx_text), (6 bytes).
    Removing stm32f3xx_hal_tim_ex.o(i.HAL_TIMEx_CommutHalfCpltCallback), (2 bytes).
    Removing stm32f3xx_hal_tim_ex.o(i.HAL_TIMEx_ConfigBreakDeadTime), (140 bytes).
    Removing stm32f3xx_hal_tim_ex.o(i.HAL_TIMEx_ConfigCommutEvent), (112 bytes).
    Removing stm32f3xx_hal_tim_ex.o(i.HAL_TIMEx_ConfigCommutEvent_DMA), (144 bytes).
    Removing stm32f3xx_hal_tim_ex.o(i.HAL_TIMEx_ConfigCommutEvent_IT), (112 bytes).
    Removing stm32f3xx_hal_tim_ex.o(i.HAL_TIMEx_GetChannelNState), (34 bytes).
    Removing stm32f3xx_hal_tim_ex.o(i.HAL_TIMEx_GroupChannel5), (56 bytes).
    Removing stm32f3xx_hal_tim_ex.o(i.HAL_TIMEx_HallSensor_DeInit), (76 bytes).
    Removing stm32f3xx_hal_tim_ex.o(i.HAL_TIMEx_HallSensor_GetState), (6 bytes).
    Removing stm32f3xx_hal_tim_ex.o(i.HAL_TIMEx_HallSensor_Init), (212 bytes).
    Removing stm32f3xx_hal_tim_ex.o(i.HAL_TIMEx_HallSensor_MspDeInit), (2 bytes).
    Removing stm32f3xx_hal_tim_ex.o(i.HAL_TIMEx_HallSensor_MspInit), (2 bytes).
    Removing stm32f3xx_hal_tim_ex.o(i.HAL_TIMEx_HallSensor_Start), (160 bytes).
    Removing stm32f3xx_hal_tim_ex.o(i.HAL_TIMEx_HallSensor_Start_DMA), (212 bytes).
    Removing stm32f3xx_hal_tim_ex.o(i.HAL_TIMEx_HallSensor_Start_IT), (168 bytes).
    Removing stm32f3xx_hal_tim_ex.o(i.HAL_TIMEx_HallSensor_Stop), (58 bytes).
    Removing stm32f3xx_hal_tim_ex.o(i.HAL_TIMEx_HallSensor_Stop_DMA), (70 bytes).
    Removing stm32f3xx_hal_tim_ex.o(i.HAL_TIMEx_HallSensor_Stop_IT), (68 bytes).
    Removing stm32f3xx_hal_tim_ex.o(i.HAL_TIMEx_MasterConfigSynchronization), (144 bytes).
    Removing stm32f3xx_hal_tim_ex.o(i.HAL_TIMEx_OCN_Start), (184 bytes).
    Removing stm32f3xx_hal_tim_ex.o(i.HAL_TIMEx_OCN_Start_DMA), (380 bytes).
    Removing stm32f3xx_hal_tim_ex.o(i.HAL_TIMEx_OCN_Start_IT), (224 bytes).
    Removing stm32f3xx_hal_tim_ex.o(i.HAL_TIMEx_OCN_Stop), (104 bytes).
    Removing stm32f3xx_hal_tim_ex.o(i.HAL_TIMEx_OCN_Stop_DMA), (168 bytes).
    Removing stm32f3xx_hal_tim_ex.o(i.HAL_TIMEx_OCN_Stop_IT), (170 bytes).
    Removing stm32f3xx_hal_tim_ex.o(i.HAL_TIMEx_OnePulseN_Start), (100 bytes).
    Removing stm32f3xx_hal_tim_ex.o(i.HAL_TIMEx_OnePulseN_Start_IT), (120 bytes).
    Removing stm32f3xx_hal_tim_ex.o(i.HAL_TIMEx_OnePulseN_Stop), (98 bytes).
    Removing stm32f3xx_hal_tim_ex.o(i.HAL_TIMEx_OnePulseN_Stop_IT), (120 bytes).
    Removing stm32f3xx_hal_tim_ex.o(i.HAL_TIMEx_PWMN_Start), (184 bytes).
    Removing stm32f3xx_hal_tim_ex.o(i.HAL_TIMEx_PWMN_Start_DMA), (380 bytes).
    Removing stm32f3xx_hal_tim_ex.o(i.HAL_TIMEx_PWMN_Start_IT), (224 bytes).
    Removing stm32f3xx_hal_tim_ex.o(i.HAL_TIMEx_PWMN_Stop), (104 bytes).
    Removing stm32f3xx_hal_tim_ex.o(i.HAL_TIMEx_PWMN_Stop_DMA), (168 bytes).
    Removing stm32f3xx_hal_tim_ex.o(i.HAL_TIMEx_PWMN_Stop_IT), (170 bytes).
    Removing stm32f3xx_hal_tim_ex.o(i.HAL_TIMEx_RemapConfig), (28 bytes).
    Removing stm32f3xx_hal_tim_ex.o(i.TIMEx_DMACommutationCplt), (16 bytes).
    Removing stm32f3xx_hal_tim_ex.o(i.TIMEx_DMACommutationHalfCplt), (16 bytes).
    Removing stm32f3xx_hal_tim_ex.o(i.TIM_CCxNChannelCmd), (26 bytes).
    Removing stm32f3xx_hal_tim_ex.o(i.TIM_DMADelayPulseNCplt), (94 bytes).
    Removing stm32f3xx_hal_tim_ex.o(i.TIM_DMAErrorCCxN), (62 bytes).
    Removing stm32f3xx_hal_pcd.o(.rev16_text), (4 bytes).
    Removing stm32f3xx_hal_pcd.o(.revsh_text), (4 bytes).
    Removing stm32f3xx_hal_pcd.o(.rrx_text), (6 bytes).
    Removing stm32f3xx_hal_pcd.o(i.HAL_PCD_ActivateRemoteWakeup), (6 bytes).
    Removing stm32f3xx_hal_pcd.o(i.HAL_PCD_ConnectCallback), (2 bytes).
    Removing stm32f3xx_hal_pcd.o(i.HAL_PCD_DataInStageCallback), (2 bytes).
    Removing stm32f3xx_hal_pcd.o(i.HAL_PCD_DataOutStageCallback), (2 bytes).
    Removing stm32f3xx_hal_pcd.o(i.HAL_PCD_DeActivateRemoteWakeup), (6 bytes).
    Removing stm32f3xx_hal_pcd.o(i.HAL_PCD_DeInit), (38 bytes).
    Removing stm32f3xx_hal_pcd.o(i.HAL_PCD_DevConnect), (44 bytes).
    Removing stm32f3xx_hal_pcd.o(i.HAL_PCD_DevDisconnect), (44 bytes).
    Removing stm32f3xx_hal_pcd.o(i.HAL_PCD_DisconnectCallback), (2 bytes).
    Removing stm32f3xx_hal_pcd.o(i.HAL_PCD_EP_Close), (76 bytes).
    Removing stm32f3xx_hal_pcd.o(i.HAL_PCD_EP_ClrStall), (92 bytes).
    Removing stm32f3xx_hal_pcd.o(i.HAL_PCD_EP_DB_Receive), (230 bytes).
    Removing stm32f3xx_hal_pcd.o(i.HAL_PCD_EP_DB_Transmit), (816 bytes).
    Removing stm32f3xx_hal_pcd.o(i.HAL_PCD_EP_Flush), (4 bytes).
    Removing stm32f3xx_hal_pcd.o(i.HAL_PCD_EP_GetRxCount), (18 bytes).
    Removing stm32f3xx_hal_pcd.o(i.HAL_PCD_EP_Open), (96 bytes).
    Removing stm32f3xx_hal_pcd.o(i.HAL_PCD_EP_Receive), (50 bytes).
    Removing stm32f3xx_hal_pcd.o(i.HAL_PCD_EP_SetStall), (96 bytes).
    Removing stm32f3xx_hal_pcd.o(i.HAL_PCD_EP_Transmit), (52 bytes).
    Removing stm32f3xx_hal_pcd.o(i.HAL_PCD_GetState), (6 bytes).
    Removing stm32f3xx_hal_pcd.o(i.HAL_PCD_IRQHandler), (256 bytes).
    Removing stm32f3xx_hal_pcd.o(i.HAL_PCD_ISOINIncompleteCallback), (2 bytes).
    Removing stm32f3xx_hal_pcd.o(i.HAL_PCD_ISOOUTIncompleteCallback), (2 bytes).
    Removing stm32f3xx_hal_pcd.o(i.HAL_PCD_MspDeInit), (2 bytes).
    Removing stm32f3xx_hal_pcd.o(i.HAL_PCD_MspInit), (2 bytes).
    Removing stm32f3xx_hal_pcd.o(i.HAL_PCD_ResetCallback), (2 bytes).
    Removing stm32f3xx_hal_pcd.o(i.HAL_PCD_ResumeCallback), (2 bytes).
    Removing stm32f3xx_hal_pcd.o(i.HAL_PCD_SOFCallback), (2 bytes).
    Removing stm32f3xx_hal_pcd.o(i.HAL_PCD_SetAddress), (40 bytes).
    Removing stm32f3xx_hal_pcd.o(i.HAL_PCD_SetupStageCallback), (2 bytes).
    Removing stm32f3xx_hal_pcd.o(i.HAL_PCD_Start), (50 bytes).
    Removing stm32f3xx_hal_pcd.o(i.HAL_PCD_Stop), (50 bytes).
    Removing stm32f3xx_hal_pcd.o(i.HAL_PCD_SuspendCallback), (2 bytes).
    Removing stm32f3xx_hal_pcd.o(i.HAL_PCD_WKUP_IRQHandler), (16 bytes).
    Removing stm32f3xx_hal_pcd.o(i.PCD_EP_ISR_Handler), (926 bytes).
    Removing stm32f3xx_hal_pcd_ex.o(.rev16_text), (4 bytes).
    Removing stm32f3xx_hal_pcd_ex.o(.revsh_text), (4 bytes).
    Removing stm32f3xx_hal_pcd_ex.o(.rrx_text), (6 bytes).
    Removing stm32f3xx_hal_pcd_ex.o(i.HAL_PCDEx_BCD_Callback), (2 bytes).
    Removing stm32f3xx_hal_pcd_ex.o(i.HAL_PCDEx_LPM_Callback), (2 bytes).
    Removing stm32f3xx_hal_pcd_ex.o(i.HAL_PCDEx_PMAConfig), (60 bytes).
    Removing stm32f3xx_hal_pcd_ex.o(i.HAL_PCDEx_SetConnectionState), (2 bytes).
    Removing system_stm32f3xx.o(.rev16_text), (4 bytes).
    Removing system_stm32f3xx.o(.revsh_text), (4 bytes).
    Removing system_stm32f3xx.o(.rrx_text), (6 bytes).
    Removing system_stm32f3xx.o(i.SystemCoreClockUpdate), (112 bytes).
    Removing event_groups.o(i.prvTestWaitCondition), (20 bytes).
    Removing event_groups.o(i.uxEventGroupGetNumber), (8 bytes).
    Removing event_groups.o(i.vEventGroupClearBitsCallback), (4 bytes).
    Removing event_groups.o(i.vEventGroupDelete), (48 bytes).
    Removing event_groups.o(i.vEventGroupSetBitsCallback), (4 bytes).
    Removing event_groups.o(i.vEventGroupSetNumber), (4 bytes).
    Removing event_groups.o(i.xEventGroupClearBits), (26 bytes).
    Removing event_groups.o(i.xEventGroupClearBitsFromISR), (16 bytes).
    Removing event_groups.o(i.xEventGroupCreate), (28 bytes).
    Removing event_groups.o(i.xEventGroupCreateStatic), (24 bytes).
    Removing event_groups.o(i.xEventGroupGetBitsFromISR), (26 bytes).
    Removing event_groups.o(i.xEventGroupSetBits), (100 bytes).
    Removing event_groups.o(i.xEventGroupSetBitsFromISR), (16 bytes).
    Removing event_groups.o(i.xEventGroupSync), (140 bytes).
    Removing event_groups.o(i.xEventGroupWaitBits), (176 bytes).
    Removing list.o(i.vListInsertEnd), (24 bytes).
    Removing queue.o(i.pcQueueGetName), (40 bytes).
    Removing queue.o(i.prvCopyDataToQueue), (108 bytes).
    Removing queue.o(i.prvInitialiseMutex), (22 bytes).
    Removing queue.o(i.ucQueueGetQueueType), (6 bytes).
    Removing queue.o(i.uxQueueGetQueueNumber), (4 bytes).
    Removing queue.o(i.uxQueueMessagesWaiting), (18 bytes).
    Removing queue.o(i.uxQueueMessagesWaitingFromISR), (4 bytes).
    Removing queue.o(i.uxQueueSpacesAvailable), (22 bytes).
    Removing queue.o(i.vQueueDelete), (28 bytes).
    Removing queue.o(i.vQueueSetQueueNumber), (4 bytes).
    Removing queue.o(i.vQueueUnregisterQueue), (40 bytes).
    Removing queue.o(i.xQueueCreateCountingSemaphore), (34 bytes).
    Removing queue.o(i.xQueueCreateCountingSemaphoreStatic), (40 bytes).
    Removing queue.o(i.xQueueCreateMutex), (22 bytes).
    Removing queue.o(i.xQueueCreateMutexStatic), (26 bytes).
    Removing queue.o(i.xQueueGenericCreate), (70 bytes).
    Removing queue.o(i.xQueueGenericSend), (248 bytes).
    Removing queue.o(i.xQueueGenericSendFromISR), (104 bytes).
    Removing queue.o(i.xQueueGiveFromISR), (86 bytes).
    Removing queue.o(i.xQueueGiveMutexRecursive), (42 bytes).
    Removing queue.o(i.xQueueIsQueueEmptyFromISR), (12 bytes).
    Removing queue.o(i.xQueueIsQueueFullFromISR), (16 bytes).
    Removing queue.o(i.xQueuePeek), (232 bytes).
    Removing queue.o(i.xQueuePeekFromISR), (44 bytes).
    Removing queue.o(i.xQueueReceiveFromISR), (100 bytes).
    Removing queue.o(i.xQueueSemaphoreTake), (296 bytes).
    Removing queue.o(i.xQueueTakeMutexRecursive), (46 bytes).
    Removing stream_buffer.o(i.prvBytesInBuffer), (18 bytes).
    Removing stream_buffer.o(i.prvInitialiseNewStreamBuffer), (36 bytes).
    Removing stream_buffer.o(i.prvReadBytesFromBuffer), (64 bytes).
    Removing stream_buffer.o(i.prvReadMessageFromBuffer), (68 bytes).
    Removing stream_buffer.o(i.prvWriteBytesToBuffer), (62 bytes).
    Removing stream_buffer.o(i.prvWriteMessageToBuffer), (72 bytes).
    Removing stream_buffer.o(i.ucStreamBufferGetStreamBufferType), (8 bytes).
    Removing stream_buffer.o(i.uxStreamBufferGetStreamBufferNumber), (4 bytes).
    Removing stream_buffer.o(i.vStreamBufferDelete), (16 bytes).
    Removing stream_buffer.o(i.vStreamBufferSetStreamBufferNumber), (4 bytes).
    Removing stream_buffer.o(i.xStreamBufferBytesAvailable), (4 bytes).
    Removing stream_buffer.o(i.xStreamBufferGenericCreate), (64 bytes).
    Removing stream_buffer.o(i.xStreamBufferGenericCreateStatic), (56 bytes).
    Removing stream_buffer.o(i.xStreamBufferIsEmpty), (16 bytes).
    Removing stream_buffer.o(i.xStreamBufferIsFull), (30 bytes).
    Removing stream_buffer.o(i.xStreamBufferNextMessageLengthBytes), (40 bytes).
    Removing stream_buffer.o(i.xStreamBufferReceive), (160 bytes).
    Removing stream_buffer.o(i.xStreamBufferReceiveCompletedFromISR), (54 bytes).
    Removing stream_buffer.o(i.xStreamBufferReceiveFromISR), (104 bytes).
    Removing stream_buffer.o(i.xStreamBufferReset), (48 bytes).
    Removing stream_buffer.o(i.xStreamBufferSend), (202 bytes).
    Removing stream_buffer.o(i.xStreamBufferSendCompletedFromISR), (54 bytes).
    Removing stream_buffer.o(i.xStreamBufferSendFromISR), (110 bytes).
    Removing stream_buffer.o(i.xStreamBufferSetTriggerLevel), (20 bytes).
    Removing stream_buffer.o(i.xStreamBufferSpacesAvailable), (32 bytes).
    Removing tasks.o(i.eTaskGetState), (96 bytes).
    Removing tasks.o(i.pcTaskGetName), (16 bytes).
    Removing tasks.o(i.prvListTasksWithinSingleList), (88 bytes).
    Removing tasks.o(i.prvTaskIsTaskSuspended), (32 bytes).
    Removing tasks.o(i.pvTaskIncrementMutexHeldCount), (24 bytes).
    Removing tasks.o(i.ulTaskGenericNotifyTake), (132 bytes).
    Removing tasks.o(i.ulTaskGenericNotifyValueClear), (48 bytes).
    Removing tasks.o(i.uxTaskGetNumberOfTasks), (12 bytes).
    Removing tasks.o(i.uxTaskGetSystemState), (168 bytes).
    Removing tasks.o(i.uxTaskGetTaskNumber), (8 bytes).
    Removing tasks.o(i.uxTaskPriorityGet), (28 bytes).
    Removing tasks.o(i.uxTaskPriorityGetFromISR), (36 bytes).
    Removing tasks.o(i.uxTaskResetEventItemValue), (24 bytes).
    Removing tasks.o(i.vTaskDelete), (124 bytes).
    Removing tasks.o(i.vTaskEndScheduler), (28 bytes).
    Removing tasks.o(i.vTaskGenericNotifyGiveFromISR), (212 bytes).
    Removing tasks.o(i.vTaskGetInfo), (128 bytes).
    Removing tasks.o(i.vTaskPlaceOnUnorderedEventList), (64 bytes).
    Removing tasks.o(i.vTaskPriorityDisinheritAfterTimeout), (136 bytes).
    Removing tasks.o(i.vTaskPrioritySet), (196 bytes).
    Removing tasks.o(i.vTaskRemoveFromUnorderedEventList), (160 bytes).
    Removing tasks.o(i.vTaskResume), (148 bytes).
    Removing tasks.o(i.vTaskSetTaskNumber), (8 bytes).
    Removing tasks.o(i.vTaskSetTimeOutState), (32 bytes).
    Removing tasks.o(i.vTaskSuspend), (136 bytes).
    Removing tasks.o(i.xTaskCatchUpTicks), (28 bytes).
    Removing tasks.o(i.xTaskDelayUntil), (88 bytes).
    Removing tasks.o(i.xTaskGenericNotify), (244 bytes).
    Removing tasks.o(i.xTaskGenericNotifyFromISR), (288 bytes).
    Removing tasks.o(i.xTaskGenericNotifyStateClear), (52 bytes).
    Removing tasks.o(i.xTaskGenericNotifyWait), (164 bytes).
    Removing tasks.o(i.xTaskGetCurrentTaskHandle), (12 bytes).
    Removing tasks.o(i.xTaskGetSchedulerState), (28 bytes).
    Removing tasks.o(i.xTaskGetTickCountFromISR), (12 bytes).
    Removing tasks.o(i.xTaskPriorityDisinherit), (124 bytes).
    Removing tasks.o(i.xTaskPriorityInherit), (160 bytes).
    Removing tasks.o(i.xTaskResumeFromISR), (156 bytes).
    Removing timers.o(i.pcTimerGetName), (4 bytes).
    Removing timers.o(i.prvInitialiseNewTimer), (56 bytes).
    Removing timers.o(i.pvTimerGetTimerID), (18 bytes).
    Removing timers.o(i.uxTimerGetReloadMode), (30 bytes).
    Removing timers.o(i.uxTimerGetTimerNumber), (4 bytes).
    Removing timers.o(i.vTimerSetReloadMode), (36 bytes).
    Removing timers.o(i.vTimerSetTimerID), (20 bytes).
    Removing timers.o(i.vTimerSetTimerNumber), (4 bytes).
    Removing timers.o(i.xTimerCreate), (52 bytes).
    Removing timers.o(i.xTimerCreateStatic), (26 bytes).
    Removing timers.o(i.xTimerGenericCommand), (80 bytes).
    Removing timers.o(i.xTimerGetExpiryTime), (4 bytes).
    Removing timers.o(i.xTimerGetPeriod), (4 bytes).
    Removing timers.o(i.xTimerGetTimerDaemonTaskHandle), (12 bytes).
    Removing timers.o(i.xTimerIsTimerActive), (32 bytes).
    Removing timers.o(i.xTimerPendFunctionCall), (40 bytes).
    Removing timers.o(i.xTimerPendFunctionCallFromISR), (40 bytes).
    Removing heap_4.o(i.vPortGetHeapStats), (108 bytes).
    Removing heap_4.o(i.vPortInitialiseBlocks), (2 bytes).
    Removing heap_4.o(i.xPortGetFreeHeapSize), (12 bytes).
    Removing heap_4.o(i.xPortGetMinimumEverFreeHeapSize), (12 bytes).
    Removing port.o(i.vPortEndScheduler), (2 bytes).

680 unused section(s) (total 58190 bytes) removed from the image.

==============================================================================

Image Symbol Table

    Local Symbols

    Symbol Name                              Value     Ov Type        Size  Object(Section)

    ../Core/Src/main.c                       0x00000000   Number         0  main.o ABSOLUTE
    ../Core/Src/stm32f3xx_hal_msp.c          0x00000000   Number         0  stm32f3xx_hal_msp.o ABSOLUTE
    ../Core/Src/stm32f3xx_hal_timebase_tim.c 0x00000000   Number         0  stm32f3xx_hal_timebase_tim.o ABSOLUTE
    ../Core/Src/stm32f3xx_it.c               0x00000000   Number         0  stm32f3xx_it.o ABSOLUTE
    ../Core/Src/system_stm32f3xx.c           0x00000000   Number         0  system_stm32f3xx.o ABSOLUTE
    ../Drivers/STM32F3xx_HAL_Driver/Src/stm32f3xx_hal.c 0x00000000   Number         0  stm32f3xx_hal.o ABSOLUTE
    ../Drivers/STM32F3xx_HAL_Driver/Src/stm32f3xx_hal_cortex.c 0x00000000   Number         0  stm32f3xx_hal_cortex.o ABSOLUTE
    ../Drivers/STM32F3xx_HAL_Driver/Src/stm32f3xx_hal_dma.c 0x00000000   Number         0  stm32f3xx_hal_dma.o ABSOLUTE
    ../Drivers/STM32F3xx_HAL_Driver/Src/stm32f3xx_hal_exti.c 0x00000000   Number         0  stm32f3xx_hal_exti.o ABSOLUTE
    ../Drivers/STM32F3xx_HAL_Driver/Src/stm32f3xx_hal_flash.c 0x00000000   Number         0  stm32f3xx_hal_flash.o ABSOLUTE
    ../Drivers/STM32F3xx_HAL_Driver/Src/stm32f3xx_hal_flash_ex.c 0x00000000   Number         0  stm32f3xx_hal_flash_ex.o ABSOLUTE
    ../Drivers/STM32F3xx_HAL_Driver/Src/stm32f3xx_hal_gpio.c 0x00000000   Number         0  stm32f3xx_hal_gpio.o ABSOLUTE
    ../Drivers/STM32F3xx_HAL_Driver/Src/stm32f3xx_hal_i2c.c 0x00000000   Number         0  stm32f3xx_hal_i2c.o ABSOLUTE
    ../Drivers/STM32F3xx_HAL_Driver/Src/stm32f3xx_hal_i2c_ex.c 0x00000000   Number         0  stm32f3xx_hal_i2c_ex.o ABSOLUTE
    ../Drivers/STM32F3xx_HAL_Driver/Src/stm32f3xx_hal_pcd.c 0x00000000   Number         0  stm32f3xx_hal_pcd.o ABSOLUTE
    ../Drivers/STM32F3xx_HAL_Driver/Src/stm32f3xx_hal_pcd_ex.c 0x00000000   Number         0  stm32f3xx_hal_pcd_ex.o ABSOLUTE
    ../Drivers/STM32F3xx_HAL_Driver/Src/stm32f3xx_hal_pwr.c 0x00000000   Number         0  stm32f3xx_hal_pwr.o ABSOLUTE
    ../Drivers/STM32F3xx_HAL_Driver/Src/stm32f3xx_hal_pwr_ex.c 0x00000000   Number         0  stm32f3xx_hal_pwr_ex.o ABSOLUTE
    ../Drivers/STM32F3xx_HAL_Driver/Src/stm32f3xx_hal_rcc.c 0x00000000   Number         0  stm32f3xx_hal_rcc.o ABSOLUTE
    ../Drivers/STM32F3xx_HAL_Driver/Src/stm32f3xx_hal_rcc_ex.c 0x00000000   Number         0  stm32f3xx_hal_rcc_ex.o ABSOLUTE
    ../Drivers/STM32F3xx_HAL_Driver/Src/stm32f3xx_hal_spi.c 0x00000000   Number         0  stm32f3xx_hal_spi.o ABSOLUTE
    ../Drivers/STM32F3xx_HAL_Driver/Src/stm32f3xx_hal_spi_ex.c 0x00000000   Number         0  stm32f3xx_hal_spi_ex.o ABSOLUTE
    ../Drivers/STM32F3xx_HAL_Driver/Src/stm32f3xx_hal_tim.c 0x00000000   Number         0  stm32f3xx_hal_tim.o ABSOLUTE
    ../Drivers/STM32F3xx_HAL_Driver/Src/stm32f3xx_hal_tim_ex.c 0x00000000   Number         0  stm32f3xx_hal_tim_ex.o ABSOLUTE
    ../Drivers/STM32F3xx_HAL_Driver/Src/stm32f3xx_ll_usb.c 0x00000000   Number         0  stm32f3xx_ll_usb.o ABSOLUTE
    ../clib/microlib/division.c              0x00000000   Number         0  uldiv.o ABSOLUTE
    ../clib/microlib/init/entry.s            0x00000000   Number         0  entry10b.o ABSOLUTE
    ../clib/microlib/init/entry.s            0x00000000   Number         0  entry10a.o ABSOLUTE
    ../clib/microlib/init/entry.s            0x00000000   Number         0  entry12b.o ABSOLUTE
    ../clib/microlib/init/entry.s            0x00000000   Number         0  entry12a.o ABSOLUTE
    ../clib/microlib/init/entry.s            0x00000000   Number         0  entry11b.o ABSOLUTE
    ../clib/microlib/init/entry.s            0x00000000   Number         0  entry9a.o ABSOLUTE
    ../clib/microlib/init/entry.s            0x00000000   Number         0  entry11a.o ABSOLUTE
    ../clib/microlib/init/entry.s            0x00000000   Number         0  entry8b.o ABSOLUTE
    ../clib/microlib/init/entry.s            0x00000000   Number         0  entry8a.o ABSOLUTE
    ../clib/microlib/init/entry.s            0x00000000   Number         0  entry7b.o ABSOLUTE
    ../clib/microlib/init/entry.s            0x00000000   Number         0  entry7a.o ABSOLUTE
    ../clib/microlib/init/entry.s            0x00000000   Number         0  entry5.o ABSOLUTE
    ../clib/microlib/init/entry.s            0x00000000   Number         0  entry2.o ABSOLUTE
    ../clib/microlib/init/entry.s            0x00000000   Number         0  entry9b.o ABSOLUTE
    ../clib/microlib/init/entry.s            0x00000000   Number         0  entry.o ABSOLUTE
    ../clib/microlib/longlong.c              0x00000000   Number         0  llushr.o ABSOLUTE
    ../clib/microlib/longlong.c              0x00000000   Number         0  llshl.o ABSOLUTE
    ../clib/microlib/string/memcpy.c         0x00000000   Number         0  memcpya.o ABSOLUTE
    ../clib/microlib/string/memcpy.c         0x00000000   Number         0  memcpyb.o ABSOLUTE
    ../clib/microlib/string/memset.c         0x00000000   Number         0  memseta.o ABSOLUTE
    ..\Core\Src\main.c                       0x00000000   Number         0  main.o ABSOLUTE
    ..\Core\Src\stm32f3xx_hal_msp.c          0x00000000   Number         0  stm32f3xx_hal_msp.o ABSOLUTE
    ..\Core\Src\stm32f3xx_hal_timebase_tim.c 0x00000000   Number         0  stm32f3xx_hal_timebase_tim.o ABSOLUTE
    ..\Core\Src\stm32f3xx_it.c               0x00000000   Number         0  stm32f3xx_it.o ABSOLUTE
    ..\Core\Src\system_stm32f3xx.c           0x00000000   Number         0  system_stm32f3xx.o ABSOLUTE
    ..\Drivers\STM32F3xx_HAL_Driver\Src\stm32f3xx_hal.c 0x00000000   Number         0  stm32f3xx_hal.o ABSOLUTE
    ..\Drivers\STM32F3xx_HAL_Driver\Src\stm32f3xx_hal_cortex.c 0x00000000   Number         0  stm32f3xx_hal_cortex.o ABSOLUTE
    ..\Drivers\STM32F3xx_HAL_Driver\Src\stm32f3xx_hal_dma.c 0x00000000   Number         0  stm32f3xx_hal_dma.o ABSOLUTE
    ..\Drivers\STM32F3xx_HAL_Driver\Src\stm32f3xx_hal_exti.c 0x00000000   Number         0  stm32f3xx_hal_exti.o ABSOLUTE
    ..\Drivers\STM32F3xx_HAL_Driver\Src\stm32f3xx_hal_flash.c 0x00000000   Number         0  stm32f3xx_hal_flash.o ABSOLUTE
    ..\Drivers\STM32F3xx_HAL_Driver\Src\stm32f3xx_hal_flash_ex.c 0x00000000   Number         0  stm32f3xx_hal_flash_ex.o ABSOLUTE
    ..\Drivers\STM32F3xx_HAL_Driver\Src\stm32f3xx_hal_gpio.c 0x00000000   Number         0  stm32f3xx_hal_gpio.o ABSOLUTE
    ..\Drivers\STM32F3xx_HAL_Driver\Src\stm32f3xx_hal_i2c.c 0x00000000   Number         0  stm32f3xx_hal_i2c.o ABSOLUTE
    ..\Drivers\STM32F3xx_HAL_Driver\Src\stm32f3xx_hal_i2c_ex.c 0x00000000   Number         0  stm32f3xx_hal_i2c_ex.o ABSOLUTE
    ..\Drivers\STM32F3xx_HAL_Driver\Src\stm32f3xx_hal_pcd.c 0x00000000   Number         0  stm32f3xx_hal_pcd.o ABSOLUTE
    ..\Drivers\STM32F3xx_HAL_Driver\Src\stm32f3xx_hal_pcd_ex.c 0x00000000   Number         0  stm32f3xx_hal_pcd_ex.o ABSOLUTE
    ..\Drivers\STM32F3xx_HAL_Driver\Src\stm32f3xx_hal_pwr.c 0x00000000   Number         0  stm32f3xx_hal_pwr.o ABSOLUTE
    ..\Drivers\STM32F3xx_HAL_Driver\Src\stm32f3xx_hal_pwr_ex.c 0x00000000   Number         0  stm32f3xx_hal_pwr_ex.o ABSOLUTE
    ..\Drivers\STM32F3xx_HAL_Driver\Src\stm32f3xx_hal_rcc.c 0x00000000   Number         0  stm32f3xx_hal_rcc.o ABSOLUTE
    ..\Drivers\STM32F3xx_HAL_Driver\Src\stm32f3xx_hal_rcc_ex.c 0x00000000   Number         0  stm32f3xx_hal_rcc_ex.o ABSOLUTE
    ..\Drivers\STM32F3xx_HAL_Driver\Src\stm32f3xx_hal_spi.c 0x00000000   Number         0  stm32f3xx_hal_spi.o ABSOLUTE
    ..\Drivers\STM32F3xx_HAL_Driver\Src\stm32f3xx_hal_spi_ex.c 0x00000000   Number         0  stm32f3xx_hal_spi_ex.o ABSOLUTE
    ..\Drivers\STM32F3xx_HAL_Driver\Src\stm32f3xx_hal_tim.c 0x00000000   Number         0  stm32f3xx_hal_tim.o ABSOLUTE
    ..\Drivers\STM32F3xx_HAL_Driver\Src\stm32f3xx_hal_tim_ex.c 0x00000000   Number         0  stm32f3xx_hal_tim_ex.o ABSOLUTE
    ..\Drivers\STM32F3xx_HAL_Driver\Src\stm32f3xx_ll_usb.c 0x00000000   Number         0  stm32f3xx_ll_usb.o ABSOLUTE
    ..\FreeRTOS\MemMang\heap_4.c             0x00000000   Number         0  heap_4.o ABSOLUTE
    ..\FreeRTOS\RVDS\ARM_CM4F\port.c         0x00000000   Number         0  port.o ABSOLUTE
    ..\FreeRTOS\croutine.c                   0x00000000   Number         0  croutine.o ABSOLUTE
    ..\FreeRTOS\event_groups.c               0x00000000   Number         0  event_groups.o ABSOLUTE
    ..\FreeRTOS\list.c                       0x00000000   Number         0  list.o ABSOLUTE
    ..\FreeRTOS\queue.c                      0x00000000   Number         0  queue.o ABSOLUTE
    ..\FreeRTOS\stream_buffer.c              0x00000000   Number         0  stream_buffer.o ABSOLUTE
    ..\FreeRTOS\tasks.c                      0x00000000   Number         0  tasks.o ABSOLUTE
    ..\FreeRTOS\timers.c                     0x00000000   Number         0  timers.o ABSOLUTE
    ..\\FreeRTOS\\RVDS\\ARM_CM4F\\port.c     0x00000000   Number         0  port.o ABSOLUTE
    dc.s                                     0x00000000   Number         0  dc.o ABSOLUTE
    handlers.s                               0x00000000   Number         0  handlers.o ABSOLUTE
    init.s                                   0x00000000   Number         0  init.o ABSOLUTE
    startup_stm32f303xc.s                    0x00000000   Number         0  startup_stm32f303xc.o ABSOLUTE
    RESET                                    0x08000000   Section      392  startup_stm32f303xc.o(RESET)
    .ARM.Collect$$$$00000000                 0x08000188   Section        0  entry.o(.ARM.Collect$$$$00000000)
    .ARM.Collect$$$$00000001                 0x08000188   Section        4  entry2.o(.ARM.Collect$$$$00000001)
    .ARM.Collect$$$$00000004                 0x0800018c   Section        4  entry5.o(.ARM.Collect$$$$00000004)
    .ARM.Collect$$$$00000008                 0x08000190   Section        0  entry7b.o(.ARM.Collect$$$$00000008)
    .ARM.Collect$$$$0000000A                 0x08000190   Section        0  entry8b.o(.ARM.Collect$$$$0000000A)
    .ARM.Collect$$$$0000000B                 0x08000190   Section        8  entry9a.o(.ARM.Collect$$$$0000000B)
    .ARM.Collect$$$$0000000E                 0x08000198   Section        4  entry12b.o(.ARM.Collect$$$$0000000E)
    .ARM.Collect$$$$0000000F                 0x0800019c   Section        0  entry10a.o(.ARM.Collect$$$$0000000F)
    .ARM.Collect$$$$00000011                 0x0800019c   Section        0  entry11a.o(.ARM.Collect$$$$00000011)
    .ARM.Collect$$$$00002712                 0x0800019c   Section        4  entry2.o(.ARM.Collect$$$$00002712)
    __lit__00000000                          0x0800019c   Data           4  entry2.o(.ARM.Collect$$$$00002712)
    .emb_text                                0x080001a0   Section      190  port.o(.emb_text)
    $v0                                      0x080001a0   Number         0  port.o(.emb_text)
    .text                                    0x08000260   Section       36  startup_stm32f303xc.o(.text)
    $v0                                      0x08000260   Number         0  startup_stm32f303xc.o(.text)
    .text                                    0x08000284   Section        0  uldiv.o(.text)
    .text                                    0x080002e6   Section        0  llushr.o(.text)
    .text                                    0x08000306   Section        0  memcpya.o(.text)
    .text                                    0x0800032a   Section        0  memseta.o(.text)
    .text                                    0x0800034e   Section        0  llshl.o(.text)
    .text                                    0x0800036c   Section       36  init.o(.text)
    i.BusFault_Handler                       0x08000390   Section        0  stm32f3xx_it.o(i.BusFault_Handler)
    i.DebugMon_Handler                       0x08000392   Section        0  stm32f3xx_it.o(i.DebugMon_Handler)
    i.HAL_GPIO_Init                          0x08000394   Section        0  stm32f3xx_hal_gpio.o(i.HAL_GPIO_Init)
    i.HAL_GPIO_TogglePin                     0x08000564   Section        0  stm32f3xx_hal_gpio.o(i.HAL_GPIO_TogglePin)
    i.HAL_GPIO_WritePin                      0x08000574   Section        0  stm32f3xx_hal_gpio.o(i.HAL_GPIO_WritePin)
    i.HAL_GetTick                            0x08000580   Section        0  stm32f3xx_hal.o(i.HAL_GetTick)
    i.HAL_I2CEx_ConfigAnalogFilter           0x0800058c   Section        0  stm32f3xx_hal_i2c_ex.o(i.HAL_I2CEx_ConfigAnalogFilter)
    i.HAL_I2CEx_ConfigDigitalFilter          0x080005e2   Section        0  stm32f3xx_hal_i2c_ex.o(i.HAL_I2CEx_ConfigDigitalFilter)
    i.HAL_I2C_Init                           0x08000634   Section        0  stm32f3xx_hal_i2c.o(i.HAL_I2C_Init)
    i.HAL_I2C_MspInit                        0x080006ec   Section        0  stm32f3xx_hal_msp.o(i.HAL_I2C_MspInit)
    i.HAL_IncTick                            0x08000750   Section        0  stm32f3xx_hal.o(i.HAL_IncTick)
    i.HAL_Init                               0x08000760   Section        0  stm32f3xx_hal.o(i.HAL_Init)
    i.HAL_InitTick                           0x08000784   Section        0  stm32f3xx_hal_timebase_tim.o(i.HAL_InitTick)
    i.HAL_MspInit                            0x080007f8   Section        0  stm32f3xx_hal_msp.o(i.HAL_MspInit)
    i.HAL_NVIC_EnableIRQ                     0x08000824   Section        0  stm32f3xx_hal_cortex.o(i.HAL_NVIC_EnableIRQ)
    i.HAL_NVIC_SetPriority                   0x08000840   Section        0  stm32f3xx_hal_cortex.o(i.HAL_NVIC_SetPriority)
    i.HAL_NVIC_SetPriorityGrouping           0x08000880   Section        0  stm32f3xx_hal_cortex.o(i.HAL_NVIC_SetPriorityGrouping)
    i.HAL_PCD_Init                           0x080008a4   Section        0  stm32f3xx_hal_pcd.o(i.HAL_PCD_Init)
    i.HAL_PCD_MspInit                        0x0800094c   Section        0  stm32f3xx_hal_msp.o(i.HAL_PCD_MspInit)
    i.HAL_RCCEx_PeriphCLKConfig              0x080009b0   Section        0  stm32f3xx_hal_rcc_ex.o(i.HAL_RCCEx_PeriphCLKConfig)
    i.HAL_RCC_ClockConfig                    0x08000bc8   Section        0  stm32f3xx_hal_rcc.o(i.HAL_RCC_ClockConfig)
    i.HAL_RCC_GetClockConfig                 0x08000d10   Section        0  stm32f3xx_hal_rcc.o(i.HAL_RCC_GetClockConfig)
    i.HAL_RCC_GetPCLK1Freq                   0x08000d50   Section        0  stm32f3xx_hal_rcc.o(i.HAL_RCC_GetPCLK1Freq)
    i.HAL_RCC_GetSysClockFreq                0x08000d80   Section        0  stm32f3xx_hal_rcc.o(i.HAL_RCC_GetSysClockFreq)
    i.HAL_RCC_OscConfig                      0x08000dec   Section        0  stm32f3xx_hal_rcc.o(i.HAL_RCC_OscConfig)
    i.HAL_SPI_Init                           0x080013b4   Section        0  stm32f3xx_hal_spi.o(i.HAL_SPI_Init)
    i.HAL_SPI_MspInit                        0x080014a0   Section        0  stm32f3xx_hal_msp.o(i.HAL_SPI_MspInit)
    i.HAL_TIMEx_Break2Callback               0x08001504   Section        0  stm32f3xx_hal_tim_ex.o(i.HAL_TIMEx_Break2Callback)
    i.HAL_TIMEx_BreakCallback                0x08001506   Section        0  stm32f3xx_hal_tim_ex.o(i.HAL_TIMEx_BreakCallback)
    i.HAL_TIMEx_CommutCallback               0x08001508   Section        0  stm32f3xx_hal_tim_ex.o(i.HAL_TIMEx_CommutCallback)
    i.HAL_TIM_Base_Init                      0x0800150a   Section        0  stm32f3xx_hal_tim.o(i.HAL_TIM_Base_Init)
    i.HAL_TIM_Base_MspInit                   0x0800156c   Section        0  stm32f3xx_hal_tim.o(i.HAL_TIM_Base_MspInit)
    i.HAL_TIM_Base_Start_IT                  0x08001570   Section        0  stm32f3xx_hal_tim.o(i.HAL_TIM_Base_Start_IT)
    i.HAL_TIM_IC_CaptureCallback             0x080015e8   Section        0  stm32f3xx_hal_tim.o(i.HAL_TIM_IC_CaptureCallback)
    i.HAL_TIM_IRQHandler                     0x080015ea   Section        0  stm32f3xx_hal_tim.o(i.HAL_TIM_IRQHandler)
    i.HAL_TIM_OC_DelayElapsedCallback        0x0800176e   Section        0  stm32f3xx_hal_tim.o(i.HAL_TIM_OC_DelayElapsedCallback)
    i.HAL_TIM_PWM_PulseFinishedCallback      0x08001770   Section        0  stm32f3xx_hal_tim.o(i.HAL_TIM_PWM_PulseFinishedCallback)
    i.HAL_TIM_PeriodElapsedCallback          0x08001774   Section        0  main.o(i.HAL_TIM_PeriodElapsedCallback)
    i.HAL_TIM_TriggerCallback                0x08001788   Section        0  stm32f3xx_hal_tim.o(i.HAL_TIM_TriggerCallback)
    i.HardFault_Handler                      0x0800178a   Section        0  stm32f3xx_it.o(i.HardFault_Handler)
    i.MX_GPIO_Init                           0x0800178c   Section        0  main.o(i.MX_GPIO_Init)
    MX_GPIO_Init                             0x0800178d   Thumb Code   170  main.o(i.MX_GPIO_Init)
    i.MX_I2C1_Init                           0x08001840   Section        0  main.o(i.MX_I2C1_Init)
    MX_I2C1_Init                             0x08001841   Thumb Code    72  main.o(i.MX_I2C1_Init)
    i.MX_SPI1_Init                           0x08001894   Section        0  main.o(i.MX_SPI1_Init)
    MX_SPI1_Init                             0x08001895   Thumb Code    66  main.o(i.MX_SPI1_Init)
    i.MemManage_Handler                      0x080018e0   Section        0  stm32f3xx_it.o(i.MemManage_Handler)
    i.NMI_Handler                            0x080018e2   Section        0  stm32f3xx_it.o(i.NMI_Handler)
    i.SysTick_Handler                        0x080018e4   Section        0  port.o(i.SysTick_Handler)
    i.SystemClock_Config                     0x08001910   Section        0  main.o(i.SystemClock_Config)
    i.SystemInit                             0x08001998   Section        0  system_stm32f3xx.o(i.SystemInit)
    i.TIM3_IRQHandler                        0x080019a8   Section        0  stm32f3xx_it.o(i.TIM3_IRQHandler)
    i.TIM_Base_SetConfig                     0x080019b4   Section        0  stm32f3xx_hal_tim.o(i.TIM_Base_SetConfig)
    i.USB_DevInit                            0x08001a64   Section        0  stm32f3xx_ll_usb.o(i.USB_DevInit)
    i.USB_DisableGlobalInt                   0x08001a76   Section        0  stm32f3xx_ll_usb.o(i.USB_DisableGlobalInt)
    i.UsageFault_Handler                     0x08001a84   Section        0  stm32f3xx_it.o(i.UsageFault_Handler)
    i.__NVIC_SetPriority                     0x08001a86   Section        0  stm32f3xx_hal_cortex.o(i.__NVIC_SetPriority)
    __NVIC_SetPriority                       0x08001a87   Thumb Code    32  stm32f3xx_hal_cortex.o(i.__NVIC_SetPriority)
    i.__scatterload_copy                     0x08001aa6   Section       14  handlers.o(i.__scatterload_copy)
    i.__scatterload_null                     0x08001ab4   Section        2  handlers.o(i.__scatterload_null)
    i.__scatterload_zeroinit                 0x08001ab6   Section       14  handlers.o(i.__scatterload_zeroinit)
    i.check_stack                            0x08001ac4   Section        0  main.o(i.check_stack)
    i.main                                   0x08001aec   Section        0  main.o(i.main)
    i.prvAddCurrentTaskToDelayedList         0x08001b80   Section        0  tasks.o(i.prvAddCurrentTaskToDelayedList)
    prvAddCurrentTaskToDelayedList           0x08001b81   Thumb Code   110  tasks.o(i.prvAddCurrentTaskToDelayedList)
    i.prvAddNewTaskToReadyList               0x08001bf8   Section        0  tasks.o(i.prvAddNewTaskToReadyList)
    prvAddNewTaskToReadyList                 0x08001bf9   Thumb Code   226  tasks.o(i.prvAddNewTaskToReadyList)
    i.prvCheckForValidListAndQueue           0x08001ce8   Section        0  timers.o(i.prvCheckForValidListAndQueue)
    prvCheckForValidListAndQueue             0x08001ce9   Thumb Code    72  timers.o(i.prvCheckForValidListAndQueue)
    i.prvCopyDataFromQueue                   0x08001d40   Section        0  queue.o(i.prvCopyDataFromQueue)
    prvCopyDataFromQueue                     0x08001d41   Thumb Code    38  queue.o(i.prvCopyDataFromQueue)
    i.prvDeleteTCB                           0x08001d66   Section        0  tasks.o(i.prvDeleteTCB)
    prvDeleteTCB                             0x08001d67   Thumb Code    34  tasks.o(i.prvDeleteTCB)
    i.prvHeapInit                            0x08001d88   Section        0  heap_4.o(i.prvHeapInit)
    prvHeapInit                              0x08001d89   Thumb Code    66  heap_4.o(i.prvHeapInit)
    i.prvIdleTask                            0x08001dd4   Section        0  tasks.o(i.prvIdleTask)
    prvIdleTask                              0x08001dd5   Thumb Code    86  tasks.o(i.prvIdleTask)
    i.prvInitialiseNewQueue                  0x08001e38   Section        0  queue.o(i.prvInitialiseNewQueue)
    prvInitialiseNewQueue                    0x08001e39   Thumb Code    34  queue.o(i.prvInitialiseNewQueue)
    i.prvInitialiseNewTask                   0x08001e5c   Section        0  tasks.o(i.prvInitialiseNewTask)
    prvInitialiseNewTask                     0x08001e5d   Thumb Code   156  tasks.o(i.prvInitialiseNewTask)
    i.prvInsertBlockIntoFreeList             0x08001ef8   Section        0  heap_4.o(i.prvInsertBlockIntoFreeList)
    prvInsertBlockIntoFreeList               0x08001ef9   Thumb Code    72  heap_4.o(i.prvInsertBlockIntoFreeList)
    i.prvInsertTimerInActiveList             0x08001f44   Section        0  timers.o(i.prvInsertTimerInActiveList)
    prvInsertTimerInActiveList               0x08001f45   Thumb Code    52  timers.o(i.prvInsertTimerInActiveList)
    i.prvIsQueueEmpty                        0x08001f7c   Section        0  queue.o(i.prvIsQueueEmpty)
    prvIsQueueEmpty                          0x08001f7d   Thumb Code    28  queue.o(i.prvIsQueueEmpty)
    i.prvProcessExpiredTimer                 0x08001f98   Section        0  timers.o(i.prvProcessExpiredTimer)
    prvProcessExpiredTimer                   0x08001f99   Thumb Code    58  timers.o(i.prvProcessExpiredTimer)
    i.prvProcessReceivedCommands             0x08001fd8   Section        0  timers.o(i.prvProcessReceivedCommands)
    prvProcessReceivedCommands               0x08001fd9   Thumb Code   222  timers.o(i.prvProcessReceivedCommands)
    i.prvProcessTimerOrBlockTask             0x080020bc   Section        0  timers.o(i.prvProcessTimerOrBlockTask)
    prvProcessTimerOrBlockTask               0x080020bd   Thumb Code    98  timers.o(i.prvProcessTimerOrBlockTask)
    i.prvReloadTimer                         0x08002128   Section        0  timers.o(i.prvReloadTimer)
    prvReloadTimer                           0x08002129   Thumb Code    40  timers.o(i.prvReloadTimer)
    i.prvResetNextTaskUnblockTime            0x08002150   Section        0  tasks.o(i.prvResetNextTaskUnblockTime)
    prvResetNextTaskUnblockTime              0x08002151   Thumb Code    24  tasks.o(i.prvResetNextTaskUnblockTime)
    i.prvSampleTimeNow                       0x0800216c   Section        0  timers.o(i.prvSampleTimeNow)
    prvSampleTimeNow                         0x0800216d   Thumb Code    66  timers.o(i.prvSampleTimeNow)
    i.prvTaskExitError                       0x080021b4   Section        0  port.o(i.prvTaskExitError)
    prvTaskExitError                         0x080021b5   Thumb Code    16  port.o(i.prvTaskExitError)
    i.prvTimerTask                           0x080021c4   Section        0  timers.o(i.prvTimerTask)
    prvTimerTask                             0x080021c5   Thumb Code    32  timers.o(i.prvTimerTask)
    i.prvUnlockQueue                         0x080021e8   Section        0  queue.o(i.prvUnlockQueue)
    prvUnlockQueue                           0x080021e9   Thumb Code   106  queue.o(i.prvUnlockQueue)
    i.pvPortMalloc                           0x08002254   Section        0  heap_4.o(i.pvPortMalloc)
    i.pxPortInitialiseStack                  0x08002304   Section        0  port.o(i.pxPortInitialiseStack)
    i.uxListRemove                           0x08002330   Section        0  list.o(i.uxListRemove)
    i.vApplicationGetIdleTaskMemory          0x08002358   Section        0  main.o(i.vApplicationGetIdleTaskMemory)
    i.vApplicationGetTimerTaskMemory         0x0800236c   Section        0  main.o(i.vApplicationGetTimerTaskMemory)
    i.vApplicationIdleHook                   0x08002380   Section        0  main.o(i.vApplicationIdleHook)
    i.vListInitialise                        0x080023ac   Section        0  list.o(i.vListInitialise)
    i.vListInitialiseItem                    0x080023c2   Section        0  list.o(i.vListInitialiseItem)
    i.vListInsert                            0x080023c8   Section        0  list.o(i.vListInsert)
    i.vPortEnterCritical                     0x080023f8   Section        0  port.o(i.vPortEnterCritical)
    i.vPortExitCritical                      0x08002414   Section        0  port.o(i.vPortExitCritical)
    i.vPortFree                              0x08002428   Section        0  heap_4.o(i.vPortFree)
    i.vPortSetupTimerInterrupt               0x0800246c   Section        0  port.o(i.vPortSetupTimerInterrupt)
    i.vQueueAddToRegistry                    0x08002484   Section        0  queue.o(i.vQueueAddToRegistry)
    i.vQueueWaitForMessageRestricted         0x080024c0   Section        0  queue.o(i.vQueueWaitForMessageRestricted)
    i.vTaskCode_DYNAMIC                      0x08002504   Section        0  main.o(i.vTaskCode_DYNAMIC)
    i.vTaskCode_STATIC                       0x08002524   Section        0  main.o(i.vTaskCode_STATIC)
    i.vTaskDelay                             0x08002544   Section        0  tasks.o(i.vTaskDelay)
    i.vTaskInternalSetTimeOutState           0x08002574   Section        0  tasks.o(i.vTaskInternalSetTimeOutState)
    i.vTaskMissedYield                       0x08002584   Section        0  tasks.o(i.vTaskMissedYield)
    i.vTaskPlaceOnEventList                  0x08002590   Section        0  tasks.o(i.vTaskPlaceOnEventList)
    i.vTaskPlaceOnEventListRestricted        0x080025b0   Section        0  tasks.o(i.vTaskPlaceOnEventListRestricted)
    i.vTaskStartScheduler                    0x080025f0   Section        0  tasks.o(i.vTaskStartScheduler)
    i.vTaskSuspendAll                        0x0800265c   Section        0  tasks.o(i.vTaskSuspendAll)
    i.vTaskSwitchContext                     0x0800266c   Section        0  tasks.o(i.vTaskSwitchContext)
    i.xPortStartScheduler                    0x080026bc   Section        0  port.o(i.xPortStartScheduler)
    i.xQueueGenericCreateStatic              0x080026fc   Section        0  queue.o(i.xQueueGenericCreateStatic)
    i.xQueueGenericReset                     0x08002724   Section        0  queue.o(i.xQueueGenericReset)
    i.xQueueReceive                          0x080027b8   Section        0  queue.o(i.xQueueReceive)
    i.xTaskCheckForTimeOut                   0x080028a8   Section        0  tasks.o(i.xTaskCheckForTimeOut)
    i.xTaskCreate                            0x08002900   Section        0  tasks.o(i.xTaskCreate)
    i.xTaskCreateStatic                      0x0800295a   Section        0  tasks.o(i.xTaskCreateStatic)
    i.xTaskGetTickCount                      0x08002990   Section        0  tasks.o(i.xTaskGetTickCount)
    i.xTaskIncrementTick                     0x0800299c   Section        0  tasks.o(i.xTaskIncrementTick)
    i.xTaskRemoveFromEventList               0x08002a98   Section        0  tasks.o(i.xTaskRemoveFromEventList)
    i.xTaskResumeAll                         0x08002b5c   Section        0  tasks.o(i.xTaskResumeAll)
    i.xTimerCreateTimerTask                  0x08002c70   Section        0  timers.o(i.xTimerCreateTimerTask)
    .constdata                               0x08002cc4   Section       32  stm32f3xx_hal_rcc.o(.constdata)
    .constdata                               0x08002ce4   Section       16  system_stm32f3xx.o(.constdata)
    .constdata                               0x08002cf4   Section        8  system_stm32f3xx.o(.constdata)
    .data                                    0x20000000   Section        8  main.o(.data)
    .data                                    0x20000008   Section       12  stm32f3xx_hal.o(.data)
    .data                                    0x20000014   Section        4  system_stm32f3xx.o(.data)
    .data                                    0x20000018   Section       64  tasks.o(.data)
    uxDeletedTasksWaitingCleanUp             0x2000001c   Data           4  tasks.o(.data)
    uxCurrentNumberOfTasks                   0x20000020   Data           4  tasks.o(.data)
    xTickCount                               0x20000024   Data           4  tasks.o(.data)
    uxTopReadyPriority                       0x20000028   Data           4  tasks.o(.data)
    xSchedulerRunning                        0x2000002c   Data           4  tasks.o(.data)
    xPendedTicks                             0x20000030   Data           4  tasks.o(.data)
    xYieldPending                            0x20000034   Data           4  tasks.o(.data)
    xNumOfOverflows                          0x20000038   Data           4  tasks.o(.data)
    uxTaskNumber                             0x2000003c   Data           4  tasks.o(.data)
    xNextTaskUnblockTime                     0x20000040   Data           4  tasks.o(.data)
    xIdleTaskHandle                          0x20000044   Data           4  tasks.o(.data)
    uxSchedulerSuspended                     0x2000004c   Data           4  tasks.o(.data)
    pxDelayedTaskList                        0x20000050   Data           4  tasks.o(.data)
    pxOverflowDelayedTaskList                0x20000054   Data           4  tasks.o(.data)
    .data                                    0x20000058   Section       20  timers.o(.data)
    xTimerQueue                              0x20000058   Data           4  timers.o(.data)
    xTimerTaskHandle                         0x2000005c   Data           4  timers.o(.data)
    xLastTime                                0x20000060   Data           4  timers.o(.data)
    pxCurrentTimerList                       0x20000064   Data           4  timers.o(.data)
    pxOverflowTimerList                      0x20000068   Data           4  timers.o(.data)
    .data                                    0x2000006c   Section       32  heap_4.o(.data)
    pxEnd                                    0x2000006c   Data           4  heap_4.o(.data)
    xFreeBytesRemaining                      0x20000070   Data           4  heap_4.o(.data)
    xMinimumEverFreeBytesRemaining           0x20000074   Data           4  heap_4.o(.data)
    xNumberOfSuccessfulAllocations           0x20000078   Data           4  heap_4.o(.data)
    xNumberOfSuccessfulFrees                 0x2000007c   Data           4  heap_4.o(.data)
    xBlockAllocatedBit                       0x20000080   Data           4  heap_4.o(.data)
    xStart                                   0x20000084   Data           8  heap_4.o(.data)
    .data                                    0x2000008c   Section        4  port.o(.data)
    uxCriticalNesting                        0x2000008c   Data           4  port.o(.data)
    .bss                                     0x20000090   Section     2624  main.o(.bss)
    xIdleTaskTCB                             0x20000090   Data          92  main.o(.bss)
    uxIdleTaskStack                          0x200000ec   Data         512  main.o(.bss)
    xTimerTaskTCB                            0x200002ec   Data          92  main.o(.bss)
    uxTimerTaskStack                         0x20000348   Data         512  main.o(.bss)
    .bss                                     0x20000ad0   Section       76  stm32f3xx_hal_timebase_tim.o(.bss)
    .bss                                     0x20000b1c   Section       80  queue.o(.bss)
    .bss                                     0x20000b6c   Section      200  tasks.o(.bss)
    pxReadyTasksLists                        0x20000b6c   Data         100  tasks.o(.bss)
    xDelayedTaskList1                        0x20000bd0   Data          20  tasks.o(.bss)
    xDelayedTaskList2                        0x20000be4   Data          20  tasks.o(.bss)
    xPendingReadyList                        0x20000bf8   Data          20  tasks.o(.bss)
    xTasksWaitingTermination                 0x20000c0c   Data          20  tasks.o(.bss)
    xSuspendedTaskList                       0x20000c20   Data          20  tasks.o(.bss)
    .bss                                     0x20000c34   Section      280  timers.o(.bss)
    xStaticTimerQueue                        0x20000c34   Data          80  timers.o(.bss)
    ucStaticTimerQueueStorage                0x20000c84   Data         160  timers.o(.bss)
    xActiveTimerList1                        0x20000d24   Data          20  timers.o(.bss)
    xActiveTimerList2                        0x20000d38   Data          20  timers.o(.bss)
    .bss                                     0x20000d4c   Section    17408  heap_4.o(.bss)
    ucHeap                                   0x20000d4c   Data       17408  heap_4.o(.bss)
    STACK                                    0x20005150   Section     2048  startup_stm32f303xc.o(STACK)

    Global Symbols

    Symbol Name                              Value     Ov Type        Size  Object(Section)

    BuildAttributes$$THM_ISAv4$E$P$D$K$B$S$7EM$VFPi3$EXTD16$VFPS$VFMA$PE$A:L22UL41UL21$X:L11$S22US41US21$IEEE1$IW$USESV6$~STKCKD$USESV7$~SHL$OSPACE$EBA8$MICROLIB$REQ8$PRES8$EABIv2 0x00000000   Number         0  anon$$obj.o ABSOLUTE
    __ARM_use_no_argv                        0x00000000   Number         0  main.o ABSOLUTE
    __arm_fini_                               - Undefined Weak Reference
    __cpp_initialize__aeabi_                  - Undefined Weak Reference
    __cxa_finalize                            - Undefined Weak Reference
    __decompress                              - Undefined Weak Reference
    _clock_init                               - Undefined Weak Reference
    _microlib_exit                            - Undefined Weak Reference
    __Vectors_Size                           0x00000188   Number         0  startup_stm32f303xc.o ABSOLUTE
    __Vectors                                0x08000000   Data           4  startup_stm32f303xc.o(RESET)
    __Vectors_End                            0x08000188   Data           0  startup_stm32f303xc.o(RESET)
    __main                                   0x08000189   Thumb Code     0  entry.o(.ARM.Collect$$$$00000000)
    _main_stk                                0x08000189   Thumb Code     0  entry2.o(.ARM.Collect$$$$00000001)
    _main_scatterload                        0x0800018d   Thumb Code     0  entry5.o(.ARM.Collect$$$$00000004)
    __main_after_scatterload                 0x08000191   Thumb Code     0  entry5.o(.ARM.Collect$$$$00000004)
    _main_clock                              0x08000191   Thumb Code     0  entry7b.o(.ARM.Collect$$$$00000008)
    _main_cpp_init                           0x08000191   Thumb Code     0  entry8b.o(.ARM.Collect$$$$0000000A)
    _main_init                               0x08000191   Thumb Code     0  entry9a.o(.ARM.Collect$$$$0000000B)
    __rt_lib_shutdown_fini                   0x08000199   Thumb Code     0  entry12b.o(.ARM.Collect$$$$0000000E)
    __rt_final_cpp                           0x0800019d   Thumb Code     0  entry10a.o(.ARM.Collect$$$$0000000F)
    __rt_final_exit                          0x0800019d   Thumb Code     0  entry11a.o(.ARM.Collect$$$$00000011)
    SVC_Handler                              0x080001a1   Thumb Code    28  port.o(.emb_text)
    __asm___6_port_c_39a90d8d__prvStartFirstTask 0x080001c1   Thumb Code    36  port.o(.emb_text)
    __asm___6_port_c_39a90d8d__prvEnableVFP  0x080001e9   Thumb Code    16  port.o(.emb_text)
    PendSV_Handler                           0x080001fd   Thumb Code    88  port.o(.emb_text)
    vPortGetIPSR                             0x08000259   Thumb Code     6  port.o(.emb_text)
    Reset_Handler                            0x08000261   Thumb Code     8  startup_stm32f303xc.o(.text)
    ADC1_2_IRQHandler                        0x0800027b   Thumb Code     0  startup_stm32f303xc.o(.text)
    ADC3_IRQHandler                          0x0800027b   Thumb Code     0  startup_stm32f303xc.o(.text)
    ADC4_IRQHandler                          0x0800027b   Thumb Code     0  startup_stm32f303xc.o(.text)
    CAN_RX1_IRQHandler                       0x0800027b   Thumb Code     0  startup_stm32f303xc.o(.text)
    CAN_SCE_IRQHandler                       0x0800027b   Thumb Code     0  startup_stm32f303xc.o(.text)
    COMP1_2_3_IRQHandler                     0x0800027b   Thumb Code     0  startup_stm32f303xc.o(.text)
    COMP4_5_6_IRQHandler                     0x0800027b   Thumb Code     0  startup_stm32f303xc.o(.text)
    COMP7_IRQHandler                         0x0800027b   Thumb Code     0  startup_stm32f303xc.o(.text)
    DMA1_Channel1_IRQHandler                 0x0800027b   Thumb Code     0  startup_stm32f303xc.o(.text)
    DMA1_Channel2_IRQHandler                 0x0800027b   Thumb Code     0  startup_stm32f303xc.o(.text)
    DMA1_Channel3_IRQHandler                 0x0800027b   Thumb Code     0  startup_stm32f303xc.o(.text)
    DMA1_Channel4_IRQHandler                 0x0800027b   Thumb Code     0  startup_stm32f303xc.o(.text)
    DMA1_Channel5_IRQHandler                 0x0800027b   Thumb Code     0  startup_stm32f303xc.o(.text)
    DMA1_Channel6_IRQHandler                 0x0800027b   Thumb Code     0  startup_stm32f303xc.o(.text)
    DMA1_Channel7_IRQHandler                 0x0800027b   Thumb Code     0  startup_stm32f303xc.o(.text)
    DMA2_Channel1_IRQHandler                 0x0800027b   Thumb Code     0  startup_stm32f303xc.o(.text)
    DMA2_Channel2_IRQHandler                 0x0800027b   Thumb Code     0  startup_stm32f303xc.o(.text)
    DMA2_Channel3_IRQHandler                 0x0800027b   Thumb Code     0  startup_stm32f303xc.o(.text)
    DMA2_Channel4_IRQHandler                 0x0800027b   Thumb Code     0  startup_stm32f303xc.o(.text)
    DMA2_Channel5_IRQHandler                 0x0800027b   Thumb Code     0  startup_stm32f303xc.o(.text)
    EXTI0_IRQHandler                         0x0800027b   Thumb Code     0  startup_stm32f303xc.o(.text)
    EXTI15_10_IRQHandler                     0x0800027b   Thumb Code     0  startup_stm32f303xc.o(.text)
    EXTI1_IRQHandler                         0x0800027b   Thumb Code     0  startup_stm32f303xc.o(.text)
    EXTI2_TSC_IRQHandler                     0x0800027b   Thumb Code     0  startup_stm32f303xc.o(.text)
    EXTI3_IRQHandler                         0x0800027b   Thumb Code     0  startup_stm32f303xc.o(.text)
    EXTI4_IRQHandler                         0x0800027b   Thumb Code     0  startup_stm32f303xc.o(.text)
    EXTI9_5_IRQHandler                       0x0800027b   Thumb Code     0  startup_stm32f303xc.o(.text)
    FLASH_IRQHandler                         0x0800027b   Thumb Code     0  startup_stm32f303xc.o(.text)
    FPU_IRQHandler                           0x0800027b   Thumb Code     0  startup_stm32f303xc.o(.text)
    I2C1_ER_IRQHandler                       0x0800027b   Thumb Code     0  startup_stm32f303xc.o(.text)
    I2C1_EV_IRQHandler                       0x0800027b   Thumb Code     0  startup_stm32f303xc.o(.text)
    I2C2_ER_IRQHandler                       0x0800027b   Thumb Code     0  startup_stm32f303xc.o(.text)
    I2C2_EV_IRQHandler                       0x0800027b   Thumb Code     0  startup_stm32f303xc.o(.text)
    PVD_IRQHandler                           0x0800027b   Thumb Code     0  startup_stm32f303xc.o(.text)
    RCC_IRQHandler                           0x0800027b   Thumb Code     0  startup_stm32f303xc.o(.text)
    RTC_Alarm_IRQHandler                     0x0800027b   Thumb Code     0  startup_stm32f303xc.o(.text)
    RTC_WKUP_IRQHandler                      0x0800027b   Thumb Code     0  startup_stm32f303xc.o(.text)
    SPI1_IRQHandler                          0x0800027b   Thumb Code     0  startup_stm32f303xc.o(.text)
    SPI2_IRQHandler                          0x0800027b   Thumb Code     0  startup_stm32f303xc.o(.text)
    SPI3_IRQHandler                          0x0800027b   Thumb Code     0  startup_stm32f303xc.o(.text)
    TAMP_STAMP_IRQHandler                    0x0800027b   Thumb Code     0  startup_stm32f303xc.o(.text)
    TIM1_BRK_TIM15_IRQHandler                0x0800027b   Thumb Code     0  startup_stm32f303xc.o(.text)
    TIM1_CC_IRQHandler                       0x0800027b   Thumb Code     0  startup_stm32f303xc.o(.text)
    TIM1_TRG_COM_TIM17_IRQHandler            0x0800027b   Thumb Code     0  startup_stm32f303xc.o(.text)
    TIM1_UP_TIM16_IRQHandler                 0x0800027b   Thumb Code     0  startup_stm32f303xc.o(.text)
    TIM2_IRQHandler                          0x0800027b   Thumb Code     0  startup_stm32f303xc.o(.text)
    TIM4_IRQHandler                          0x0800027b   Thumb Code     0  startup_stm32f303xc.o(.text)
    TIM6_DAC_IRQHandler                      0x0800027b   Thumb Code     0  startup_stm32f303xc.o(.text)
    TIM7_IRQHandler                          0x0800027b   Thumb Code     0  startup_stm32f303xc.o(.text)
    TIM8_BRK_IRQHandler                      0x0800027b   Thumb Code     0  startup_stm32f303xc.o(.text)
    TIM8_CC_IRQHandler                       0x0800027b   Thumb Code     0  startup_stm32f303xc.o(.text)
    TIM8_TRG_COM_IRQHandler                  0x0800027b   Thumb Code     0  startup_stm32f303xc.o(.text)
    TIM8_UP_IRQHandler                       0x0800027b   Thumb Code     0  startup_stm32f303xc.o(.text)
    UART4_IRQHandler                         0x0800027b   Thumb Code     0  startup_stm32f303xc.o(.text)
    UART5_IRQHandler                         0x0800027b   Thumb Code     0  startup_stm32f303xc.o(.text)
    USART1_IRQHandler                        0x0800027b   Thumb Code     0  startup_stm32f303xc.o(.text)
    USART2_IRQHandler                        0x0800027b   Thumb Code     0  startup_stm32f303xc.o(.text)
    USART3_IRQHandler                        0x0800027b   Thumb Code     0  startup_stm32f303xc.o(.text)
    USBWakeUp_IRQHandler                     0x0800027b   Thumb Code     0  startup_stm32f303xc.o(.text)
    USBWakeUp_RMP_IRQHandler                 0x0800027b   Thumb Code     0  startup_stm32f303xc.o(.text)
    USB_HP_CAN_TX_IRQHandler                 0x0800027b   Thumb Code     0  startup_stm32f303xc.o(.text)
    USB_HP_IRQHandler                        0x0800027b   Thumb Code     0  startup_stm32f303xc.o(.text)
    USB_LP_CAN_RX0_IRQHandler                0x0800027b   Thumb Code     0  startup_stm32f303xc.o(.text)
    USB_LP_IRQHandler                        0x0800027b   Thumb Code     0  startup_stm32f303xc.o(.text)
    WWDG_IRQHandler                          0x0800027b   Thumb Code     0  startup_stm32f303xc.o(.text)
    __aeabi_uldivmod                         0x08000285   Thumb Code    98  uldiv.o(.text)
    __aeabi_llsr                             0x080002e7   Thumb Code    32  llushr.o(.text)
    _ll_ushift_r                             0x080002e7   Thumb Code     0  llushr.o(.text)
    __aeabi_memcpy                           0x08000307   Thumb Code    36  memcpya.o(.text)
    __aeabi_memcpy4                          0x08000307   Thumb Code     0  memcpya.o(.text)
    __aeabi_memcpy8                          0x08000307   Thumb Code     0  memcpya.o(.text)
    __aeabi_memset                           0x0800032b   Thumb Code    14  memseta.o(.text)
    __aeabi_memset4                          0x0800032b   Thumb Code     0  memseta.o(.text)
    __aeabi_memset8                          0x0800032b   Thumb Code     0  memseta.o(.text)
    __aeabi_memclr                           0x08000339   Thumb Code     4  memseta.o(.text)
    __aeabi_memclr4                          0x08000339   Thumb Code     0  memseta.o(.text)
    __aeabi_memclr8                          0x08000339   Thumb Code     0  memseta.o(.text)
    _memset$wrapper                          0x0800033d   Thumb Code    18  memseta.o(.text)
    __aeabi_llsl                             0x0800034f   Thumb Code    30  llshl.o(.text)
    _ll_shift_l                              0x0800034f   Thumb Code     0  llshl.o(.text)
    __scatterload                            0x0800036d   Thumb Code    28  init.o(.text)
    __scatterload_rt2                        0x0800036d   Thumb Code     0  init.o(.text)
    BusFault_Handler                         0x08000391   Thumb Code     2  stm32f3xx_it.o(i.BusFault_Handler)
    DebugMon_Handler                         0x08000393   Thumb Code     2  stm32f3xx_it.o(i.DebugMon_Handler)
    HAL_GPIO_Init                            0x08000395   Thumb Code   434  stm32f3xx_hal_gpio.o(i.HAL_GPIO_Init)
    HAL_GPIO_TogglePin                       0x08000565   Thumb Code    16  stm32f3xx_hal_gpio.o(i.HAL_GPIO_TogglePin)
    HAL_GPIO_WritePin                        0x08000575   Thumb Code    10  stm32f3xx_hal_gpio.o(i.HAL_GPIO_WritePin)
    HAL_GetTick                              0x08000581   Thumb Code     6  stm32f3xx_hal.o(i.HAL_GetTick)
    HAL_I2CEx_ConfigAnalogFilter             0x0800058d   Thumb Code    86  stm32f3xx_hal_i2c_ex.o(i.HAL_I2CEx_ConfigAnalogFilter)
    HAL_I2CEx_ConfigDigitalFilter            0x080005e3   Thumb Code    82  stm32f3xx_hal_i2c_ex.o(i.HAL_I2CEx_ConfigDigitalFilter)
    HAL_I2C_Init                             0x08000635   Thumb Code   178  stm32f3xx_hal_i2c.o(i.HAL_I2C_Init)
    HAL_I2C_MspInit                          0x080006ed   Thumb Code    88  stm32f3xx_hal_msp.o(i.HAL_I2C_MspInit)
    HAL_IncTick                              0x08000751   Thumb Code    12  stm32f3xx_hal.o(i.HAL_IncTick)
    HAL_Init                                 0x08000761   Thumb Code    32  stm32f3xx_hal.o(i.HAL_Init)
    HAL_InitTick                             0x08000785   Thumb Code   100  stm32f3xx_hal_timebase_tim.o(i.HAL_InitTick)
    HAL_MspInit                              0x080007f9   Thumb Code    38  stm32f3xx_hal_msp.o(i.HAL_MspInit)
    HAL_NVIC_EnableIRQ                       0x08000825   Thumb Code    26  stm32f3xx_hal_cortex.o(i.HAL_NVIC_EnableIRQ)
    HAL_NVIC_SetPriority                     0x08000841   Thumb Code    60  stm32f3xx_hal_cortex.o(i.HAL_NVIC_SetPriority)
    HAL_NVIC_SetPriorityGrouping             0x08000881   Thumb Code    26  stm32f3xx_hal_cortex.o(i.HAL_NVIC_SetPriorityGrouping)
    HAL_PCD_Init                             0x080008a5   Thumb Code   166  stm32f3xx_hal_pcd.o(i.HAL_PCD_Init)
    HAL_PCD_MspInit                          0x0800094d   Thumb Code    92  stm32f3xx_hal_msp.o(i.HAL_PCD_MspInit)
    HAL_RCCEx_PeriphCLKConfig                0x080009b1   Thumb Code   522  stm32f3xx_hal_rcc_ex.o(i.HAL_RCCEx_PeriphCLKConfig)
    HAL_RCC_ClockConfig                      0x08000bc9   Thumb Code   308  stm32f3xx_hal_rcc.o(i.HAL_RCC_ClockConfig)
    HAL_RCC_GetClockConfig                   0x08000d11   Thumb Code    54  stm32f3xx_hal_rcc.o(i.HAL_RCC_GetClockConfig)
    HAL_RCC_GetPCLK1Freq                     0x08000d51   Thumb Code    34  stm32f3xx_hal_rcc.o(i.HAL_RCC_GetPCLK1Freq)
    HAL_RCC_GetSysClockFreq                  0x08000d81   Thumb Code    92  stm32f3xx_hal_rcc.o(i.HAL_RCC_GetSysClockFreq)
    HAL_RCC_OscConfig                        0x08000ded   Thumb Code  1480  stm32f3xx_hal_rcc.o(i.HAL_RCC_OscConfig)
    HAL_SPI_Init                             0x080013b5   Thumb Code   234  stm32f3xx_hal_spi.o(i.HAL_SPI_Init)
    HAL_SPI_MspInit                          0x080014a1   Thumb Code    90  stm32f3xx_hal_msp.o(i.HAL_SPI_MspInit)
    HAL_TIMEx_Break2Callback                 0x08001505   Thumb Code     2  stm32f3xx_hal_tim_ex.o(i.HAL_TIMEx_Break2Callback)
    HAL_TIMEx_BreakCallback                  0x08001507   Thumb Code     2  stm32f3xx_hal_tim_ex.o(i.HAL_TIMEx_BreakCallback)
    HAL_TIMEx_CommutCallback                 0x08001509   Thumb Code     2  stm32f3xx_hal_tim_ex.o(i.HAL_TIMEx_CommutCallback)
    HAL_TIM_Base_Init                        0x0800150b   Thumb Code    98  stm32f3xx_hal_tim.o(i.HAL_TIM_Base_Init)
    HAL_TIM_Base_MspInit                     0x0800156d   Thumb Code     2  stm32f3xx_hal_tim.o(i.HAL_TIM_Base_MspInit)
    HAL_TIM_Base_Start_IT                    0x08001571   Thumb Code    94  stm32f3xx_hal_tim.o(i.HAL_TIM_Base_Start_IT)
    HAL_TIM_IC_CaptureCallback               0x080015e9   Thumb Code     2  stm32f3xx_hal_tim.o(i.HAL_TIM_IC_CaptureCallback)
    HAL_TIM_IRQHandler                       0x080015eb   Thumb Code   388  stm32f3xx_hal_tim.o(i.HAL_TIM_IRQHandler)
    HAL_TIM_OC_DelayElapsedCallback          0x0800176f   Thumb Code     2  stm32f3xx_hal_tim.o(i.HAL_TIM_OC_DelayElapsedCallback)
    HAL_TIM_PWM_PulseFinishedCallback        0x08001771   Thumb Code     2  stm32f3xx_hal_tim.o(i.HAL_TIM_PWM_PulseFinishedCallback)
    HAL_TIM_PeriodElapsedCallback            0x08001775   Thumb Code    14  main.o(i.HAL_TIM_PeriodElapsedCallback)
    HAL_TIM_TriggerCallback                  0x08001789   Thumb Code     2  stm32f3xx_hal_tim.o(i.HAL_TIM_TriggerCallback)
    HardFault_Handler                        0x0800178b   Thumb Code     2  stm32f3xx_it.o(i.HardFault_Handler)
    MemManage_Handler                        0x080018e1   Thumb Code     2  stm32f3xx_it.o(i.MemManage_Handler)
    NMI_Handler                              0x080018e3   Thumb Code     2  stm32f3xx_it.o(i.NMI_Handler)
    SysTick_Handler                          0x080018e5   Thumb Code    38  port.o(i.SysTick_Handler)
    SystemClock_Config                       0x08001911   Thumb Code   132  main.o(i.SystemClock_Config)
    SystemInit                               0x08001999   Thumb Code    12  system_stm32f3xx.o(i.SystemInit)
    TIM3_IRQHandler                          0x080019a9   Thumb Code     6  stm32f3xx_it.o(i.TIM3_IRQHandler)
    TIM_Base_SetConfig                       0x080019b5   Thumb Code   146  stm32f3xx_hal_tim.o(i.TIM_Base_SetConfig)
    USB_DevInit                              0x08001a65   Thumb Code    18  stm32f3xx_ll_usb.o(i.USB_DevInit)
    USB_DisableGlobalInt                     0x08001a77   Thumb Code    14  stm32f3xx_ll_usb.o(i.USB_DisableGlobalInt)
    UsageFault_Handler                       0x08001a85   Thumb Code     2  stm32f3xx_it.o(i.UsageFault_Handler)
    __scatterload_copy                       0x08001aa7   Thumb Code    14  handlers.o(i.__scatterload_copy)
    __scatterload_null                       0x08001ab5   Thumb Code     2  handlers.o(i.__scatterload_null)
    __scatterload_zeroinit                   0x08001ab7   Thumb Code    14  handlers.o(i.__scatterload_zeroinit)
    check_stack                              0x08001ac5   Thumb Code    38  main.o(i.check_stack)
    main                                     0x08001aed   Thumb Code   108  main.o(i.main)
    pvPortMalloc                             0x08002255   Thumb Code   170  heap_4.o(i.pvPortMalloc)
    pxPortInitialiseStack                    0x08002305   Thumb Code    40  port.o(i.pxPortInitialiseStack)
    uxListRemove                             0x08002331   Thumb Code    38  list.o(i.uxListRemove)
    vApplicationGetIdleTaskMemory            0x08002359   Thumb Code    16  main.o(i.vApplicationGetIdleTaskMemory)
    vApplicationGetTimerTaskMemory           0x0800236d   Thumb Code    16  main.o(i.vApplicationGetTimerTaskMemory)
    vApplicationIdleHook                     0x08002381   Thumb Code    34  main.o(i.vApplicationIdleHook)
    vListInitialise                          0x080023ad   Thumb Code    22  list.o(i.vListInitialise)
    vListInitialiseItem                      0x080023c3   Thumb Code     6  list.o(i.vListInitialiseItem)
    vListInsert                              0x080023c9   Thumb Code    48  list.o(i.vListInsert)
    vPortEnterCritical                       0x080023f9   Thumb Code    24  port.o(i.vPortEnterCritical)
    vPortExitCritical                        0x08002415   Thumb Code    16  port.o(i.vPortExitCritical)
    vPortFree                                0x08002429   Thumb Code    64  heap_4.o(i.vPortFree)
    vPortSetupTimerInterrupt                 0x0800246d   Thumb Code    20  port.o(i.vPortSetupTimerInterrupt)
    vQueueAddToRegistry                      0x08002485   Thumb Code    54  queue.o(i.vQueueAddToRegistry)
    vQueueWaitForMessageRestricted           0x080024c1   Thumb Code    68  queue.o(i.vQueueWaitForMessageRestricted)
    vTaskCode_DYNAMIC                        0x08002505   Thumb Code    26  main.o(i.vTaskCode_DYNAMIC)
    vTaskCode_STATIC                         0x08002525   Thumb Code    26  main.o(i.vTaskCode_STATIC)
    vTaskDelay                               0x08002545   Thumb Code    44  tasks.o(i.vTaskDelay)
    vTaskInternalSetTimeOutState             0x08002575   Thumb Code    12  tasks.o(i.vTaskInternalSetTimeOutState)
    vTaskMissedYield                         0x08002585   Thumb Code     8  tasks.o(i.vTaskMissedYield)
    vTaskPlaceOnEventList                    0x08002591   Thumb Code    26  tasks.o(i.vTaskPlaceOnEventList)
    vTaskPlaceOnEventListRestricted          0x080025b1   Thumb Code    58  tasks.o(i.vTaskPlaceOnEventListRestricted)
    vTaskStartScheduler                      0x080025f1   Thumb Code    92  tasks.o(i.vTaskStartScheduler)
    vTaskSuspendAll                          0x0800265d   Thumb Code    10  tasks.o(i.vTaskSuspendAll)
    vTaskSwitchContext                       0x0800266d   Thumb Code    72  tasks.o(i.vTaskSwitchContext)
    xPortStartScheduler                      0x080026bd   Thumb Code    52  port.o(i.xPortStartScheduler)
    xQueueGenericCreateStatic                0x080026fd   Thumb Code    38  queue.o(i.xQueueGenericCreateStatic)
    xQueueGenericReset                       0x08002725   Thumb Code   144  queue.o(i.xQueueGenericReset)
    xQueueReceive                            0x080027b9   Thumb Code   236  queue.o(i.xQueueReceive)
    xTaskCheckForTimeOut                     0x080028a9   Thumb Code    82  tasks.o(i.xTaskCheckForTimeOut)
    xTaskCreate                              0x08002901   Thumb Code    90  tasks.o(i.xTaskCreate)
    xTaskCreateStatic                        0x0800295b   Thumb Code    54  tasks.o(i.xTaskCreateStatic)
    xTaskGetTickCount                        0x08002991   Thumb Code     6  tasks.o(i.xTaskGetTickCount)
    xTaskIncrementTick                       0x0800299d   Thumb Code   242  tasks.o(i.xTaskIncrementTick)
    xTaskRemoveFromEventList                 0x08002a99   Thumb Code   188  tasks.o(i.xTaskRemoveFromEventList)
    xTaskResumeAll                           0x08002b5d   Thumb Code   262  tasks.o(i.xTaskResumeAll)
    xTimerCreateTimerTask                    0x08002c71   Thumb Code    66  timers.o(i.xTimerCreateTimerTask)
    aPLLMULFactorTable                       0x08002cc4   Data          16  stm32f3xx_hal_rcc.o(.constdata)
    aPredivFactorTable                       0x08002cd4   Data          16  stm32f3xx_hal_rcc.o(.constdata)
    AHBPrescTable                            0x08002ce4   Data          16  system_stm32f3xx.o(.constdata)
    APBPrescTable                            0x08002cf4   Data           8  system_stm32f3xx.o(.constdata)
    Region$$Table$$Base                      0x08002cfc   Number         0  anon$$obj.o(Region$$Table)
    Region$$Table$$Limit                     0x08002d1c   Number         0  anon$$obj.o(Region$$Table)
    xHandle_STATIC                           0x20000000   Data           4  main.o(.data)
    xHandle_DYNAMIC                          0x20000004   Data           4  main.o(.data)
    uwTickFreq                               0x20000008   Data           1  stm32f3xx_hal.o(.data)
    uwTickPrio                               0x2000000c   Data           4  stm32f3xx_hal.o(.data)
    uwTick                                   0x20000010   Data           4  stm32f3xx_hal.o(.data)
    SystemCoreClock                          0x20000014   Data           4  system_stm32f3xx.o(.data)
    pxCurrentTCB                             0x20000018   Data           4  tasks.o(.data)
    uxTopUsedPriority                        0x20000048   Data           4  tasks.o(.data)
    xTaskBuffer                              0x20000548   Data          92  main.o(.bss)
    xStack                                   0x200005a4   Data         400  main.o(.bss)
    hi2c1                                    0x20000734   Data          76  main.o(.bss)
    hspi1                                    0x20000780   Data         100  main.o(.bss)
    hpcd_USB_FS                              0x200007e4   Data         748  main.o(.bss)
    htim3                                    0x20000ad0   Data          76  stm32f3xx_hal_timebase_tim.o(.bss)
    xQueueRegistry                           0x20000b1c   Data          80  queue.o(.bss)
    __initial_sp                             0x20005950   Data           0  startup_stm32f303xc.o(STACK)



==============================================================================

Memory Map of the image

  Image Entry point : 0x08000189

  Load Region LR_IROM1 (Base: 0x08000000, Size: 0x00002dac, Max: 0x00040000, ABSOLUTE)

    Execution Region ER_IROM1 (Exec base: 0x08000000, Load base: 0x08000000, Size: 0x00002d1c, Max: 0x00040000, ABSOLUTE)

    Exec Addr    Load Addr    Size         Type   Attr      Idx    E Section Name        Object

    0x08000000   0x08000000   0x00000188   Data   RO            3    RESET               startup_stm32f303xc.o
    0x08000188   0x08000188   0x00000000   Code   RO         4963  * .ARM.Collect$$$$00000000  mc_w.l(entry.o)
    0x08000188   0x08000188   0x00000004   Code   RO         4976    .ARM.Collect$$$$00000001  mc_w.l(entry2.o)
    0x0800018c   0x0800018c   0x00000004   Code   RO         4979    .ARM.Collect$$$$00000004  mc_w.l(entry5.o)
    0x08000190   0x08000190   0x00000000   Code   RO         4981    .ARM.Collect$$$$00000008  mc_w.l(entry7b.o)
    0x08000190   0x08000190   0x00000000   Code   RO         4983    .ARM.Collect$$$$0000000A  mc_w.l(entry8b.o)
    0x08000190   0x08000190   0x00000008   Code   RO         4984    .ARM.Collect$$$$0000000B  mc_w.l(entry9a.o)
    0x08000198   0x08000198   0x00000004   Code   RO         4991    .ARM.Collect$$$$0000000E  mc_w.l(entry12b.o)
    0x0800019c   0x0800019c   0x00000000   Code   RO         4986    .ARM.Collect$$$$0000000F  mc_w.l(entry10a.o)
    0x0800019c   0x0800019c   0x00000000   Code   RO         4988    .ARM.Collect$$$$00000011  mc_w.l(entry11a.o)
    0x0800019c   0x0800019c   0x00000004   Code   RO         4977    .ARM.Collect$$$$00002712  mc_w.l(entry2.o)
    0x080001a0   0x080001a0   0x000000be   Code   RO         4892    .emb_text           port.o
    0x0800025e   0x0800025e   0x00000002   PAD
    0x08000260   0x08000260   0x00000024   Code   RO            4    .text               startup_stm32f303xc.o
    0x08000284   0x08000284   0x00000062   Code   RO         4966    .text               mc_w.l(uldiv.o)
    0x080002e6   0x080002e6   0x00000020   Code   RO         4968    .text               mc_w.l(llushr.o)
    0x08000306   0x08000306   0x00000024   Code   RO         4970    .text               mc_w.l(memcpya.o)
    0x0800032a   0x0800032a   0x00000024   Code   RO         4972    .text               mc_w.l(memseta.o)
    0x0800034e   0x0800034e   0x0000001e   Code   RO         4992    .text               mc_w.l(llshl.o)
    0x0800036c   0x0800036c   0x00000024   Code   RO         4994    .text               mc_w.l(init.o)
    0x08000390   0x08000390   0x00000002   Code   RO          248    i.BusFault_Handler  stm32f3xx_it.o
    0x08000392   0x08000392   0x00000002   Code   RO          249    i.DebugMon_Handler  stm32f3xx_it.o
    0x08000394   0x08000394   0x000001d0   Code   RO         1401    i.HAL_GPIO_Init     stm32f3xx_hal_gpio.o
    0x08000564   0x08000564   0x00000010   Code   RO         1404    i.HAL_GPIO_TogglePin  stm32f3xx_hal_gpio.o
    0x08000574   0x08000574   0x0000000a   Code   RO         1405    i.HAL_GPIO_WritePin  stm32f3xx_hal_gpio.o
    0x0800057e   0x0800057e   0x00000002   PAD
    0x08000580   0x08000580   0x0000000c   Code   RO         1088    i.HAL_GetTick       stm32f3xx_hal.o
    0x0800058c   0x0800058c   0x00000056   Code   RO         1023    i.HAL_I2CEx_ConfigAnalogFilter  stm32f3xx_hal_i2c_ex.o
    0x080005e2   0x080005e2   0x00000052   Code   RO         1024    i.HAL_I2CEx_ConfigDigitalFilter  stm32f3xx_hal_i2c_ex.o
    0x08000634   0x08000634   0x000000b8   Code   RO          572    i.HAL_I2C_Init      stm32f3xx_hal_i2c.o
    0x080006ec   0x080006ec   0x00000064   Code   RO          331    i.HAL_I2C_MspInit   stm32f3xx_hal_msp.o
    0x08000750   0x08000750   0x00000010   Code   RO         1094    i.HAL_IncTick       stm32f3xx_hal.o
    0x08000760   0x08000760   0x00000024   Code   RO         1095    i.HAL_Init          stm32f3xx_hal.o
    0x08000784   0x08000784   0x00000074   Code   RO          390    i.HAL_InitTick      stm32f3xx_hal_timebase_tim.o
    0x080007f8   0x080007f8   0x0000002c   Code   RO          332    i.HAL_MspInit       stm32f3xx_hal_msp.o
    0x08000824   0x08000824   0x0000001a   Code   RO         1569    i.HAL_NVIC_EnableIRQ  stm32f3xx_hal_cortex.o
    0x0800083e   0x0800083e   0x00000002   PAD
    0x08000840   0x08000840   0x00000040   Code   RO         1575    i.HAL_NVIC_SetPriority  stm32f3xx_hal_cortex.o
    0x08000880   0x08000880   0x00000024   Code   RO         1576    i.HAL_NVIC_SetPriorityGrouping  stm32f3xx_hal_cortex.o
    0x080008a4   0x080008a4   0x000000a6   Code   RO         3466    i.HAL_PCD_Init      stm32f3xx_hal_pcd.o
    0x0800094a   0x0800094a   0x00000002   PAD
    0x0800094c   0x0800094c   0x00000064   Code   RO          334    i.HAL_PCD_MspInit   stm32f3xx_hal_msp.o
    0x080009b0   0x080009b0   0x00000218   Code   RO         1358    i.HAL_RCCEx_PeriphCLKConfig  stm32f3xx_hal_rcc_ex.o
    0x08000bc8   0x08000bc8   0x00000148   Code   RO         1252    i.HAL_RCC_ClockConfig  stm32f3xx_hal_rcc.o
    0x08000d10   0x08000d10   0x00000040   Code   RO         1256    i.HAL_RCC_GetClockConfig  stm32f3xx_hal_rcc.o
    0x08000d50   0x08000d50   0x00000030   Code   RO         1259    i.HAL_RCC_GetPCLK1Freq  stm32f3xx_hal_rcc.o
    0x08000d80   0x08000d80   0x0000006c   Code   RO         1261    i.HAL_RCC_GetSysClockFreq  stm32f3xx_hal_rcc.o
    0x08000dec   0x08000dec   0x000005c8   Code   RO         1264    i.HAL_RCC_OscConfig  stm32f3xx_hal_rcc.o
    0x080013b4   0x080013b4   0x000000ea   Code   RO         2108    i.HAL_SPI_Init      stm32f3xx_hal_spi.o
    0x0800149e   0x0800149e   0x00000002   PAD
    0x080014a0   0x080014a0   0x00000064   Code   RO          336    i.HAL_SPI_MspInit   stm32f3xx_hal_msp.o
    0x08001504   0x08001504   0x00000002   Code   RO         3164    i.HAL_TIMEx_Break2Callback  stm32f3xx_hal_tim_ex.o
    0x08001506   0x08001506   0x00000002   Code   RO         3165    i.HAL_TIMEx_BreakCallback  stm32f3xx_hal_tim_ex.o
    0x08001508   0x08001508   0x00000002   Code   RO         3166    i.HAL_TIMEx_CommutCallback  stm32f3xx_hal_tim_ex.o
    0x0800150a   0x0800150a   0x00000062   Code   RO         2450    i.HAL_TIM_Base_Init  stm32f3xx_hal_tim.o
    0x0800156c   0x0800156c   0x00000002   Code   RO         2452    i.HAL_TIM_Base_MspInit  stm32f3xx_hal_tim.o
    0x0800156e   0x0800156e   0x00000002   PAD
    0x08001570   0x08001570   0x00000078   Code   RO         2455    i.HAL_TIM_Base_Start_IT  stm32f3xx_hal_tim.o
    0x080015e8   0x080015e8   0x00000002   Code   RO         2484    i.HAL_TIM_IC_CaptureCallback  stm32f3xx_hal_tim.o
    0x080015ea   0x080015ea   0x00000184   Code   RO         2498    i.HAL_TIM_IRQHandler  stm32f3xx_hal_tim.o
    0x0800176e   0x0800176e   0x00000002   Code   RO         2501    i.HAL_TIM_OC_DelayElapsedCallback  stm32f3xx_hal_tim.o
    0x08001770   0x08001770   0x00000002   Code   RO         2528    i.HAL_TIM_PWM_PulseFinishedCallback  stm32f3xx_hal_tim.o
    0x08001772   0x08001772   0x00000002   PAD
    0x08001774   0x08001774   0x00000014   Code   RO           14    i.HAL_TIM_PeriodElapsedCallback  main.o
    0x08001788   0x08001788   0x00000002   Code   RO         2541    i.HAL_TIM_TriggerCallback  stm32f3xx_hal_tim.o
    0x0800178a   0x0800178a   0x00000002   Code   RO          250    i.HardFault_Handler  stm32f3xx_it.o
    0x0800178c   0x0800178c   0x000000b4   Code   RO           15    i.MX_GPIO_Init      main.o
    0x08001840   0x08001840   0x00000054   Code   RO           16    i.MX_I2C1_Init      main.o
    0x08001894   0x08001894   0x0000004c   Code   RO           17    i.MX_SPI1_Init      main.o
    0x080018e0   0x080018e0   0x00000002   Code   RO          251    i.MemManage_Handler  stm32f3xx_it.o
    0x080018e2   0x080018e2   0x00000002   Code   RO          252    i.NMI_Handler       stm32f3xx_it.o
    0x080018e4   0x080018e4   0x0000002c   Code   RO         4893    i.SysTick_Handler   port.o
    0x08001910   0x08001910   0x00000088   Code   RO           18    i.SystemClock_Config  main.o
    0x08001998   0x08001998   0x00000010   Code   RO         3717    i.SystemInit        system_stm32f3xx.o
    0x080019a8   0x080019a8   0x0000000c   Code   RO          256    i.TIM3_IRQHandler   stm32f3xx_it.o
    0x080019b4   0x080019b4   0x000000b0   Code   RO         2543    i.TIM_Base_SetConfig  stm32f3xx_hal_tim.o
    0x08001a64   0x08001a64   0x00000012   Code   RO          436    i.USB_DevInit       stm32f3xx_ll_usb.o
    0x08001a76   0x08001a76   0x0000000e   Code   RO          437    i.USB_DisableGlobalInt  stm32f3xx_ll_usb.o
    0x08001a84   0x08001a84   0x00000002   Code   RO          257    i.UsageFault_Handler  stm32f3xx_it.o
    0x08001a86   0x08001a86   0x00000020   Code   RO         1582    i.__NVIC_SetPriority  stm32f3xx_hal_cortex.o
    0x08001aa6   0x08001aa6   0x0000000e   Code   RO         4998    i.__scatterload_copy  mc_w.l(handlers.o)
    0x08001ab4   0x08001ab4   0x00000002   Code   RO         4999    i.__scatterload_null  mc_w.l(handlers.o)
    0x08001ab6   0x08001ab6   0x0000000e   Code   RO         5000    i.__scatterload_zeroinit  mc_w.l(handlers.o)
    0x08001ac4   0x08001ac4   0x00000026   Code   RO           19    i.check_stack       main.o
    0x08001aea   0x08001aea   0x00000002   PAD
    0x08001aec   0x08001aec   0x00000094   Code   RO           20    i.main              main.o
    0x08001b80   0x08001b80   0x00000078   Code   RO         4313    i.prvAddCurrentTaskToDelayedList  tasks.o
    0x08001bf8   0x08001bf8   0x000000f0   Code   RO         4314    i.prvAddNewTaskToReadyList  tasks.o
    0x08001ce8   0x08001ce8   0x00000058   Code   RO         4676    i.prvCheckForValidListAndQueue  timers.o
    0x08001d40   0x08001d40   0x00000026   Code   RO         3922    i.prvCopyDataFromQueue  queue.o
    0x08001d66   0x08001d66   0x00000022   Code   RO         4315    i.prvDeleteTCB      tasks.o
    0x08001d88   0x08001d88   0x0000004c   Code   RO         4837    i.prvHeapInit       heap_4.o
    0x08001dd4   0x08001dd4   0x00000064   Code   RO         4316    i.prvIdleTask       tasks.o
    0x08001e38   0x08001e38   0x00000022   Code   RO         3925    i.prvInitialiseNewQueue  queue.o
    0x08001e5a   0x08001e5a   0x00000002   PAD
    0x08001e5c   0x08001e5c   0x0000009c   Code   RO         4317    i.prvInitialiseNewTask  tasks.o
    0x08001ef8   0x08001ef8   0x0000004c   Code   RO         4838    i.prvInsertBlockIntoFreeList  heap_4.o
    0x08001f44   0x08001f44   0x00000038   Code   RO         4678    i.prvInsertTimerInActiveList  timers.o
    0x08001f7c   0x08001f7c   0x0000001c   Code   RO         3926    i.prvIsQueueEmpty   queue.o
    0x08001f98   0x08001f98   0x00000040   Code   RO         4679    i.prvProcessExpiredTimer  timers.o
    0x08001fd8   0x08001fd8   0x000000e4   Code   RO         4680    i.prvProcessReceivedCommands  timers.o
    0x080020bc   0x080020bc   0x0000006c   Code   RO         4681    i.prvProcessTimerOrBlockTask  timers.o
    0x08002128   0x08002128   0x00000028   Code   RO         4682    i.prvReloadTimer    timers.o
    0x08002150   0x08002150   0x0000001c   Code   RO         4319    i.prvResetNextTaskUnblockTime  tasks.o
    0x0800216c   0x0800216c   0x00000048   Code   RO         4683    i.prvSampleTimeNow  timers.o
    0x080021b4   0x080021b4   0x00000010   Code   RO         4894    i.prvTaskExitError  port.o
    0x080021c4   0x080021c4   0x00000024   Code   RO         4684    i.prvTimerTask      timers.o
    0x080021e8   0x080021e8   0x0000006a   Code   RO         3927    i.prvUnlockQueue    queue.o
    0x08002252   0x08002252   0x00000002   PAD
    0x08002254   0x08002254   0x000000b0   Code   RO         4839    i.pvPortMalloc      heap_4.o
    0x08002304   0x08002304   0x0000002c   Code   RO         4895    i.pxPortInitialiseStack  port.o
    0x08002330   0x08002330   0x00000026   Code   RO         3882    i.uxListRemove      list.o
    0x08002356   0x08002356   0x00000002   PAD
    0x08002358   0x08002358   0x00000014   Code   RO           21    i.vApplicationGetIdleTaskMemory  main.o
    0x0800236c   0x0800236c   0x00000014   Code   RO           22    i.vApplicationGetTimerTaskMemory  main.o
    0x08002380   0x08002380   0x0000002c   Code   RO           23    i.vApplicationIdleHook  main.o
    0x080023ac   0x080023ac   0x00000016   Code   RO         3883    i.vListInitialise   list.o
    0x080023c2   0x080023c2   0x00000006   Code   RO         3884    i.vListInitialiseItem  list.o
    0x080023c8   0x080023c8   0x00000030   Code   RO         3885    i.vListInsert       list.o
    0x080023f8   0x080023f8   0x0000001c   Code   RO         4897    i.vPortEnterCritical  port.o
    0x08002414   0x08002414   0x00000014   Code   RO         4898    i.vPortExitCritical  port.o
    0x08002428   0x08002428   0x00000044   Code   RO         4840    i.vPortFree         heap_4.o
    0x0800246c   0x0800246c   0x00000018   Code   RO         4899    i.vPortSetupTimerInterrupt  port.o
    0x08002484   0x08002484   0x0000003c   Code   RO         3933    i.vQueueAddToRegistry  queue.o
    0x080024c0   0x080024c0   0x00000044   Code   RO         3937    i.vQueueWaitForMessageRestricted  queue.o
    0x08002504   0x08002504   0x00000020   Code   RO           24    i.vTaskCode_DYNAMIC  main.o
    0x08002524   0x08002524   0x00000020   Code   RO           25    i.vTaskCode_STATIC  main.o
    0x08002544   0x08002544   0x00000030   Code   RO         4330    i.vTaskDelay        tasks.o
    0x08002574   0x08002574   0x00000010   Code   RO         4335    i.vTaskInternalSetTimeOutState  tasks.o
    0x08002584   0x08002584   0x0000000c   Code   RO         4336    i.vTaskMissedYield  tasks.o
    0x08002590   0x08002590   0x00000020   Code   RO         4337    i.vTaskPlaceOnEventList  tasks.o
    0x080025b0   0x080025b0   0x00000040   Code   RO         4338    i.vTaskPlaceOnEventListRestricted  tasks.o
    0x080025f0   0x080025f0   0x0000006c   Code   RO         4346    i.vTaskStartScheduler  tasks.o
    0x0800265c   0x0800265c   0x00000010   Code   RO         4348    i.vTaskSuspendAll   tasks.o
    0x0800266c   0x0800266c   0x00000050   Code   RO         4349    i.vTaskSwitchContext  tasks.o
    0x080026bc   0x080026bc   0x00000040   Code   RO         4900    i.xPortStartScheduler  port.o
    0x080026fc   0x080026fc   0x00000026   Code   RO         3943    i.xQueueGenericCreateStatic  queue.o
    0x08002722   0x08002722   0x00000002   PAD
    0x08002724   0x08002724   0x00000094   Code   RO         3944    i.xQueueGenericReset  queue.o
    0x080027b8   0x080027b8   0x000000f0   Code   RO         3953    i.xQueueReceive     queue.o
    0x080028a8   0x080028a8   0x00000058   Code   RO         4351    i.xTaskCheckForTimeOut  tasks.o
    0x08002900   0x08002900   0x0000005a   Code   RO         4352    i.xTaskCreate       tasks.o
    0x0800295a   0x0800295a   0x00000036   Code   RO         4353    i.xTaskCreateStatic  tasks.o
    0x08002990   0x08002990   0x0000000c   Code   RO         4361    i.xTaskGetTickCount  tasks.o
    0x0800299c   0x0800299c   0x000000fc   Code   RO         4363    i.xTaskIncrementTick  tasks.o
    0x08002a98   0x08002a98   0x000000c4   Code   RO         4366    i.xTaskRemoveFromEventList  tasks.o
    0x08002b5c   0x08002b5c   0x00000114   Code   RO         4367    i.xTaskResumeAll    tasks.o
    0x08002c70   0x08002c70   0x00000054   Code   RO         4693    i.xTimerCreateTimerTask  timers.o
    0x08002cc4   0x08002cc4   0x00000020   Data   RO         1265    .constdata          stm32f3xx_hal_rcc.o
    0x08002ce4   0x08002ce4   0x00000010   Data   RO         3718    .constdata          system_stm32f3xx.o
    0x08002cf4   0x08002cf4   0x00000008   Data   RO         3719    .constdata          system_stm32f3xx.o
    0x08002cfc   0x08002cfc   0x00000020   Data   RO         4996    Region$$Table       anon$$obj.o


    Execution Region RW_IRAM2 (Exec base: 0x10000000, Load base: 0x08002dac, Size: 0x00000000, Max: 0x00002000, ABSOLUTE)

    **** No section assigned to this execution region ****


    Execution Region RW_IRAM1 (Exec base: 0x20000000, Load base: 0x08002d1c, Size: 0x00005950, Max: 0x0000a000, ABSOLUTE)

    Exec Addr    Load Addr    Size         Type   Attr      Idx    E Section Name        Object

    0x20000000   0x08002d1c   0x00000008   Data   RW           27    .data               main.o
    0x20000008   0x08002d24   0x0000000c   Data   RW         1102    .data               stm32f3xx_hal.o
    0x20000014   0x08002d30   0x00000004   Data   RW         3720    .data               system_stm32f3xx.o
    0x20000018   0x08002d34   0x00000040   Data   RW         4370    .data               tasks.o
    0x20000058   0x08002d74   0x00000014   Data   RW         4702    .data               timers.o
    0x2000006c   0x08002d88   0x00000020   Data   RW         4846    .data               heap_4.o
    0x2000008c   0x08002da8   0x00000004   Data   RW         4901    .data               port.o
    0x20000090        -       0x00000a40   Zero   RW           26    .bss                main.o
    0x20000ad0        -       0x0000004c   Zero   RW          393    .bss                stm32f3xx_hal_timebase_tim.o
    0x20000b1c        -       0x00000050   Zero   RW         3957    .bss                queue.o
    0x20000b6c        -       0x000000c8   Zero   RW         4369    .bss                tasks.o
    0x20000c34        -       0x00000118   Zero   RW         4701    .bss                timers.o
    0x20000d4c        -       0x00004400   Zero   RW         4845    .bss                heap_4.o
    0x2000514c   0x08002dac   0x00000004   PAD
    0x20005150        -       0x00000800   Zero   RW            1    STACK               startup_stm32f303xc.o


==============================================================================

Image component sizes


      Code (inc. data)   RO Data    RW Data    ZI Data      Debug   Object Name

         0          0          0          0          0      22332   event_groups.o
       396         24          0         32      17408       3943   heap_4.o
       114          0          0          0          0      10925   list.o
       830        112          0          8       2624     629243   main.o
       430         50          0          4          0       9116   port.o
       760         14          0          0         80      11841   queue.o
        36          8        392          0       2048        844   startup_stm32f303xc.o
        64         14          0         12          0      12154   stm32f3xx_hal.o
       158         14          0          0          0      33198   stm32f3xx_hal_cortex.o
       490         30          0          0          0       2941   stm32f3xx_hal_gpio.o
       184          6          0          0          0       2875   stm32f3xx_hal_i2c.o
       168          0          0          0          0       1935   stm32f3xx_hal_i2c_ex.o
       344         36          0          0          0       3084   stm32f3xx_hal_msp.o
       166          0          0          0          0       1468   stm32f3xx_hal_pcd.o
      2028         72         32          0          0       5938   stm32f3xx_hal_rcc.o
       536         14          0          0          0       1600   stm32f3xx_hal_rcc_ex.o
       234          0          0          0          0       1263   stm32f3xx_hal_spi.o
       792         56          0          0          0       7500   stm32f3xx_hal_tim.o
         6          0          0          0          0       2192   stm32f3xx_hal_tim_ex.o
       116         16          0          0         76       1451   stm32f3xx_hal_timebase_tim.o
        24          6          0          0          0       3315   stm32f3xx_it.o
        32          0          0          0          0       1808   stm32f3xx_ll_usb.o
        16          4         24          4          0       1151   system_stm32f3xx.o
      2022        140          0         64        200      39355   tasks.o
       776         80          0         20        280      13288   timers.o

    ----------------------------------------------------------------------
     10746        696        480        144      22720     824760   Object Totals
         0          0         32          0          0          0   (incl. Generated)
        24          0          0          0          4          0   (incl. Padding)

    ----------------------------------------------------------------------

      Code (inc. data)   RO Data    RW Data    ZI Data      Debug   Library Member Name

         0          0          0          0          0          0   entry.o
         0          0          0          0          0          0   entry10a.o
         0          0          0          0          0          0   entry11a.o
         4          0          0          0          0          0   entry12b.o
         8          4          0          0          0          0   entry2.o
         4          0          0          0          0          0   entry5.o
         0          0          0          0          0          0   entry7b.o
         0          0          0          0          0          0   entry8b.o
         8          4          0          0          0          0   entry9a.o
        30          0          0          0          0          0   handlers.o
        36          8          0          0          0         68   init.o
        30          0          0          0          0         68   llshl.o
        32          0          0          0          0         68   llushr.o
        36          0          0          0          0         68   memcpya.o
        36          0          0          0          0        108   memseta.o
        98          0          0          0          0         92   uldiv.o

    ----------------------------------------------------------------------
       322         16          0          0          0        472   Library Totals
         0          0          0          0          0          0   (incl. Padding)

    ----------------------------------------------------------------------

      Code (inc. data)   RO Data    RW Data    ZI Data      Debug   Library Name

       322         16          0          0          0        472   mc_w.l

    ----------------------------------------------------------------------
       322         16          0          0          0        472   Library Totals

    ----------------------------------------------------------------------

==============================================================================


      Code (inc. data)   RO Data    RW Data    ZI Data      Debug   

     11068        712        480        144      22720     814580   Grand Totals
     11068        712        480        144      22720     814580   ELF Image Totals
     11068        712        480        144          0          0   ROM Totals

==============================================================================

    Total RO  Size (Code + RO Data)                11548 (  11.28kB)
    Total RW  Size (RW Data + ZI Data)             22864 (  22.33kB)
    Total ROM Size (Code + RO Data + RW Data)      11692 (  11.42kB)

==============================================================================

